Component: ARM Compiler 5.06 update 3 (build 300) Tool: armlink [4d35c9]

==============================================================================

Section Cross References

    main.o(i.CPU_CACHE_Enable) refers to main.o(i.SCB_EnableDCache) for SCB_EnableDCache
    main.o(i.CSMACA_PBFT) refers to btim.o(i.btim_tim5_int_init) for btim_tim5_int_init
    main.o(i.CSMACA_PBFT) refers to btim.o(i.btim_tim2_int_init) for btim_tim2_int_init
    main.o(i.CSMACA_PBFT) refers to btim.o(i.btim_tim9_int_init) for btim_tim9_int_init
    main.o(i.CSMACA_PBFT) refers to tendermint2.o(i.tendermint2) for tendermint2
    main.o(i.MPU_Config) refers to stm32f7xx_hal_cortex.o(i.HAL_MPU_Disable) for HAL_MPU_Disable
    main.o(i.MPU_Config) refers to stm32f7xx_hal_cortex.o(i.HAL_MPU_ConfigRegion) for HAL_MPU_ConfigRegion
    main.o(i.MPU_Config) refers to stm32f7xx_hal_cortex.o(i.HAL_MPU_Enable) for HAL_MPU_Enable
    main.o(i.SystemClock_Config) refers to stm32f7xx_hal_rcc.o(i.HAL_RCC_OscConfig) for HAL_RCC_OscConfig
    main.o(i.SystemClock_Config) refers to stm32f7xx_hal_pwr_ex.o(i.HAL_PWREx_EnableOverDrive) for HAL_PWREx_EnableOverDrive
    main.o(i.SystemClock_Config) refers to stm32f7xx_hal_rcc.o(i.HAL_RCC_ClockConfig) for HAL_RCC_ClockConfig
    main.o(i.init_public_key) refers to delay.o(i.delay_ms) for delay_ms
    main.o(i.init_public_key) refers to rng.o(i.RNG_Init) for RNG_Init
    main.o(i.init_public_key) refers to main.o(i.Sixteen2Ten) for Sixteen2Ten
    main.o(i.init_public_key) refers to uecc.o(i.uECC_secp192r1) for uECC_secp192r1
    main.o(i.init_public_key) refers to uecc.o(i.uECC_set_rng) for uECC_set_rng
    main.o(i.init_public_key) refers to main.o(.data) for public_key_string
    main.o(i.init_public_key) refers to main.o(.bss) for public_key
    main.o(i.init_public_key) refers to tendermint2.o(.bss) for curves
    main.o(i.init_public_key) refers to main.o(i.my_RNG) for my_RNG
    main.o(i.main) refers to main.o(i.MPU_Config) for MPU_Config
    main.o(i.main) refers to main.o(i.CPU_CACHE_Enable) for CPU_CACHE_Enable
    main.o(i.main) refers to stm32f7xx_hal.o(i.HAL_Init) for HAL_Init
    main.o(i.main) refers to main.o(i.SystemClock_Config) for SystemClock_Config
    main.o(i.main) refers to delay.o(i.delay_init) for delay_init
    main.o(i.main) refers to led.o(i.LED_Init) for LED_Init
    main.o(i.main) refers to tasks.o(i.xTaskCreate) for xTaskCreate
    main.o(i.main) refers to tasks.o(i.vTaskStartScheduler) for vTaskStartScheduler
    main.o(i.main) refers to main.o(.data) for StartTask_Handler
    main.o(i.main) refers to main.o(i.start_task) for start_task
    main.o(i.my_RNG) refers to rng.o(i.RNG_Get_RandomNum) for RNG_Get_RandomNum
    main.o(i.run_slow) refers to sys.o(i.GPIO_Pin_Set) for GPIO_Pin_Set
    main.o(i.setup) refers to sys.o(i.GPIO_Set) for GPIO_Set
    main.o(i.spin) refers to sys.o(i.GPIO_Pin_Set) for GPIO_Pin_Set
    main.o(i.start_task) refers to port.o(i.vPortEnterCritical) for vPortEnterCritical
    main.o(i.start_task) refers to tasks.o(i.xTaskCreate) for xTaskCreate
    main.o(i.start_task) refers to tasks.o(i.vTaskDelete) for vTaskDelete
    main.o(i.start_task) refers to port.o(i.vPortExitCritical) for vPortExitCritical
    main.o(i.start_task) refers to main.o(.data) for CSMACA_PBFT_Task_Handler
    main.o(i.start_task) refers to main.o(i.CSMACA_PBFT) for CSMACA_PBFT
    main.o(i.stop) refers to sys.o(i.GPIO_Pin_Set) for GPIO_Pin_Set
    stm32f7xx_nucleo_144.o(i.BSP_LED_DeInit) refers to stm32f7xx_hal_gpio.o(i.HAL_GPIO_WritePin) for HAL_GPIO_WritePin
    stm32f7xx_nucleo_144.o(i.BSP_LED_DeInit) refers to stm32f7xx_hal_gpio.o(i.HAL_GPIO_DeInit) for HAL_GPIO_DeInit
    stm32f7xx_nucleo_144.o(i.BSP_LED_DeInit) refers to stm32f7xx_nucleo_144.o(.constdata) for GPIO_PIN
    stm32f7xx_nucleo_144.o(i.BSP_LED_DeInit) refers to stm32f7xx_nucleo_144.o(.data) for GPIO_PORT
    stm32f7xx_nucleo_144.o(i.BSP_LED_Init) refers to stm32f7xx_hal_gpio.o(i.HAL_GPIO_Init) for HAL_GPIO_Init
    stm32f7xx_nucleo_144.o(i.BSP_LED_Init) refers to stm32f7xx_hal_gpio.o(i.HAL_GPIO_WritePin) for HAL_GPIO_WritePin
    stm32f7xx_nucleo_144.o(i.BSP_LED_Init) refers to stm32f7xx_nucleo_144.o(.constdata) for GPIO_PIN
    stm32f7xx_nucleo_144.o(i.BSP_LED_Init) refers to stm32f7xx_nucleo_144.o(.data) for GPIO_PORT
    stm32f7xx_nucleo_144.o(i.BSP_LED_Off) refers to stm32f7xx_hal_gpio.o(i.HAL_GPIO_WritePin) for HAL_GPIO_WritePin
    stm32f7xx_nucleo_144.o(i.BSP_LED_Off) refers to stm32f7xx_nucleo_144.o(.constdata) for GPIO_PIN
    stm32f7xx_nucleo_144.o(i.BSP_LED_Off) refers to stm32f7xx_nucleo_144.o(.data) for GPIO_PORT
    stm32f7xx_nucleo_144.o(i.BSP_LED_On) refers to stm32f7xx_hal_gpio.o(i.HAL_GPIO_WritePin) for HAL_GPIO_WritePin
    stm32f7xx_nucleo_144.o(i.BSP_LED_On) refers to stm32f7xx_nucleo_144.o(.constdata) for GPIO_PIN
    stm32f7xx_nucleo_144.o(i.BSP_LED_On) refers to stm32f7xx_nucleo_144.o(.data) for GPIO_PORT
[...]
    .data                                    0x20020f6c   Section        4  system_stm32f7xx.o(.data)
    .data                                    0x20020f70   Section       86  tendermint2.o(.data)
    .data                                    0x20020fc8   Section        4  uecc.o(.data)
    g_rng_function                           0x20020fc8   Data           4  uecc.o(.data)
    .bss                                     0x20020fcc   Section     1920  main.o(.bss)
    .bss                                     0x2002174c   Section      336  usart.o(.bss)
    .bss                                     0x2002189c   Section       16  rng.o(.bss)
    .bss                                     0x200218ac   Section      380  btim.o(.bss)
    .bss                                     0x20021a28   Section     2184  usart3.o(.bss)
    .bss                                     0x200222b0   Section       64  queue.o(.bss)
    .bss                                     0x200222f0   Section      740  tasks.o(.bss)
    pxReadyTasksLists                        0x200222f0   Data         640  tasks.o(.bss)
    xDelayedTaskList1                        0x20022570   Data          20  tasks.o(.bss)
    xDelayedTaskList2                        0x20022584   Data          20  tasks.o(.bss)
    xPendingReadyList                        0x20022598   Data          20  tasks.o(.bss)
    xTasksWaitingTermination                 0x200225ac   Data          20  tasks.o(.bss)
    xSuspendedTaskList                       0x200225c0   Data          20  tasks.o(.bss)
    .bss                                     0x200225d4   Section       40  timers.o(.bss)
    xActiveTimerList1                        0x200225d4   Data          20  timers.o(.bss)
    xActiveTimerList2                        0x200225e8   Data          20  timers.o(.bss)
    .bss                                     0x200225fc   Section    47104  heap_4.o(.bss)
    ucHeap                                   0x200225fc   Data       47104  heap_4.o(.bss)
    .bss                                     0x2002ddfc   Section      870  mw1268_app.o(.bss)
    gpio_init_struct                         0x2002ddfc   Data          20  mw1268_app.o(.bss)
    Lora_Cfgbuff                             0x2002de10   Data          20  mw1268_app.o(.bss)
    .bss                                     0x2002e164   Section     3080  tendermint2.o(.bss)
    STACK                                    0x2002ed70   Section     4096  startup_stm32f767xx.o(STACK)

    Global Symbols

    Symbol Name                              Value     Ov Type        Size  Object(Section)

    BuildAttributes$$THM_ISAv4$E$P$D$K$B$S$7EM$VFPv5_D16$PE$PLD8$A:L22UL41UL21$X:L11$S22US41US21$IEEE1$IW$USESV6$~STKCKD$USESV7$~SHL$OSPACE$ROPI$EBA8$MICROLIB$REQ8$PRES8$EABIv2 0x00000000   Number         0  anon$$obj.o ABSOLUTE
    __ARM_use_no_argv                        0x00000000   Number         0  main.o ABSOLUTE
    __use_no_errno                           0x00000000   Number         0  useno.o ABSOLUTE
    __use_no_exception_handling              0x00000000   Number         0  useno.o ABSOLUTE
    __use_no_fp                              0x00000000   Number         0  useno.o ABSOLUTE
    __use_no_heap                            0x00000000   Number         0  useno.o ABSOLUTE
    __use_no_heap_region                     0x00000000   Number         0  useno.o ABSOLUTE
    __use_no_semihosting                     0x00000000   Number         0  useno.o ABSOLUTE
    __use_no_semihosting_swi                 0x00000000   Number         0  useno.o ABSOLUTE
    __use_no_signal_handling                 0x00000000   Number         0  useno.o ABSOLUTE
    _printf_a                                0x00000000   Number         0  stubs.o ABSOLUTE
    _printf_c                                0x00000000   Number         0  stubs.o ABSOLUTE
    _printf_charcount                        0x00000000   Number         0  stubs.o ABSOLUTE
    _printf_d                                0x00000000   Number         0  stubs.o ABSOLUTE
    _printf_e                                0x00000000   Number         0  stubs.o ABSOLUTE
    _printf_f                                0x00000000   Number         0  stubs.o ABSOLUTE
    _printf_flags                            0x00000000   Number         0  stubs.o ABSOLUTE
    _printf_fp_dec                           0x00000000   Number         0  stubs.o ABSOLUTE
    _printf_fp_hex                           0x00000000   Number         0  stubs.o ABSOLUTE
    _printf_g                                0x00000000   Number         0  stubs.o ABSOLUTE
    _printf_i                                0x00000000   Number         0  stubs.o ABSOLUTE
    _printf_int_dec                          0x00000000   Number         0  stubs.o ABSOLUTE
    _printf_l                                0x00000000   Number         0  stubs.o ABSOLUTE
    _printf_lc                               0x00000000   Number         0  stubs.o ABSOLUTE
    _printf_ll                               0x00000000   Number         0  stubs.o ABSOLUTE
    _printf_lld                              0x00000000   Number         0  stubs.o ABSOLUTE
    _printf_lli                              0x00000000   Number         0  stubs.o ABSOLUTE
    _printf_llo                              0x00000000   Number         0  stubs.o ABSOLUTE
    _printf_llu                              0x00000000   Number         0  stubs.o ABSOLUTE
    _printf_llx                              0x00000000   Number         0  stubs.o ABSOLUTE
    _printf_longlong_dec                     0x00000000   Number         0  stubs.o ABSOLUTE
    _printf_longlong_hex                     0x00000000   Number         0  stubs.o ABSOLUTE
    _printf_longlong_oct                     0x00000000   Number         0  stubs.o ABSOLUTE
    _printf_ls                               0x00000000   Number         0  stubs.o ABSOLUTE
    _printf_mbtowc                           0x00000000   Number         0  stubs.o ABSOLUTE
    _printf_n                                0x00000000   Number         0  stubs.o ABSOLUTE
    _printf_o                                0x00000000   Number         0  stubs.o ABSOLUTE
    _printf_p                                0x00000000   Number         0  stubs.o ABSOLUTE
    _printf_percent                          0x00000000   Number         0  stubs.o ABSOLUTE
    _printf_pre_padding                      0x00000000   Number         0  stubs.o ABSOLUTE
    _printf_return_value                     0x00000000   Number         0  stubs.o ABSOLUTE
    _printf_s                                0x00000000   Number         0  stubs.o ABSOLUTE
    _printf_sizespec                         0x00000000   Number         0  stubs.o ABSOLUTE
    _printf_str                              0x00000000   Number         0  stubs.o ABSOLUTE
    _printf_truncate_signed                  0x00000000   Number         0  stubs.o ABSOLUTE
    _printf_truncate_unsigned                0x00000000   Number         0  stubs.o ABSOLUTE
    _printf_u                                0x00000000   Number         0  stubs.o ABSOLUTE
    _printf_wc                               0x00000000   Number         0  stubs.o ABSOLUTE
    _printf_wctomb                           0x00000000   Number         0  stubs.o ABSOLUTE
    _printf_widthprec                        0x00000000   Number         0  stubs.o ABSOLUTE
    _printf_x                                0x00000000   Number         0  stubs.o ABSOLUTE
    __cpp_initialize__aeabi_                  - Undefined Weak Reference
    __cxa_finalize                            - Undefined Weak Reference
    _clock_init                               - Undefined Weak Reference
    _microlib_exit                            - Undefined Weak Reference
    __Vectors_Size                           0x000001f8   Number         0  startup_stm32f767xx.o ABSOLUTE
    __Vectors                                0x08000000   Data           4  startup_stm32f767xx.o(RESET)
    __Vectors_End                            0x080001f8   Data           0  startup_stm32f767xx.o(RESET)
    __main                                   0x080001f9   Thumb Code     0  entry.o(.ARM.Collect$$$$00000000)
    _main_stk                                0x080001f9   Thumb Code     0  entry2.o(.ARM.Collect$$$$00000001)
    _main_scatterload                        0x080001fd   Thumb Code     0  entry5.o(.ARM.Collect$$$$00000004)
    __main_after_scatterload                 0x08000201   Thumb Code     0  entry5.o(.ARM.Collect$$$$00000004)
    _main_clock                              0x08000201   Thumb Code     0  entry7b.o(.ARM.Collect$$$$00000008)
    _main_cpp_init                           0x08000201   Thumb Code     0  entry8b.o(.ARM.Collect$$$$0000000A)
    _main_init                               0x08000201   Thumb Code     0  entry9a.o(.ARM.Collect$$$$0000000B)
    __rt_final_cpp                           0x08000209   Thumb Code     0  entry10a.o(.ARM.Collect$$$$0000000D)
    __rt_final_exit                          0x08000209   Thumb Code     0  entry11a.o(.ARM.Collect$$$$0000000F)
    SVC_Handler                              0x0800020d   Thumb Code    28  port.o(.emb_text)
    __asm___6_port_c_39a90d8d__prvStartFirstTask 0x0800022d   Thumb Code    28  port.o(.emb_text)
    __asm___6_port_c_39a90d8d__prvEnableVFP  0x0800024d   Thumb Code    16  port.o(.emb_text)
    PendSV_Handler                           0x08000261   Thumb Code    92  port.o(.emb_text)
    vPortGetIPSR                             0x080002c1   Thumb Code     6  port.o(.emb_text)
    Reset_Handler                            0x080002c9   Thumb Code     8  startup_stm32f767xx.o(.text)
    ADC_IRQHandler                           0x080002e3   Thumb Code     0  startup_stm32f767xx.o(.text)
    CAN1_RX0_IRQHandler                      0x080002e3   Thumb Code     0  startup_stm32f767xx.o(.text)
    CAN1_RX1_IRQHandler                      0x080002e3   Thumb Code     0  startup_stm32f767xx.o(.text)
    CAN1_SCE_IRQHandler                      0x080002e3   Thumb Code     0  startup_stm32f767xx.o(.text)
    CAN1_TX_IRQHandler                       0x080002e3   Thumb Code     0  startup_stm32f767xx.o(.text)
    CAN2_RX0_IRQHandler                      0x080002e3   Thumb Code     0  startup_stm32f767xx.o(.text)
    CAN2_RX1_IRQHandler                      0x080002e3   Thumb Code     0  startup_stm32f767xx.o(.text)
    CAN2_SCE_IRQHandler                      0x080002e3   Thumb Code     0  startup_stm32f767xx.o(.text)
    CAN2_TX_IRQHandler                       0x080002e3   Thumb Code     0  startup_stm32f767xx.o(.text)
    CAN3_RX0_IRQHandler                      0x080002e3   Thumb Code     0  startup_stm32f767xx.o(.text)
    CAN3_RX1_IRQHandler                      0x080002e3   Thumb Code     0  startup_stm32f767xx.o(.text)
    CAN3_SCE_IRQHandler                      0x080002e3   Thumb Code     0  startup_stm32f767xx.o(.text)
    CAN3_TX_IRQHandler                       0x080002e3   Thumb Code     0  startup_stm32f767xx.o(.text)
    CEC_IRQHandler                           0x080002e3   Thumb Code     0  startup_stm32f767xx.o(.text)
    DCMI_IRQHandler                          0x080002e3   Thumb Code     0  startup_stm32f767xx.o(.text)
    DFSDM1_FLT0_IRQHandler                   0x080002e3   Thumb Code     0  startup_stm32f767xx.o(.text)
    DFSDM1_FLT1_IRQHandler                   0x080002e3   Thumb Code     0  startup_stm32f767xx.o(.text)
    DFSDM1_FLT2_IRQHandler                   0x080002e3   Thumb Code     0  startup_stm32f767xx.o(.text)
    DFSDM1_FLT3_IRQHandler                   0x080002e3   Thumb Code     0  startup_stm32f767xx.o(.text)
    DMA1_Stream0_IRQHandler                  0x080002e3   Thumb Code     0  startup_stm32f767xx.o(.text)
    DMA1_Stream1_IRQHandler                  0x080002e3   Thumb Code     0  startup_stm32f767xx.o(.text)
    DMA1_Stream2_IRQHandler                  0x080002e3   Thumb Code     0  startup_stm32f767xx.o(.text)
    DMA1_Stream3_IRQHandler                  0x080002e3   Thumb Code     0  startup_stm32f767xx.o(.text)
    DMA1_Stream4_IRQHandler                  0x080002e3   Thumb Code     0  startup_stm32f767xx.o(.text)
    DMA1_Stream5_IRQHandler                  0x080002e3   Thumb Code     0  startup_stm32f767xx.o(.text)
    DMA1_Stream6_IRQHandler                  0x080002e3   Thumb Code     0  startup_stm32f767xx.o(.text)
    DMA1_Stream7_IRQHandler                  0x080002e3   Thumb Code     0  startup_stm32f767xx.o(.text)
    DMA2D_IRQHandler                         0x080002e3   Thumb Code     0  startup_stm32f767xx.o(.text)
    DMA2_Stream0_IRQHandler                  0x080002e3   Thumb Code     0  startup_stm32f767xx.o(.text)
    DMA2_Stream1_IRQHandler                  0x080002e3   Thumb Code     0  startup_stm32f767xx.o(.text)
    DMA2_Stream2_IRQHandler                  0x080002e3   Thumb Code     0  startup_stm32f767xx.o(.text)
    DMA2_Stream3_IRQHandler                  0x080002e3   Thumb Code     0  startup_stm32f767xx.o(.text)
    DMA2_Stream4_IRQHandler                  0x080002e3   Thumb Code     0  startup_stm32f767xx.o(.text)
    DMA2_Stream5_IRQHandler                  0x080002e3   Thumb Code     0  startup_stm32f767xx.o(.text)
    DMA2_Stream6_IRQHandler                  0x080002e3   Thumb Code     0  startup_stm32f767xx.o(.text)
    DMA2_Stream7_IRQHandler                  0x080002e3   Thumb Code     0  startup_stm32f767xx.o(.text)
    ETH_IRQHandler                           0x080002e3   Thumb Code     0  startup_stm32f767xx.o(.text)
    ETH_WKUP_IRQHandler                      0x080002e3   Thumb Code     0  startup_stm32f767xx.o(.text)
    EXTI0_IRQHandler                         0x080002e3   Thumb Code     0  startup_stm32f767xx.o(.text)
    EXTI1_IRQHandler                         0x080002e3   Thumb Code     0  startup_stm32f767xx.o(.text)
    EXTI2_IRQHandler                         0x080002e3   Thumb Code     0  startup_stm32f767xx.o(.text)
    EXTI3_IRQHandler                         0x080002e3   Thumb Code     0  startup_stm32f767xx.o(.text)
    EXTI4_IRQHandler                         0x080002e3   Thumb Code     0  startup_stm32f767xx.o(.text)
    EXTI9_5_IRQHandler                       0x080002e3   Thumb Code     0  startup_stm32f767xx.o(.text)
    FLASH_IRQHandler                         0x080002e3   Thumb Code     0  startup_stm32f767xx.o(.text)
    FMC_IRQHandler                           0x080002e3   Thumb Code     0  startup_stm32f767xx.o(.text)
    FPU_IRQHandler                           0x080002e3   Thumb Code     0  startup_stm32f767xx.o(.text)
    I2C1_ER_IRQHandler                       0x080002e3   Thumb Code     0  startup_stm32f767xx.o(.text)
    I2C1_EV_IRQHandler                       0x080002e3   Thumb Code     0  startup_stm32f767xx.o(.text)
    I2C2_ER_IRQHandler                       0x080002e3   Thumb Code     0  startup_stm32f767xx.o(.text)
    I2C2_EV_IRQHandler                       0x080002e3   Thumb Code     0  startup_stm32f767xx.o(.text)
    I2C3_ER_IRQHandler                       0x080002e3   Thumb Code     0  startup_stm32f767xx.o(.text)
    I2C3_EV_IRQHandler                       0x080002e3   Thumb Code     0  startup_stm32f767xx.o(.text)
    I2C4_ER_IRQHandler                       0x080002e3   Thumb Code     0  startup_stm32f767xx.o(.text)
    I2C4_EV_IRQHandler                       0x080002e3   Thumb Code     0  startup_stm32f767xx.o(.text)
    JPEG_IRQHandler                          0x080002e3   Thumb Code     0  startup_stm32f767xx.o(.text)
    LPTIM1_IRQHandler                        0x080002e3   Thumb Code     0  startup_stm32f767xx.o(.text)
    LTDC_ER_IRQHandler                       0x080002e3   Thumb Code     0  startup_stm32f767xx.o(.text)
    LTDC_IRQHandler                          0x080002e3   Thumb Code     0  startup_stm32f767xx.o(.text)
    MDIOS_IRQHandler                         0x080002e3   Thumb Code     0  startup_stm32f767xx.o(.text)
    OTG_FS_IRQHandler                        0x080002e3   Thumb Code     0  startup_stm32f767xx.o(.text)
    OTG_FS_WKUP_IRQHandler                   0x080002e3   Thumb Code     0  startup_stm32f767xx.o(.text)
    OTG_HS_EP1_IN_IRQHandler                 0x080002e3   Thumb Code     0  startup_stm32f767xx.o(.text)
    OTG_HS_EP1_OUT_IRQHandler                0x080002e3   Thumb Code     0  startup_stm32f767xx.o(.text)
    OTG_HS_IRQHandler                        0x080002e3   Thumb Code     0  startup_stm32f767xx.o(.text)
    OTG_HS_WKUP_IRQHandler                   0x080002e3   Thumb Code     0  startup_stm32f767xx.o(.text)
    PVD_IRQHandler                           0x080002e3   Thumb Code     0  startup_stm32f767xx.o(.text)
    QUADSPI_IRQHandler                       0x080002e3   Thumb Code     0  startup_stm32f767xx.o(.text)
    RCC_IRQHandler                           0x080002e3   Thumb Code     0  startup_stm32f767xx.o(.text)
    RNG_IRQHandler                           0x080002e3   Thumb Code     0  startup_stm32f767xx.o(.text)
    RTC_Alarm_IRQHandler                     0x080002e3   Thumb Code     0  startup_stm32f767xx.o(.text)
    RTC_WKUP_IRQHandler                      0x080002e3   Thumb Code     0  startup_stm32f767xx.o(.text)
    SAI1_IRQHandler                          0x080002e3   Thumb Code     0  startup_stm32f767xx.o(.text)
    SAI2_IRQHandler                          0x080002e3   Thumb Code     0  startup_stm32f767xx.o(.text)
    SDMMC1_IRQHandler                        0x080002e3   Thumb Code     0  startup_stm32f767xx.o(.text)
    SDMMC2_IRQHandler                        0x080002e3   Thumb Code     0  startup_stm32f767xx.o(.text)
    SPDIF_RX_IRQHandler                      0x080002e3   Thumb Code     0  startup_stm32f767xx.o(.text)
    SPI1_IRQHandler                          0x080002e3   Thumb Code     0  startup_stm32f767xx.o(.text)
    SPI2_IRQHandler                          0x080002e3   Thumb Code     0  startup_stm32f767xx.o(.text)
    SPI3_IRQHandler                          0x080002e3   Thumb Code     0  startup_stm32f767xx.o(.text)
    SPI4_IRQHandler                          0x080002e3   Thumb Code     0  startup_stm32f767xx.o(.text)
    SPI5_IRQHandler                          0x080002e3   Thumb Code     0  startup_stm32f767xx.o(.text)
    SPI6_IRQHandler                          0x080002e3   Thumb Code     0  startup_stm32f767xx.o(.text)
    TAMP_STAMP_IRQHandler                    0x080002e3   Thumb Code     0  startup_stm32f767xx.o(.text)
    TIM1_CC_IRQHandler                       0x080002e3   Thumb Code     0  startup_stm32f767xx.o(.text)
    TIM1_TRG_COM_TIM11_IRQHandler            0x080002e3   Thumb Code     0  startup_stm32f767xx.o(.text)
    TIM3_IRQHandler                          0x080002e3   Thumb Code     0  startup_stm32f767xx.o(.text)
    TIM4_IRQHandler                          0x080002e3   Thumb Code     0  startup_stm32f767xx.o(.text)
    TIM6_DAC_IRQHandler                      0x080002e3   Thumb Code     0  startup_stm32f767xx.o(.text)
    TIM8_BRK_TIM12_IRQHandler                0x080002e3   Thumb Code     0  startup_stm32f767xx.o(.text)
    TIM8_CC_IRQHandler                       0x080002e3   Thumb Code     0  startup_stm32f767xx.o(.text)
    TIM8_TRG_COM_TIM14_IRQHandler            0x080002e3   Thumb Code     0  startup_stm32f767xx.o(.text)
    TIM8_UP_TIM13_IRQHandler                 0x080002e3   Thumb Code     0  startup_stm32f767xx.o(.text)
    UART4_IRQHandler                         0x080002e3   Thumb Code     0  startup_stm32f767xx.o(.text)
    UART5_IRQHandler                         0x080002e3   Thumb Code     0  startup_stm32f767xx.o(.text)
    UART7_IRQHandler                         0x080002e3   Thumb Code     0  startup_stm32f767xx.o(.text)
    UART8_IRQHandler                         0x080002e3   Thumb Code     0  startup_stm32f767xx.o(.text)
    USART2_IRQHandler                        0x080002e3   Thumb Code     0  startup_stm32f767xx.o(.text)
    USART6_IRQHandler                        0x080002e3   Thumb Code     0  startup_stm32f767xx.o(.text)
    WWDG_IRQHandler                          0x080002e3   Thumb Code     0  startup_stm32f767xx.o(.text)
    __aeabi_uldivmod                         0x080002ed   Thumb Code    98  uldiv.o(.text)
    __aeabi_memcpy                           0x0800034f   Thumb Code    36  memcpya.o(.text)
    __aeabi_memcpy4                          0x0800034f   Thumb Code     0  memcpya.o(.text)
    __aeabi_memcpy8                          0x0800034f   Thumb Code     0  memcpya.o(.text)
    __aeabi_memset                           0x08000373   Thumb Code    14  memseta.o(.text)
    __aeabi_memset4                          0x08000373   Thumb Code     0  memseta.o(.text)
    __aeabi_memset8                          0x08000373   Thumb Code     0  memseta.o(.text)
    __aeabi_memclr                           0x08000381   Thumb Code     4  memseta.o(.text)
    __aeabi_memclr4                          0x08000381   Thumb Code     0  memseta.o(.text)
    __aeabi_memclr8                          0x08000381   Thumb Code     0  memseta.o(.text)
    _memset$wrapper                          0x08000385   Thumb Code    18  memseta.o(.text)
    strstr                                   0x08000397   Thumb Code    36  strstr.o(.text)
    strlen                                   0x080003bb   Thumb Code    14  strlen.o(.text)
    __aeabi_uidiv                            0x080003c9   Thumb Code     0  uidiv.o(.text)
    __aeabi_uidivmod                         0x080003c9   Thumb Code    44  uidiv.o(.text)
    __aeabi_llsl                             0x080003f5   Thumb Code    30  llshl.o(.text)
    _ll_shift_l                              0x080003f5   Thumb Code     0  llshl.o(.text)
    __aeabi_llsr                             0x08000413   Thumb Code    32  llushr.o(.text)
    _ll_ushift_r                             0x08000413   Thumb Code     0  llushr.o(.text)
    __I$use$fp                               0x08000433   Thumb Code     0  iusefp.o(.text)
    __aeabi_dadd                             0x08000433   Thumb Code   322  dadd.o(.text)
    __aeabi_dsub                             0x08000575   Thumb Code     6  dadd.o(.text)
    __aeabi_drsub                            0x0800057b   Thumb Code     6  dadd.o(.text)
    __aeabi_dmul                             0x08000581   Thumb Code   228  dmul.o(.text)
    __aeabi_ddiv                             0x08000665   Thumb Code   222  ddiv.o(.text)
    __aeabi_d2ulz                            0x08000743   Thumb Code    48  dfixul.o(.text)
    __aeabi_cdrcmple                         0x08000775   Thumb Code    48  cdrcmple.o(.text)
    __scatterload                            0x080007a5   Thumb Code    28  init.o(.text)
    __scatterload_rt2                        0x080007a5   Thumb Code     0  init.o(.text)
    __aeabi_lasr                             0x080007c9   Thumb Code    36  llsshr.o(.text)
    _ll_sshift_r                             0x080007c9   Thumb Code     0  llsshr.o(.text)
    _double_round                            0x080007ed   Thumb Code    30  depilogue.o(.text)
    _double_epilogue                         0x0800080b   Thumb Code   156  depilogue.o(.text)
    __decompress                             0x080008a7   Thumb Code     0  __dclz77c.o(.text)
    __decompress2                            0x080008a7   Thumb Code    94  __dclz77c.o(.text)
    AfterRound                               0x08000905   Thumb Code    12  tendermint2.o(i.AfterRound)
    Aux_Int                                  0x08000915   Thumb Code    58  mw1268_app.o(i.Aux_Int)
    BeforeRound                              0x0800095d   Thumb Code    32  tendermint2.o(i.BeforeRound)
    BusFault_Handler                         0x08000989   Thumb Code     4  stm32f7xx_it.o(i.BusFault_Handler)
    CSMACA_PBFT                              0x08000a05   Thumb Code    44  main.o(i.CSMACA_PBFT)
    Catching_COMMIT                          0x08000a31   Thumb Code   170  tendermint2.o(i.Catching_COMMIT)
    Catching_PREPARE                         0x08000af5   Thumb Code   170  tendermint2.o(i.Catching_PREPARE)
    Catching_PREPREPARE                      0x08000bb9   Thumb Code   110  tendermint2.o(i.Catching_PREPREPARE)
    DebugMon_Handler                         0x08000c35   Thumb Code     2  stm32f7xx_it.o(i.DebugMon_Handler)
    EXTI15_10_IRQHandler                     0x08000c39   Thumb Code  1598  mw1268_app.o(i.EXTI15_10_IRQHandler)
    Follower_Catching                        0x080012c9   Thumb Code   140  tendermint2.o(i.Follower_Catching)
    GPIO_Pin_Set                             0x08001365   Thumb Code    16  sys.o(i.GPIO_Pin_Set)
    HAL_DMA_Abort                            0x08001375   Thumb Code   172  stm32f7xx_hal_dma.o(i.HAL_DMA_Abort)
    HAL_DMA_Abort_IT                         0x08001421   Thumb Code    40  stm32f7xx_hal_dma.o(i.HAL_DMA_Abort_IT)
    HAL_GPIO_Init                            0x08001449   Thumb Code   472  stm32f7xx_hal_gpio.o(i.HAL_GPIO_Init)
    HAL_GPIO_ReadPin                         0x08001655   Thumb Code    16  stm32f7xx_hal_gpio.o(i.HAL_GPIO_ReadPin)
    HAL_GPIO_WritePin                        0x08001665   Thumb Code    12  stm32f7xx_hal_gpio.o(i.HAL_GPIO_WritePin)
    HAL_GetTick                              0x08001671   Thumb Code     6  stm32f7xx_hal.o(i.HAL_GetTick)
    HAL_IncTick                              0x0800167d   Thumb Code    16  stm32f7xx_hal.o(i.HAL_IncTick)
    HAL_Init                                 0x08001695   Thumb Code    44  stm32f7xx_hal.o(i.HAL_Init)
    HAL_InitTick                             0x080016c5   Thumb Code    64  stm32f7xx_hal.o(i.HAL_InitTick)
    HAL_MPU_ConfigRegion                     0x08001711   Thumb Code    88  stm32f7xx_hal_cortex.o(i.HAL_MPU_ConfigRegion)
    HAL_MPU_Disable                          0x0800176d   Thumb Code    38  stm32f7xx_hal_cortex.o(i.HAL_MPU_Disable)
    HAL_MPU_Enable                           0x08001799   Thumb Code    58  stm32f7xx_hal_cortex.o(i.HAL_MPU_Enable)
    HAL_MspInit                              0x080017d9   Thumb Code     2  stm32f7xx_hal.o(i.HAL_MspInit)
    HAL_NVIC_DisableIRQ                      0x080017dd   Thumb Code    22  stm32f7xx_hal_cortex.o(i.HAL_NVIC_DisableIRQ)
    HAL_NVIC_EnableIRQ                       0x080017f9   Thumb Code    26  stm32f7xx_hal_cortex.o(i.HAL_NVIC_EnableIRQ)
    HAL_NVIC_SetPriority                     0x08001813   Thumb Code   124  stm32f7xx_hal_cortex.o(i.HAL_NVIC_SetPriority)
    HAL_NVIC_SetPriorityGrouping             0x08001891   Thumb Code    32  stm32f7xx_hal_cortex.o(i.HAL_NVIC_SetPriorityGrouping)
    HAL_PWREx_EnableOverDrive                0x080018b9   Thumb Code   136  stm32f7xx_hal_pwr_ex.o(i.HAL_PWREx_EnableOverDrive)
    HAL_RCC_ClockConfig                      0x08001949   Thumb Code   384  stm32f7xx_hal_rcc.o(i.HAL_RCC_ClockConfig)
    HAL_RCC_GetHCLKFreq                      0x08001add   Thumb Code     6  stm32f7xx_hal_rcc.o(i.HAL_RCC_GetHCLKFreq)
    HAL_RCC_GetPCLK1Freq                     0x08001ae9   Thumb Code    22  stm32f7xx_hal_rcc.o(i.HAL_RCC_GetPCLK1Freq)
    HAL_RCC_GetPCLK2Freq                     0x08001b09   Thumb Code    22  stm32f7xx_hal_rcc.o(i.HAL_RCC_GetPCLK2Freq)
    HAL_RCC_GetSysClockFreq                  0x08001b29   Thumb Code   162  stm32f7xx_hal_rcc.o(i.HAL_RCC_GetSysClockFreq)
    HAL_RCC_OscConfig                        0x08001bd9   Thumb Code  1296  stm32f7xx_hal_rcc.o(i.HAL_RCC_OscConfig)
    HAL_RNG_GenerateRandomNumber             0x080020ed   Thumb Code   134  stm32f7xx_hal_rng.o(i.HAL_RNG_GenerateRandomNumber)
    HAL_RNG_GetRandomNumber                  0x08002173   Thumb Code    24  stm32f7xx_hal_rng.o(i.HAL_RNG_GetRandomNumber)
    HAL_RNG_Init                             0x0800218b   Thumb Code    52  stm32f7xx_hal_rng.o(i.HAL_RNG_Init)
    HAL_RNG_MspInit                          0x080021c1   Thumb Code    32  rng.o(i.HAL_RNG_MspInit)
    HAL_SYSTICK_CLKSourceConfig              0x080021e5   Thumb Code    40  stm32f7xx_hal_cortex.o(i.HAL_SYSTICK_CLKSourceConfig)
    HAL_SYSTICK_Config                       0x0800220d   Thumb Code    52  stm32f7xx_hal_cortex.o(i.HAL_SYSTICK_Config)
    HAL_TIMEx_Break2Callback                 0x08002241   Thumb Code     2  stm32f7xx_hal_tim_ex.o(i.HAL_TIMEx_Break2Callback)
    HAL_TIMEx_BreakCallback                  0x08002243   Thumb Code     2  stm32f7xx_hal_tim_ex.o(i.HAL_TIMEx_BreakCallback)
    HAL_TIMEx_CommutCallback                 0x08002245   Thumb Code     2  stm32f7xx_hal_tim_ex.o(i.HAL_TIMEx_CommutCallback)
    HAL_TIM_Base_Init                        0x08002247   Thumb Code   110  stm32f7xx_hal_tim.o(i.HAL_TIM_Base_Init)
    HAL_TIM_Base_MspInit                     0x080022b5   Thumb Code   294  btim.o(i.HAL_TIM_Base_MspInit)
    HAL_TIM_Base_Start_IT                    0x080023f1   Thumb Code   146  stm32f7xx_hal_tim.o(i.HAL_TIM_Base_Start_IT)
    HAL_TIM_IC_CaptureCallback               0x080024a5   Thumb Code     2  stm32f7xx_hal_tim.o(i.HAL_TIM_IC_CaptureCallback)
    HAL_TIM_IRQHandler                       0x080024a7   Thumb Code   440  stm32f7xx_hal_tim.o(i.HAL_TIM_IRQHandler)
    HAL_TIM_OC_DelayElapsedCallback          0x0800265f   Thumb Code     2  stm32f7xx_hal_tim.o(i.HAL_TIM_OC_DelayElapsedCallback)
    HAL_TIM_PWM_PulseFinishedCallback        0x08002661   Thumb Code     2  stm32f7xx_hal_tim.o(i.HAL_TIM_PWM_PulseFinishedCallback)
    HAL_TIM_PeriodElapsedCallback            0x08002665   Thumb Code   192  btim.o(i.HAL_TIM_PeriodElapsedCallback)
    HAL_TIM_TriggerCallback                  0x0800275d   Thumb Code     2  stm32f7xx_hal_tim.o(i.HAL_TIM_TriggerCallback)
    HAL_UARTEx_RxEventCallback               0x0800275f   Thumb Code     2  stm32f7xx_hal_uart.o(i.HAL_UARTEx_RxEventCallback)
    HAL_UARTEx_WakeupCallback                0x08002761   Thumb Code     2  stm32f7xx_hal_uart.o(i.HAL_UARTEx_WakeupCallback)
    HAL_UART_ErrorCallback                   0x08002763   Thumb Code     2  stm32f7xx_hal_uart.o(i.HAL_UART_ErrorCallback)
    HAL_UART_GetState                        0x08002765   Thumb Code    14  stm32f7xx_hal_uart.o(i.HAL_UART_GetState)
    HAL_UART_IRQHandler                      0x08002775   Thumb Code   838  stm32f7xx_hal_uart.o(i.HAL_UART_IRQHandler)
    HAL_UART_Init                            0x08002ac5   Thumb Code   116  stm32f7xx_hal_uart.o(i.HAL_UART_Init)
    HAL_UART_MspInit                         0x08002b39   Thumb Code     2  stm32f7xx_hal_msp.o(i.HAL_UART_MspInit)
    HAL_UART_Receive_IT                      0x08002b3b   Thumb Code    80  stm32f7xx_hal_uart.o(i.HAL_UART_Receive_IT)
    HAL_UART_RxCpltCallback                  0x08002b8d   Thumb Code   120  usart.o(i.HAL_UART_RxCpltCallback)
    HAL_UART_Transmit                        0x08002c15   Thumb Code   178  stm32f7xx_hal_uart.o(i.HAL_UART_Transmit)
    HAL_UART_TxCpltCallback                  0x08002cc7   Thumb Code     2  stm32f7xx_hal_uart.o(i.HAL_UART_TxCpltCallback)
    HardFault_Handler                        0x08002cc9   Thumb Code     4  stm32f7xx_it.o(i.HardFault_Handler)
    LED_Init                                 0x08002ccd   Thumb Code    80  led.o(i.LED_Init)
    Leader_Catching                          0x08002d25   Thumb Code   172  tendermint2.o(i.Leader_Catching)
    Leader_Send                              0x08002de5   Thumb Code   314  tendermint2.o(i.Leader_Send)
    LoRa_Init                                0x08002f39   Thumb Code   460  mw1268_app.o(i.LoRa_Init)
    LoRa_SendData                            0x080031bd   Thumb Code    26  mw1268_app.o(i.LoRa_SendData)
    LoRa_Set                                 0x080031e5   Thumb Code   362  mw1268_app.o(i.LoRa_Set)
    MemManage_Handler                        0x0800344f   Thumb Code     4  stm32f7xx_it.o(i.MemManage_Handler)
    NMI_Handler                              0x08003453   Thumb Code     2  stm32f7xx_it.o(i.NMI_Handler)
    New_Proposal                             0x0800348d   Thumb Code   174  tendermint2.o(i.New_Proposal)
    Propose                                  0x08003545   Thumb Code   218  tendermint2.o(i.Propose)
    RNG_Get_RandomNum                        0x0800363d   Thumb Code    10  rng.o(i.RNG_Get_RandomNum)
    RNG_Get_RandomRange                      0x0800364d   Thumb Code    28  rng.o(i.RNG_Get_RandomRange)
    RNG_Init                                 0x0800366d   Thumb Code    64  rng.o(i.RNG_Init)
    Send_COMMIT                              0x08003751   Thumb Code   140  tendermint2.o(i.Send_COMMIT)
    Send_PREPARE                             0x080037ed   Thumb Code   140  tendermint2.o(i.Send_PREPARE)
    Send_REPLAY                              0x08003889   Thumb Code    68  tendermint2.o(i.Send_REPLAY)
    Send_VIEW_CHANGE                         0x080038f5   Thumb Code   140  tendermint2.o(i.Send_VIEW_CHANGE)
    Sixteen2Ten                              0x08003991   Thumb Code    26  main.o(i.Sixteen2Ten)
    Start_TIMER                              0x080039ad   Thumb Code    52  tendermint2.o(i.Start_TIMER)
    Start_main                               0x080039e9   Thumb Code    16  tendermint2.o(i.Start_main)
    SysTick_Handler                          0x080039fd   Thumb Code    20  delay.o(i.SysTick_Handler)
    SystemInit                               0x08003a81   Thumb Code    14  system_stm32f7xx.o(i.SystemInit)
    TIM1_BRK_TIM9_IRQHandler                 0x08003a95   Thumb Code    10  btim.o(i.TIM1_BRK_TIM9_IRQHandler)
    TIM1_UP_TIM10_IRQHandler                 0x08003aa5   Thumb Code    10  btim.o(i.TIM1_UP_TIM10_IRQHandler)
    TIM2_IRQHandler                          0x08003ab5   Thumb Code    10  btim.o(i.TIM2_IRQHandler)
    TIM5_IRQHandler                          0x08003ac5   Thumb Code    10  btim.o(i.TIM5_IRQHandler)
    TIM7_IRQHandler                          0x08003ad5   Thumb Code    10  btim.o(i.TIM7_IRQHandler)
    TIM_Base_SetConfig                       0x08003ae5   Thumb Code   170  stm32f7xx_hal_tim.o(i.TIM_Base_SetConfig)
    UART_AdvFeatureConfig                    0x08003bbd   Thumb Code   248  stm32f7xx_hal_uart.o(i.UART_AdvFeatureConfig)
    UART_CheckIdleState                      0x08003cb5   Thumb Code   118  stm32f7xx_hal_uart.o(i.UART_CheckIdleState)
    UART_SetConfig                           0x08003f7d   Thumb Code   782  stm32f7xx_hal_uart.o(i.UART_SetConfig)
    UART_Start_Receive_IT                    0x080042b9   Thumb Code   234  stm32f7xx_hal_uart.o(i.UART_Start_Receive_IT)
    UART_WaitOnFlagUntilTimeout              0x080043ad   Thumb Code   252  stm32f7xx_hal_uart.o(i.UART_WaitOnFlagUntilTimeout)
    USART1_IRQHandler                        0x080044a9   Thumb Code    66  usart.o(i.USART1_IRQHandler)
    USART3_IRQHandler                        0x080044f9   Thumb Code   106  usart3.o(i.USART3_IRQHandler)
    UsageFault_Handler                       0x08004575   Thumb Code     4  stm32f7xx_it.o(i.UsageFault_Handler)
    User_GpioInit                            0x08004579   Thumb Code   118  mw1268_app.o(i.User_GpioInit)
    __0printf                                0x08005fa1   Thumb Code    22  printfa.o(i.__0printf)
    __1printf                                0x08005fa1   Thumb Code     0  printfa.o(i.__0printf)
    __2printf                                0x08005fa1   Thumb Code     0  printfa.o(i.__0printf)
    __c89printf                              0x08005fa1   Thumb Code     0  printfa.o(i.__0printf)
    printf                                   0x08005fa1   Thumb Code     0  printfa.o(i.__0printf)
    __0sprintf                               0x08005fc1   Thumb Code    34  printfa.o(i.__0sprintf)
    __1sprintf                               0x08005fc1   Thumb Code     0  printfa.o(i.__0sprintf)
    __2sprintf                               0x08005fc1   Thumb Code     0  printfa.o(i.__0sprintf)
    __c89sprintf                             0x08005fc1   Thumb Code     0  printfa.o(i.__0sprintf)
    sprintf                                  0x08005fc1   Thumb Code     0  printfa.o(i.__0sprintf)
    __0vsprintf                              0x08005fe9   Thumb Code    30  printfa.o(i.__0vsprintf)
    __1vsprintf                              0x08005fe9   Thumb Code     0  printfa.o(i.__0vsprintf)
    __2vsprintf                              0x08005fe9   Thumb Code     0  printfa.o(i.__0vsprintf)
    __c89vsprintf                            0x08005fe9   Thumb Code     0  printfa.o(i.__0vsprintf)
    vsprintf                                 0x08005fe9   Thumb Code     0  printfa.o(i.__0vsprintf)
    __scatterload_copy                       0x0800600d   Thumb Code    14  handlers.o(i.__scatterload_copy)
    __scatterload_null                       0x0800601b   Thumb Code     2  handlers.o(i.__scatterload_null)
    __scatterload_zeroinit                   0x0800601d   Thumb Code    14  handlers.o(i.__scatterload_zeroinit)
    btim_tim2_enable                         0x080068e9   Thumb Code    46  btim.o(i.btim_tim2_enable)
    btim_tim2_int_init                       0x0800691d   Thumb Code    38  btim.o(i.btim_tim2_int_init)
    btim_tim5_int_init                       0x08006949   Thumb Code    36  btim.o(i.btim_tim5_int_init)
    btim_tim9_int_init                       0x08006975   Thumb Code    36  btim.o(i.btim_tim9_int_init)
    btim_timx_counterset                     0x080069a1   Thumb Code     8  btim.o(i.btim_timx_counterset)
    btim_timx_enable                         0x080069ad   Thumb Code    46  btim.o(i.btim_timx_enable)
    btim_timx_int_init                       0x080069e1   Thumb Code    36  btim.o(i.btim_timx_int_init)
    delay_init                               0x08006a0d   Thumb Code    58  delay.o(i.delay_init)
    delay_ms                                 0x08006a51   Thumb Code    60  delay.o(i.delay_ms)
    delay_us                                 0x08006a91   Thumb Code    68  delay.o(i.delay_us)
    fputc                                    0x08006ad9   Thumb Code    22  usart.o(i.fputc)
    init                                     0x08006af5   Thumb Code   176  tendermint2.o(i.init)
    init_public_key                          0x08006bf9   Thumb Code   202  main.o(i.init_public_key)
    lora_check_cmd                           0x08006cdd   Thumb Code    44  mw1268_uart.o(i.lora_check_cmd)
    lora_send_cmd                            0x08006d11   Thumb Code   110  mw1268_uart.o(i.lora_send_cmd)
    main                                     0x08006d91   Thumb Code    56  main.o(i.main)
    pvPortMalloc                             0x08007921   Thumb Code   262  heap_4.o(i.pvPortMalloc)
    pvTaskIncrementMutexHeldCount            0x08007a75   Thumb Code    26  tasks.o(i.pvTaskIncrementMutexHeldCount)
    pxPortInitialiseStack                    0x08007a95   Thumb Code    38  port.o(i.pxPortInitialiseStack)
    sha2                                     0x08007ac1   Thumb Code    50  sha2.o(i.sha2)
    sha2_finish                              0x08007af5   Thumb Code   304  sha2.o(i.sha2_finish)
    sha2_starts                              0x0800b085   Thumb Code    80  sha2.o(i.sha2_starts)
    sha2_update                              0x0800b115   Thumb Code   128  sha2.o(i.sha2_update)
    sign_data                                0x0800b195   Thumb Code   104  tendermint2.o(i.sign_data)
    start_task                               0x0800b219   Thumb Code    42  main.o(i.start_task)
    tendermint2                              0x0800b25d   Thumb Code  1864  tendermint2.o(i.tendermint2)
    test_finish                              0x0800b9fd   Thumb Code    44  tendermint2.o(i.test_finish)
    uECC_secp192r1                           0x0800ba39   Thumb Code     4  uecc.o(i.uECC_secp192r1)
    uECC_set_rng                             0x0800ba41   Thumb Code     6  uecc.o(i.uECC_set_rng)
    uECC_sign                                0x0800ba4d   Thumb Code    90  uecc.o(i.uECC_sign)
    uECC_verify                              0x0800baa7   Thumb Code   720  uecc.o(i.uECC_verify)
    usart3_bpsset                            0x0800bd79   Thumb Code   182  usart3.o(i.usart3_bpsset)
    usart3_init                              0x0800beb1   Thumb Code    90  usart3.o(i.usart3_init)
    usart3_rx                                0x0800bf19   Thumb Code    62  usart3.o(i.usart3_rx)
    usart3_sendData                          0x0800bf5d   Thumb Code    52  usart3.o(i.usart3_sendData)
    uxListRemove                             0x0800bf99   Thumb Code    40  list.o(i.uxListRemove)
    vListInitialise                          0x0800bfc1   Thumb Code    26  list.o(i.vListInitialise)
    vListInitialiseItem                      0x0800bfdb   Thumb Code     6  list.o(i.vListInitialiseItem)
    vListInsert                              0x0800bfe1   Thumb Code    52  list.o(i.vListInsert)
    vListInsertEnd                           0x0800c015   Thumb Code    24  list.o(i.vListInsertEnd)
    vPortEnterCritical                       0x0800c02d   Thumb Code    72  port.o(i.vPortEnterCritical)
    vPortExitCritical                        0x0800c0bd   Thumb Code    48  port.o(i.vPortExitCritical)
    vPortFree                                0x0800c131   Thumb Code   120  heap_4.o(i.vPortFree)
    vPortSetupTimerInterrupt                 0x0800c1e9   Thumb Code    26  port.o(i.vPortSetupTimerInterrupt)
    vPortValidateInterruptPriority           0x0800c209   Thumb Code    86  port.o(i.vPortValidateInterruptPriority)
    vQueueAddToRegistry                      0x0800c2ad   Thumb Code    38  queue.o(i.vQueueAddToRegistry)
    vQueueWaitForMessageRestricted           0x0800c2d9   Thumb Code    74  queue.o(i.vQueueWaitForMessageRestricted)
    vTaskDelay                               0x0800c325   Thumb Code    72  tasks.o(i.vTaskDelay)
    vTaskDelete                              0x0800c399   Thumb Code   192  tasks.o(i.vTaskDelete)
    vTaskMissedYield                         0x0800c4a5   Thumb Code     8  tasks.o(i.vTaskMissedYield)
    vTaskPlaceOnEventList                    0x0800c4b1   Thumb Code    42  tasks.o(i.vTaskPlaceOnEventList)
    vTaskPlaceOnEventListRestricted          0x0800c505   Thumb Code    50  tasks.o(i.vTaskPlaceOnEventListRestricted)
    vTaskPriorityInherit                     0x0800c561   Thumb Code   164  tasks.o(i.vTaskPriorityInherit)
    vTaskSetTimeOutState                     0x0800c611   Thumb Code    32  tasks.o(i.vTaskSetTimeOutState)
    vTaskStartScheduler                      0x0800c65d   Thumb Code   112  tasks.o(i.vTaskStartScheduler)
    vTaskSuspendAll                          0x0800c70d   Thumb Code    12  tasks.o(i.vTaskSuspendAll)
    vTaskSwitchContext                       0x0800c71d   Thumb Code   110  tasks.o(i.vTaskSwitchContext)
    xPortStartScheduler                      0x0800c7c5   Thumb Code   192  port.o(i.xPortStartScheduler)
    xPortSysTickHandler                      0x0800c8dd   Thumb Code    50  port.o(i.xPortSysTickHandler)
    xQueueGenericCreate                      0x0800c915   Thumb Code    78  queue.o(i.xQueueGenericCreate)
    xQueueGenericReceive                     0x0800c989   Thumb Code   416  queue.o(i.xQueueGenericReceive)
    xQueueGenericReset                       0x0800cb51   Thumb Code   136  queue.o(i.xQueueGenericReset)
    xQueueGenericSend                        0x0800cc01   Thumb Code   412  queue.o(i.xQueueGenericSend)
    xQueueGenericSendFromISR                 0x0800cdc5   Thumb Code   238  queue.o(i.xQueueGenericSendFromISR)
    xTaskCheckForTimeOut                     0x0800ced9   Thumb Code   116  tasks.o(i.xTaskCheckForTimeOut)
    xTaskCreate                              0x0800cf79   Thumb Code    96  tasks.o(i.xTaskCreate)
    xTaskGetSchedulerState                   0x0800cfd9   Thumb Code    24  tasks.o(i.xTaskGetSchedulerState)
    xTaskGetTickCount                        0x0800cff9   Thumb Code     6  tasks.o(i.xTaskGetTickCount)
    xTaskIncrementTick                       0x0800d005   Thumb Code   272  tasks.o(i.xTaskIncrementTick)
    xTaskPriorityDisinherit                  0x0800d165   Thumb Code   168  tasks.o(i.xTaskPriorityDisinherit)
    xTaskRemoveFromEventList                 0x0800d23d   Thumb Code   118  tasks.o(i.xTaskRemoveFromEventList)
    xTaskResumeAll                           0x0800d2f1   Thumb Code   214  tasks.o(i.xTaskResumeAll)
    xTimerCreateTimerTask                    0x0800d411   Thumb Code    56  timers.o(i.xTimerCreateTimerTask)
    xTimerGenericCommand                     0x0800d485   Thumb Code   118  timers.o(i.xTimerGenericCommand)
    AHBPrescTable                            0x0800d528   Data          16  system_stm32f7xx.o(.constdata)
    APBPrescTable                            0x0800d538   Data           8  system_stm32f7xx.o(.constdata)
    Region$$Table$$Base                      0x0800d914   Number         0  anon$$obj.o(Region$$Table)
    Region$$Table$$Limit                     0x0800d934   Number         0  anon$$obj.o(Region$$Table)
    StartTask_Handler                        0x20020000   Data           4  main.o(.data)
    CSMACA_PBFT_Task_Handler                 0x20020004   Data           4  main.o(.data)
    public_key_string                        0x20020008   Data        2496  main.o(.data)
    private_key_string                       0x200209c8   Data        1248  main.o(.data)
    __stdout                                 0x20020eb0   Data           4  usart.o(.data)
    USART_RX_STA                             0x20020eb4   Data           2  usart.o(.data)
    aRxBuffer                                0x20020eb6   Data           1  usart.o(.data)
    uwTick                                   0x20020eb8   Data           4  stm32f7xx_hal.o(.data)
    uwTickPrio                               0x20020ebc   Data           4  stm32f7xx_hal.o(.data)
    uwTickFreq                               0x20020ec0   Data           1  stm32f7xx_hal.o(.data)
    led2sta                                  0x20020ec1   Data           1  led.o(.data)
    led1sta                                  0x20020ec2   Data           1  led.o(.data)
    led0sta                                  0x20020ec3   Data           1  led.o(.data)
    USART3_RX_STA                            0x20020ed8   Data           2  usart3.o(.data)
    pxCurrentTCB                             0x20020ee0   Data           4  tasks.o(.data)
    LoRa_CFG                                 0x20020f54   Data          14  mw1268_app.o(.data)
    Lora_Device_Sta                          0x20020f62   Data           1  mw1268_app.o(.data)
    Lora_Int_Sta                             0x20020f63   Data           1  mw1268_app.o(.data)
    Dire_Date                                0x20020f64   Data           5  mw1268_app.o(.data)
    SystemCoreClock                          0x20020f6c   Data           4  system_stm32f7xx.o(.data)
    N                                        0x20020f70   Data           1  tendermint2.o(.data)
    f                                        0x20020f71   Data           1  tendermint2.o(.data)
    DONE_THRES                               0x20020f72   Data           2  tendermint2.o(.data)
    id                                       0x20020f74   Data           1  tendermint2.o(.data)
    NTX                                      0x20020f75   Data           1  tendermint2.o(.data)
    NTX_proposal                             0x20020f76   Data           1  tendermint2.o(.data)
    phase_NTX                                0x20020f77   Data           1  tendermint2.o(.data)
    phase_NTX2                               0x20020f78   Data           1  tendermint2.o(.data)
    slot                                     0x20020f7a   Data           2  tendermint2.o(.data)
    Choice_Truth_Set_Number                  0x20020f7c   Data           1  tendermint2.o(.data)
    Choice_False_Set_Number                  0x20020f7d   Data           1  tendermint2.o(.data)
    Commit_Truth_Set_Number                  0x20020f7e   Data           1  tendermint2.o(.data)
    Commit_False_Set_Number                  0x20020f7f   Data           1  tendermint2.o(.data)
    Rece_next                                0x20020f80   Data           1  tendermint2.o(.data)
    Viewchange_Number                        0x20020f81   Data           1  tendermint2.o(.data)
    ACK_viewchange                           0x20020f82   Data           1  tendermint2.o(.data)
    Need_Proposal_Flag                       0x20020f83   Data           1  tendermint2.o(.data)
    Need_Choice_Flag                         0x20020f84   Data           1  tendermint2.o(.data)
    Need_Commit_Flag                         0x20020f85   Data           1  tendermint2.o(.data)
    Need_VIEWCHANGE                          0x20020f86   Data           1  tendermint2.o(.data)
    Need_next                                0x20020f87   Data           1  tendermint2.o(.data)
    PBFT_status                              0x20020f88   Data           1  tendermint2.o(.data)
    my_choice                                0x20020f89   Data           1  tendermint2.o(.data)
    my_commit                                0x20020f8a   Data           1  tendermint2.o(.data)
    obj_addr                                 0x20020f8c   Data           4  tendermint2.o(.data)
    obj_chn                                  0x20020f90   Data           1  tendermint2.o(.data)
    Commands_Size                            0x20020f91   Data           1  tendermint2.o(.data)
    Proposal_Packet_Number                   0x20020f92   Data           1  tendermint2.o(.data)
    Rece_Proposal_flag                       0x20020f93   Data           1  tendermint2.o(.data)
    Rece_Proposal_Number                     0x20020f94   Data           1  tendermint2.o(.data)
    start_flag                               0x20020f95   Data           1  tendermint2.o(.data)
    Timer_Flag_5                             0x20020f96   Data           1  tendermint2.o(.data)
    Total_time                               0x20020f98   Data           4  tendermint2.o(.data)
    Total_time1                              0x20020f9c   Data           4  tendermint2.o(.data)
    TIM2_Exceed_Times                        0x20020fa0   Data           4  tendermint2.o(.data)
    before_round                             0x20020fa4   Data           1  tendermint2.o(.data)
    after_round                              0x20020fa5   Data           1  tendermint2.o(.data)
    TIM_slot                                 0x20020fa6   Data           1  tendermint2.o(.data)
    TIM5_Exceed_Times                        0x20020fa8   Data           4  tendermint2.o(.data)
    TIM9_Exceed_Times                        0x20020fac   Data           4  tendermint2.o(.data)
    TIM10_Exceed_Times                       0x20020fb0   Data           4  tendermint2.o(.data)
    ACK_Proposal_Number                      0x20020fb4   Data           1  tendermint2.o(.data)
    ACK_Choice_Number                        0x20020fb5   Data           1  tendermint2.o(.data)
    ACK_Commit_Number                        0x20020fb6   Data           1  tendermint2.o(.data)
    ACK_Proposal_Flag                        0x20020fb7   Data           1  tendermint2.o(.data)
    ACK_Choice_Flag                          0x20020fb8   Data           1  tendermint2.o(.data)
    ACK_Commit_Flag                          0x20020fb9   Data           1  tendermint2.o(.data)
    ACK_To_Send_Flag                         0x20020fba   Data           1  tendermint2.o(.data)
    ACK_To_Send_VC_Flag                      0x20020fbb   Data           1  tendermint2.o(.data)
    Need_to_Wait                             0x20020fbc   Data           1  tendermint2.o(.data)
    delta                                    0x20020fc0   Data           4  tendermint2.o(.data)
    Packet_Internal_delay                    0x20020fc4   Data           2  tendermint2.o(.data)
    private_key                              0x20020fcc   Data         640  main.o(.bss)
    public_key                               0x2002124c   Data        1280  main.o(.bss)
    USART_RX_BUF                             0x2002174c   Data         200  usart.o(.bss)
    UART1_Handler                            0x20021814   Data         136  usart.o(.bss)
    RNG_Handler                              0x2002189c   Data          16  rng.o(.bss)
    timx_handler                             0x200218ac   Data          76  btim.o(.bss)
    tim5_handler                             0x200218f8   Data          76  btim.o(.bss)
    tim2_handler                             0x20021944   Data          76  btim.o(.bss)
    tim9_handler                             0x20021990   Data          76  btim.o(.bss)
    tim10_handler                            0x200219dc   Data          76  btim.o(.bss)
    uart3RxBuffer                            0x20021a28   Data        1024  usart3.o(.bss)
    uart3TxBuffer                            0x20021e28   Data        1024  usart3.o(.bss)
    uart3_handler                            0x20022228   Data         136  usart3.o(.bss)
    xQueueRegistry                           0x200222b0   Data          64  queue.o(.bss)
    date                                     0x2002de24   Data          30  mw1268_app.o(.bss)
    Tran_Data                                0x2002de42   Data         800  mw1268_app.o(.bss)
    Choice                                   0x2002e164   Data          14  tendermint2.o(.bss)
    Commit                                   0x2002e172   Data          14  tendermint2.o(.bss)
    Rece_Viewchange                          0x2002e180   Data          20  tendermint2.o(.bss)
    Viewchange_id                            0x2002e194   Data          20  tendermint2.o(.bss)
    Viewchange_Sig                           0x2002e1a8   Data        1280  tendermint2.o(.bss)
    Send_Data_buff                           0x2002e6a8   Data         800  tendermint2.o(.bss)
    Rece_Proposal                            0x2002e9c8   Data          30  tendermint2.o(.bss)
    Command_buff                             0x2002e9e6   Data         800  tendermint2.o(.bss)
    Proposal_hash                            0x2002ed06   Data          40  tendermint2.o(.bss)
    ACK_Proposal                             0x2002ed2e   Data          14  tendermint2.o(.bss)
    ACK_Choice                               0x2002ed3c   Data          14  tendermint2.o(.bss)
    ACK_Commit                               0x2002ed4a   Data          14  tendermint2.o(.bss)
    curves                                   0x2002ed58   Data          20  tendermint2.o(.bss)
    __initial_sp                             0x2002fd70   Data           0  startup_stm32f767xx.o(STACK)



==============================================================================

Memory Map of the image

  Image Entry point : 0x080001f9

  Load Region LR_IROM1 (Base: 0x08000000, Size: 0x0000e900, Max: 0x00200000, ABSOLUTE, COMPRESSED[0x0000e284])

    Execution Region ER_IROM1 (Base: 0x08000000, Size: 0x0000d934, Max: 0x00200000, ABSOLUTE)

    Base Addr    Size         Type   Attr      Idx    E Section Name        Object

    0x08000000   0x000001f8   Data   RO          659    RESET               startup_stm32f767xx.o
    0x080001f8   0x00000000   Code   RO         6281  * .ARM.Collect$$$$00000000  mc_w.l(entry.o)
    0x080001f8   0x00000004   Code   RO         6567    .ARM.Collect$$$$00000001  mc_w.l(entry2.o)
    0x080001fc   0x00000004   Code   RO         6570    .ARM.Collect$$$$00000004  mc_w.l(entry5.o)
    0x08000200   0x00000000   Code   RO         6572    .ARM.Collect$$$$00000008  mc_w.l(entry7b.o)
    0x08000200   0x00000000   Code   RO         6574    .ARM.Collect$$$$0000000A  mc_w.l(entry8b.o)
    0x08000200   0x00000008   Code   RO         6575    .ARM.Collect$$$$0000000B  mc_w.l(entry9a.o)
    0x08000208   0x00000000   Code   RO         6577    .ARM.Collect$$$$0000000D  mc_w.l(entry10a.o)
    0x08000208   0x00000000   Code   RO         6579    .ARM.Collect$$$$0000000F  mc_w.l(entry11a.o)
    0x08000208   0x00000004   Code   RO         6568    .ARM.Collect$$$$00002712  mc_w.l(entry2.o)
    0x0800020c   0x000000ba   Code   RO         5250    .emb_text           port.o
    0x080002c6   0x00000002   PAD
    0x080002c8   0x00000024   Code   RO          660    .text               startup_stm32f767xx.o
    0x080002ec   0x00000062   Code   RO         6292    .text               mc_w.l(uldiv.o)
    0x0800034e   0x00000024   Code   RO         6294    .text               mc_w.l(memcpya.o)
    0x08000372   0x00000024   Code   RO         6296    .text               mc_w.l(memseta.o)
    0x08000396   0x00000024   Code   RO         6298    .text               mc_w.l(strstr.o)
    0x080003ba   0x0000000e   Code   RO         6300    .text               mc_w.l(strlen.o)
    0x080003c8   0x0000002c   Code   RO         6592    .text               mc_w.l(uidiv.o)
    0x080003f4   0x0000001e   Code   RO         6594    .text               mc_w.l(llshl.o)
    0x08000412   0x00000020   Code   RO         6596    .text               mc_w.l(llushr.o)
    0x08000432   0x00000000   Code   RO         6598    .text               mc_w.l(iusefp.o)
    0x08000432   0x0000014e   Code   RO         6599    .text               mf_w.l(dadd.o)
    0x08000580   0x000000e4   Code   RO         6601    .text               mf_w.l(dmul.o)
    0x08000664   0x000000de   Code   RO         6603    .text               mf_w.l(ddiv.o)
    0x08000742   0x00000030   Code   RO         6605    .text               mf_w.l(dfixul.o)
    0x08000772   0x00000002   PAD
    0x08000774   0x00000030   Code   RO         6607    .text               mf_w.l(cdrcmple.o)
    0x080007a4   0x00000024   Code   RO         6609    .text               mc_w.l(init.o)
    0x080007c8   0x00000024   Code   RO         6612    .text               mc_w.l(llsshr.o)
    0x080007ec   0x000000ba   Code   RO         6615    .text               mf_w.l(depilogue.o)
    0x080008a6   0x0000005e   Code   RO         6625    .text               mc_w.l(__dclz77c.o)
    0x08000904   0x00000010   Code   RO         5546    i.AfterRound        tendermint2.o
    0x08000914   0x00000048   Code   RO         5400    i.Aux_Int           mw1268_app.o
    0x0800095c   0x0000002c   Code   RO         5547    i.BeforeRound       tendermint2.o
    0x08000988   0x00000004   Code   RO          319    i.BusFault_Handler  stm32f7xx_it.o
    0x0800098c   0x00000078   Code   RO            4    i.CPU_CACHE_Enable  main.o
    0x08000a04   0x0000002c   Code   RO            5    i.CSMACA_PBFT       main.o
    0x08000a30   0x000000c4   Code   RO         5548    i.Catching_COMMIT   tendermint2.o
    0x08000af4   0x000000c4   Code   RO         5549    i.Catching_PREPARE  tendermint2.o
    0x08000bb8   0x0000007c   Code   RO         5550    i.Catching_PREPREPARE  tendermint2.o
    0x08000c34   0x00000002   Code   RO          320    i.DebugMon_Handler  stm32f7xx_it.o
    0x08000c36   0x00000002   PAD
    0x08000c38   0x00000690   Code   RO         5401    i.EXTI15_10_IRQHandler  mw1268_app.o
    0x080012c8   0x0000009c   Code   RO         5552    i.Follower_Catching  tendermint2.o
    0x08001364   0x00000010   Code   RO          507    i.GPIO_Pin_Set      sys.o
    0x08001374   0x000000ac   Code   RO         2138    i.HAL_DMA_Abort     stm32f7xx_hal_dma.o
    0x08001420   0x00000028   Code   RO         2139    i.HAL_DMA_Abort_IT  stm32f7xx_hal_dma.o
    0x08001448   0x0000020c   Code   RO         1020    i.HAL_GPIO_Init     stm32f7xx_hal_gpio.o
    0x08001654   0x00000010   Code   RO         1022    i.HAL_GPIO_ReadPin  stm32f7xx_hal_gpio.o
    0x08001664   0x0000000c   Code   RO         1024    i.HAL_GPIO_WritePin  stm32f7xx_hal_gpio.o
    0x08001670   0x0000000c   Code   RO          684    i.HAL_GetTick       stm32f7xx_hal.o
    0x0800167c   0x00000018   Code   RO          690    i.HAL_IncTick       stm32f7xx_hal.o
    0x08001694   0x00000030   Code   RO          691    i.HAL_Init          stm32f7xx_hal.o
    0x080016c4   0x0000004c   Code   RO          692    i.HAL_InitTick      stm32f7xx_hal.o
    0x08001710   0x0000005c   Code   RO          877    i.HAL_MPU_ConfigRegion  stm32f7xx_hal_cortex.o
    0x0800176c   0x0000002c   Code   RO          878    i.HAL_MPU_Disable   stm32f7xx_hal_cortex.o
    0x08001798   0x00000040   Code   RO          879    i.HAL_MPU_Enable    stm32f7xx_hal_cortex.o
    0x080017d8   0x00000002   Code   RO          694    i.HAL_MspInit       stm32f7xx_hal.o
    0x080017da   0x00000002   PAD
    0x080017dc   0x0000001c   Code   RO          881    i.HAL_NVIC_DisableIRQ  stm32f7xx_hal_cortex.o
    0x080017f8   0x0000001a   Code   RO          882    i.HAL_NVIC_EnableIRQ  stm32f7xx_hal_cortex.o
    0x08001812   0x0000007c   Code   RO          888    i.HAL_NVIC_SetPriority  stm32f7xx_hal_cortex.o
    0x0800188e   0x00000002   PAD
    0x08001890   0x00000028   Code   RO          889    i.HAL_NVIC_SetPriorityGrouping  stm32f7xx_hal_cortex.o
    0x080018b8   0x00000090   Code   RO         1213    i.HAL_PWREx_EnableOverDrive  stm32f7xx_hal_pwr_ex.o
    0x08001948   0x00000194   Code   RO         1300    i.HAL_RCC_ClockConfig  stm32f7xx_hal_rcc.o
    0x08001adc   0x0000000c   Code   RO         1305    i.HAL_RCC_GetHCLKFreq  stm32f7xx_hal_rcc.o
    0x08001ae8   0x00000020   Code   RO         1307    i.HAL_RCC_GetPCLK1Freq  stm32f7xx_hal_rcc.o
    0x08001b08   0x00000020   Code   RO         1308    i.HAL_RCC_GetPCLK2Freq  stm32f7xx_hal_rcc.o
    0x08001b28   0x000000b0   Code   RO         1309    i.HAL_RCC_GetSysClockFreq  stm32f7xx_hal_rcc.o
    0x08001bd8   0x00000514   Code   RO         1312    i.HAL_RCC_OscConfig  stm32f7xx_hal_rcc.o
    0x080020ec   0x00000086   Code   RO         3846    i.HAL_RNG_GenerateRandomNumber  stm32f7xx_hal_rng.o
    0x08002172   0x00000018   Code   RO         3849    i.HAL_RNG_GetRandomNumber  stm32f7xx_hal_rng.o
    0x0800218a   0x00000034   Code   RO         3853    i.HAL_RNG_Init      stm32f7xx_hal_rng.o
    0x080021be   0x00000002   PAD
    0x080021c0   0x00000024   Code   RO         3976    i.HAL_RNG_MspInit   rng.o
    0x080021e4   0x00000028   Code   RO          891    i.HAL_SYSTICK_CLKSourceConfig  stm32f7xx_hal_cortex.o
    0x0800220c   0x00000034   Code   RO          893    i.HAL_SYSTICK_Config  stm32f7xx_hal_cortex.o
    0x08002240   0x00000002   Code   RO         3045    i.HAL_TIMEx_Break2Callback  stm32f7xx_hal_tim_ex.o
    0x08002242   0x00000002   Code   RO         3046    i.HAL_TIMEx_BreakCallback  stm32f7xx_hal_tim_ex.o
    0x08002244   0x00000002   Code   RO         3047    i.HAL_TIMEx_CommutCallback  stm32f7xx_hal_tim_ex.o
    0x08002246   0x0000006e   Code   RO         2320    i.HAL_TIM_Base_Init  stm32f7xx_hal_tim.o
    0x080022b4   0x0000013c   Code   RO         4021    i.HAL_TIM_Base_MspInit  btim.o
    0x080023f0   0x000000b4   Code   RO         2325    i.HAL_TIM_Base_Start_IT  stm32f7xx_hal_tim.o
    0x080024a4   0x00000002   Code   RO         2354    i.HAL_TIM_IC_CaptureCallback  stm32f7xx_hal_tim.o
    0x080024a6   0x000001b8   Code   RO         2368    i.HAL_TIM_IRQHandler  stm32f7xx_hal_tim.o
    0x0800265e   0x00000002   Code   RO         2371    i.HAL_TIM_OC_DelayElapsedCallback  stm32f7xx_hal_tim.o
    0x08002660   0x00000002   Code   RO         2398    i.HAL_TIM_PWM_PulseFinishedCallback  stm32f7xx_hal_tim.o
    0x08002662   0x00000002   PAD
    0x08002664   0x000000f8   Code   RO         4022    i.HAL_TIM_PeriodElapsedCallback  btim.o
    0x0800275c   0x00000002   Code   RO         2411    i.HAL_TIM_TriggerCallback  stm32f7xx_hal_tim.o
    0x0800275e   0x00000002   Code   RO         1470    i.HAL_UARTEx_RxEventCallback  stm32f7xx_hal_uart.o
    0x08002760   0x00000002   Code   RO         1471    i.HAL_UARTEx_WakeupCallback  stm32f7xx_hal_uart.o
    0x08002762   0x00000002   Code   RO         1487    i.HAL_UART_ErrorCallback  stm32f7xx_hal_uart.o
    0x08002764   0x0000000e   Code   RO         1489    i.HAL_UART_GetState  stm32f7xx_hal_uart.o
    0x08002772   0x00000002   PAD
    0x08002774   0x00000350   Code   RO         1490    i.HAL_UART_IRQHandler  stm32f7xx_hal_uart.o
    0x08002ac4   0x00000074   Code   RO         1491    i.HAL_UART_Init     stm32f7xx_hal_uart.o
    0x08002b38   0x00000002   Code   RO          280    i.HAL_UART_MspInit  stm32f7xx_hal_msp.o
    0x08002b3a   0x00000050   Code   RO         1496    i.HAL_UART_Receive_IT  stm32f7xx_hal_uart.o
    0x08002b8a   0x00000002   PAD
    0x08002b8c   0x00000088   Code   RO          601    i.HAL_UART_RxCpltCallback  usart.o
    0x08002c14   0x000000b2   Code   RO         1500    i.HAL_UART_Transmit  stm32f7xx_hal_uart.o
    0x08002cc6   0x00000002   Code   RO         1503    i.HAL_UART_TxCpltCallback  stm32f7xx_hal_uart.o
    0x08002cc8   0x00000004   Code   RO          321    i.HardFault_Handler  stm32f7xx_it.o
    0x08002ccc   0x00000058   Code   RO         3946    i.LED_Init          led.o
    0x08002d24   0x000000c0   Code   RO         5554    i.Leader_Catching   tendermint2.o
    0x08002de4   0x00000154   Code   RO         5555    i.Leader_Send       tendermint2.o
    0x08002f38   0x00000284   Code   RO         5402    i.LoRa_Init         mw1268_app.o
    0x080031bc   0x00000028   Code   RO         5404    i.LoRa_SendData     mw1268_app.o
    0x080031e4   0x0000021c   Code   RO         5405    i.LoRa_Set          mw1268_app.o
    0x08003400   0x0000004e   Code   RO            6    i.MPU_Config        main.o
    0x0800344e   0x00000004   Code   RO          322    i.MemManage_Handler  stm32f7xx_it.o
    0x08003452   0x00000002   Code   RO          323    i.NMI_Handler       stm32f7xx_it.o
    0x08003454   0x00000010   Code   RO          895    i.NVIC_GetPriorityGrouping  stm32f7xx_hal_cortex.o
    0x08003464   0x00000028   Code   RO          896    i.NVIC_SetPriority  stm32f7xx_hal_cortex.o
    0x0800348c   0x000000b8   Code   RO         5556    i.New_Proposal      tendermint2.o
    0x08003544   0x000000f8   Code   RO         5557    i.Propose           tendermint2.o
    0x0800363c   0x00000010   Code   RO         3977    i.RNG_Get_RandomNum  rng.o
    0x0800364c   0x00000020   Code   RO         3978    i.RNG_Get_RandomRange  rng.o
    0x0800366c   0x00000048   Code   RO         3979    i.RNG_Init          rng.o
    0x080036b4   0x0000009c   Code   RO            7    i.SCB_EnableDCache  main.o
    0x08003750   0x0000009c   Code   RO         5558    i.Send_COMMIT       tendermint2.o
    0x080037ec   0x0000009c   Code   RO         5559    i.Send_PREPARE      tendermint2.o
    0x08003888   0x0000006c   Code   RO         5560    i.Send_REPLAY       tendermint2.o
    0x080038f4   0x0000009c   Code   RO         5562    i.Send_VIEW_CHANGE  tendermint2.o
    0x08003990   0x0000001a   Code   RO            8    i.Sixteen2Ten       main.o
    0x080039aa   0x00000002   PAD
    0x080039ac   0x0000003c   Code   RO         5563    i.Start_TIMER       tendermint2.o
    0x080039e8   0x00000014   Code   RO         5564    i.Start_main        tendermint2.o
    0x080039fc   0x00000014   Code   RO          452    i.SysTick_Handler   delay.o
    0x08003a10   0x00000070   Code   RO            9    i.SystemClock_Config  main.o
    0x08003a80   0x00000014   Code   RO         5510    i.SystemInit        system_stm32f7xx.o
    0x08003a94   0x00000010   Code   RO         4023    i.TIM1_BRK_TIM9_IRQHandler  btim.o
    0x08003aa4   0x00000010   Code   RO         4024    i.TIM1_UP_TIM10_IRQHandler  btim.o
    0x08003ab4   0x00000010   Code   RO         4025    i.TIM2_IRQHandler   btim.o
    0x08003ac4   0x00000010   Code   RO         4027    i.TIM5_IRQHandler   btim.o
    0x08003ad4   0x00000010   Code   RO         4028    i.TIM7_IRQHandler   btim.o
    0x08003ae4   0x000000d8   Code   RO         2413    i.TIM_Base_SetConfig  stm32f7xx_hal_tim.o
    0x08003bbc   0x000000f8   Code   RO         1505    i.UART_AdvFeatureConfig  stm32f7xx_hal_uart.o
    0x08003cb4   0x00000076   Code   RO         1506    i.UART_CheckIdleState  stm32f7xx_hal_uart.o
    0x08003d2a   0x00000018   Code   RO         1507    i.UART_DMAAbortOnError  stm32f7xx_hal_uart.o
    0x08003d42   0x00000066   Code   RO         1517    i.UART_EndRxTransfer  stm32f7xx_hal_uart.o
    0x08003da8   0x0000002e   Code   RO         1518    i.UART_EndTransmit_IT  stm32f7xx_hal_uart.o
    0x08003dd6   0x000000d4   Code   RO         1520    i.UART_RxISR_16BIT  stm32f7xx_hal_uart.o
    0x08003eaa   0x000000d0   Code   RO         1521    i.UART_RxISR_8BIT   stm32f7xx_hal_uart.o
    0x08003f7a   0x00000002   PAD
    0x08003f7c   0x0000033c   Code   RO         1522    i.UART_SetConfig    stm32f7xx_hal_uart.o
    0x080042b8   0x000000f4   Code   RO         1524    i.UART_Start_Receive_IT  stm32f7xx_hal_uart.o
    0x080043ac   0x000000fc   Code   RO         1527    i.UART_WaitOnFlagUntilTimeout  stm32f7xx_hal_uart.o
    0x080044a8   0x00000050   Code   RO          602    i.USART1_IRQHandler  usart.o
    0x080044f8   0x0000007c   Code   RO         4222    i.USART3_IRQHandler  usart3.o
    0x08004574   0x00000004   Code   RO          324    i.UsageFault_Handler  stm32f7xx_it.o
    0x08004578   0x00000088   Code   RO         5407    i.User_GpioInit     mw1268_app.o
    0x08004600   0x00000060   Code   RO         5709    i._Z12regularize_kPKjPjS1_PK12uECC_Curve_t  uecc.o
    0x08004660   0x00000040   Code   RO         5710    i._Z12uECC_vli_addPjPKjS1_a  uecc.o
    0x080046a0   0x00000042   Code   RO         5711    i._Z12uECC_vli_cmpPKjS0_a  uecc.o
    0x080046e2   0x0000001a   Code   RO         5712    i._Z12uECC_vli_setPjPKja  uecc.o
    0x080046fc   0x00000042   Code   RO         5713    i._Z12uECC_vli_subPjPKjS1_a  uecc.o
    0x0800473e   0x000001ae   Code   RO         5714    i._Z13EccPoint_multPjPKjS1_S1_sPK12uECC_Curve_t  uecc.o
    0x080048ec   0x00000142   Code   RO         5715    i._Z13uECC_vli_mmodPjS_PKja  uecc.o
    0x08004a2e   0x000000ae   Code   RO         5716    i._Z13uECC_vli_multPjPKjS1_a  uecc.o
    0x08004adc   0x00000020   Code   RO         5717    i._Z13vli_numDigitsPKja  uecc.o
    0x08004afc   0x00000016   Code   RO         5718    i._Z14uECC_vli_clearPja  uecc.o
    0x08004b12   0x0000002c   Code   RO         5719    i._Z14uECC_vli_equalPKjS0_a  uecc.o
    0x08004b3e   0x00000002   PAD
    0x08004b40   0x00000058   Code   RO         5720    i._Z14x_side_defaultPjPKjPK12uECC_Curve_t  uecc.o
    0x08004b98   0x00000024   Code   RO         5721    i._Z15uECC_vli_isZeroPKja  uecc.o
    0x08004bbc   0x00000040   Code   RO         5722    i._Z15uECC_vli_modAddPjPKjS1_S1_a  uecc.o
    0x08004bfc   0x00000132   Code   RO         5723    i._Z15uECC_vli_modInvPjPKjS1_a  uecc.o
    0x08004d2e   0x00000034   Code   RO         5724    i._Z15uECC_vli_modSubPjPKjS1_S1_a  uecc.o
    0x08004d62   0x00000002   PAD
    0x08004d64   0x00000080   Code   RO         5725    i._Z16mod_sqrt_defaultPjPK12uECC_Curve_t  uecc.o
    0x08004de4   0x0000018c   Code   RO         5726    i._Z16uECC_sign_with_kPKhS0_jPjPhPK12uECC_Curve_t  uecc.o
    0x08004f70   0x00000030   Code   RO         5728    i._Z16uECC_vli_modMultPjPKjS1_S1_a  uecc.o
    0x08004fa0   0x00000036   Code   RO         5729    i._Z16uECC_vli_numBitsPKja  uecc.o
    0x08004fd6   0x00000022   Code   RO         5730    i._Z16uECC_vli_rshift1Pja  uecc.o
    0x08004ff8   0x00000016   Code   RO         5731    i._Z16uECC_vli_testBitPKjs  uecc.o
    0x0800500e   0x00000032   Code   RO         5732    i._Z16x_side_secp256k1PjPKjPK12uECC_Curve_t  uecc.o
    0x08005040   0x00000040   Code   RO         5733    i._Z17vli_modInv_updatePjPKja  uecc.o
    0x08005080   0x00000098   Code   RO         5734    i._Z18mod_sqrt_secp224r1PjPK12uECC_Curve_t  uecc.o
    0x08005118   0x00000074   Code   RO         5735    i._Z19XYcZ_initial_doublePjS_S_S_PKjPK12uECC_Curve_t  uecc.o
    0x0800518c   0x0000003a   Code   RO         5736    i._Z19uECC_vli_cmp_unsafePKjS0_a  uecc.o
    0x080051c6   0x0000004e   Code   RO         5737    i._Z20omega_mult_secp160r1PjPKj  uecc.o
    0x08005214   0x00000044   Code   RO         5738    i._Z20omega_mult_secp256k1PjPKj  uecc.o
    0x08005258   0x000000c4   Code   RO         5739    i._Z21mod_sqrt_secp224r1_rmPjS_S_PKjS1_S1_S1_S1_  uecc.o
    0x0800531c   0x000000b4   Code   RO         5740    i._Z21mod_sqrt_secp224r1_rpPjS_S_PKjS1_  uecc.o
    0x080053d0   0x00000088   Code   RO         5741    i._Z21mod_sqrt_secp224r1_rsPjS_S_PKjS1_S1_  uecc.o
    0x08005458   0x00000028   Code   RO         5742    i._Z21uECC_vli_modMult_fastPjPKjS1_PK12uECC_Curve_t  uecc.o
    0x08005480   0x00000058   Code   RO         5743    i._Z22mod_sqrt_secp224r1_rssPjS_S_PKjS1_S1_s  uecc.o
    0x080054d8   0x0000004a   Code   RO         5744    i._Z22uECC_vli_bytesToNativePjPKhi  uecc.o
    0x08005522   0x00000024   Code   RO         5745    i._Z22uECC_vli_nativeToBytesPhiPKj  uecc.o
    0x08005546   0x00000154   Code   RO         5746    i._Z23double_jacobian_defaultPjS_S_PK12uECC_Curve_t  uecc.o
    0x0800569a   0x00000016   Code   RO         5747    i._Z23uECC_vli_modSquare_fastPjPKjPK12uECC_Curve_t  uecc.o
    0x080056b0   0x00000084   Code   RO         5748    i._Z23vli_mmod_fast_secp160r1PjS_  uecc.o
    0x08005734   0x0000009c   Code   RO         5749    i._Z23vli_mmod_fast_secp192r1PjS_  uecc.o
    0x080057d0   0x000000e8   Code   RO         5750    i._Z23vli_mmod_fast_secp224r1PjS_  uecc.o
    0x080058b8   0x00000084   Code   RO         5751    i._Z23vli_mmod_fast_secp256k1PjS_  uecc.o
    0x0800593c   0x000001c8   Code   RO         5752    i._Z23vli_mmod_fast_secp256r1PjS_  uecc.o
    0x08005b04   0x00000078   Code   RO         5753    i._Z24uECC_generate_random_intPjPKja  uecc.o
    0x08005b7c   0x00000100   Code   RO         5754    i._Z25double_jacobian_secp256k1PjS_S_PK12uECC_Curve_t  uecc.o
    0x08005c7c   0x0000000e   Code   RO         5756    i._Z4smaxss         uecc.o
    0x08005c8a   0x0000004e   Code   RO         5757    i._Z6muladdjjPjS_S_  uecc.o
    0x08005cd8   0x0000003e   Code   RO         5758    i._Z7apply_zPjS_PKjPK12uECC_Curve_t  uecc.o
    0x08005d16   0x000000ca   Code   RO         5759    i._Z8XYcZ_addPjS_S_S_PK12uECC_Curve_t  uecc.o
    0x08005de0   0x000000a8   Code   RO         5760    i._Z8bits2intPjPKhjPK12uECC_Curve_t  uecc.o
    0x08005e88   0x00000118   Code   RO         5763    i._Z9XYcZ_addCPjS_S_S_PK12uECC_Curve_t  uecc.o
    0x08005fa0   0x00000020   Code   RO         6539    i.__0printf         mc_w.l(printfa.o)
    0x08005fc0   0x00000028   Code   RO         6541    i.__0sprintf        mc_w.l(printfa.o)
    0x08005fe8   0x00000024   Code   RO         6545    i.__0vsprintf       mc_w.l(printfa.o)
    0x0800600c   0x0000000e   Code   RO         6619    i.__scatterload_copy  mc_w.l(handlers.o)
    0x0800601a   0x00000002   Code   RO         6620    i.__scatterload_null  mc_w.l(handlers.o)
    0x0800601c   0x0000000e   Code   RO         6621    i.__scatterload_zeroinit  mc_w.l(handlers.o)
    0x0800602a   0x00000002   PAD
    0x0800602c   0x00000184   Code   RO         6546    i._fp_digits        mc_w.l(printfa.o)
    0x080061b0   0x000006dc   Code   RO         6547    i._printf_core      mc_w.l(printfa.o)
    0x0800688c   0x00000024   Code   RO         6548    i._printf_post_padding  mc_w.l(printfa.o)
    0x080068b0   0x0000002e   Code   RO         6549    i._printf_pre_padding  mc_w.l(printfa.o)
    0x080068de   0x0000000a   Code   RO         6551    i._sputc            mc_w.l(printfa.o)
    0x080068e8   0x00000034   Code   RO         4035    i.btim_tim2_enable  btim.o
    0x0800691c   0x0000002c   Code   RO         4036    i.btim_tim2_int_init  btim.o
    0x08006948   0x0000002c   Code   RO         4040    i.btim_tim5_int_init  btim.o
    0x08006974   0x0000002c   Code   RO         4044    i.btim_tim9_int_init  btim.o
    0x080069a0   0x0000000c   Code   RO         4046    i.btim_timx_counterset  btim.o
    0x080069ac   0x00000034   Code   RO         4047    i.btim_timx_enable  btim.o
    0x080069e0   0x0000002c   Code   RO         4048    i.btim_timx_int_init  btim.o
    0x08006a0c   0x00000044   Code   RO          453    i.delay_init        delay.o
    0x08006a50   0x00000040   Code   RO          454    i.delay_ms          delay.o
    0x08006a90   0x00000048   Code   RO          455    i.delay_us          delay.o
    0x08006ad8   0x0000001c   Code   RO          604    i.fputc             usart.o
    0x08006af4   0x00000104   Code   RO         5565    i.init              tendermint2.o
    0x08006bf8   0x000000e4   Code   RO           10    i.init_public_key   main.o
    0x08006cdc   0x00000034   Code   RO         5479    i.lora_check_cmd    mw1268_uart.o
    0x08006d10   0x00000080   Code   RO         5480    i.lora_send_cmd     mw1268_uart.o
    0x08006d90   0x0000004c   Code   RO           11    i.main              main.o
    0x08006ddc   0x00000044   Code   RO           12    i.my_RNG            main.o
    0x08006e20   0x00000098   Code   RO         4732    i.prvAddCurrentTaskToDelayedList  tasks.o
    0x08006eb8   0x000000b8   Code   RO         4733    i.prvAddNewTaskToReadyList  tasks.o
    0x08006f70   0x00000064   Code   RO         5108    i.prvCheckForValidListAndQueue  timers.o
    0x08006fd4   0x00000064   Code   RO         4734    i.prvCheckTasksWaitingTermination  tasks.o
    0x08007038   0x0000002a   Code   RO         4484    i.prvCopyDataFromQueue  queue.o
    0x08007062   0x0000007c   Code   RO         4485    i.prvCopyDataToQueue  queue.o
    0x080070de   0x00000012   Code   RO         4735    i.prvDeleteTCB      tasks.o
    0x080070f0   0x00000028   Code   RO         5109    i.prvGetNextExpireTime  timers.o
    0x08007118   0x0000007c   Code   RO         5339    i.prvHeapInit       heap_4.o
    0x08007194   0x00000028   Code   RO         4736    i.prvIdleTask       tasks.o
    0x080071bc   0x0000002e   Code   RO         4487    i.prvInitialiseNewQueue  queue.o
    0x080071ea   0x00000002   PAD
    0x080071ec   0x000000d0   Code   RO         4737    i.prvInitialiseNewTask  tasks.o
    0x080072bc   0x00000068   Code   RO         4738    i.prvInitialiseTaskLists  tasks.o
    0x08007324   0x00000068   Code   RO         5340    i.prvInsertBlockIntoFreeList  heap_4.o
    0x0800738c   0x00000058   Code   RO         5111    i.prvInsertTimerInActiveList  timers.o
    0x080073e4   0x0000001a   Code   RO         4488    i.prvIsQueueEmpty   queue.o
    0x080073fe   0x0000001e   Code   RO         4489    i.prvIsQueueFull    queue.o
    0x0800741c   0x000000a0   Code   RO         4490    i.prvNotifyQueueSetContainer  queue.o
    0x080074bc   0x00000080   Code   RO         5112    i.prvProcessExpiredTimer  timers.o
    0x0800753c   0x0000012c   Code   RO         5113    i.prvProcessReceivedCommands  timers.o
    0x08007668   0x00000074   Code   RO         5114    i.prvProcessTimerOrBlockTask  timers.o
    0x080076dc   0x00000034   Code   RO         4740    i.prvResetNextTaskUnblockTime  tasks.o
    0x08007710   0x0000002c   Code   RO         5115    i.prvSampleTimeNow  timers.o
    0x0800773c   0x000000bc   Code   RO         5116    i.prvSwitchTimerLists  timers.o
    0x080077f8   0x0000007c   Code   RO         5251    i.prvTaskExitError  port.o
    0x08007874   0x0000001a   Code   RO         5117    i.prvTimerTask      timers.o
    0x0800788e   0x00000092   Code   RO         4491    i.prvUnlockQueue    queue.o
    0x08007920   0x00000154   Code   RO         5341    i.pvPortMalloc      heap_4.o
    0x08007a74   0x00000020   Code   RO         4744    i.pvTaskIncrementMutexHeldCount  tasks.o
    0x08007a94   0x0000002c   Code   RO         5252    i.pxPortInitialiseStack  port.o
    0x08007ac0   0x00000032   Code   RO         6207    i.sha2              sha2.o
    0x08007af2   0x00000002   PAD
    0x08007af4   0x00000134   Code   RO         6209    i.sha2_finish       sha2.o
    0x08007c28   0x0000345c   Code   RO         6214    i.sha2_process      sha2.o
    0x0800b084   0x00000090   Code   RO         6215    i.sha2_starts       sha2.o
    0x0800b114   0x00000080   Code   RO         6216    i.sha2_update       sha2.o
    0x0800b194   0x00000084   Code   RO         5566    i.sign_data         tendermint2.o
    0x0800b218   0x00000044   Code   RO           16    i.start_task        main.o
    0x0800b25c   0x000007a0   Code   RO         5567    i.tendermint2       tendermint2.o
    0x0800b9fc   0x0000003c   Code   RO         5568    i.test_finish       tendermint2.o
    0x0800ba38   0x00000008   Code   RO         5772    i.uECC_secp192r1    uecc.o
    0x0800ba40   0x0000000c   Code   RO         5776    i.uECC_set_rng      uecc.o
    0x0800ba4c   0x0000005a   Code   RO         5778    i.uECC_sign         uecc.o
    0x0800baa6   0x000002d0   Code   RO         5781    i.uECC_verify       uecc.o
    0x0800bd76   0x00000002   PAD
    0x0800bd78   0x000000c0   Code   RO         4223    i.usart3_bpsset     usart3.o
    0x0800be38   0x00000078   Code   RO         4224    i.usart3_gpioinit   usart3.o
    0x0800beb0   0x00000068   Code   RO         4225    i.usart3_init       usart3.o
    0x0800bf18   0x00000044   Code   RO         4226    i.usart3_rx         usart3.o
    0x0800bf5c   0x0000003c   Code   RO         4227    i.usart3_sendData   usart3.o
    0x0800bf98   0x00000028   Code   RO         4435    i.uxListRemove      list.o
    0x0800bfc0   0x0000001a   Code   RO         4436    i.vListInitialise   list.o
    0x0800bfda   0x00000006   Code   RO         4437    i.vListInitialiseItem  list.o
    0x0800bfe0   0x00000034   Code   RO         4438    i.vListInsert       list.o
    0x0800c014   0x00000018   Code   RO         4439    i.vListInsertEnd    list.o
    0x0800c02c   0x00000090   Code   RO         5254    i.vPortEnterCritical  port.o
    0x0800c0bc   0x00000074   Code   RO         5255    i.vPortExitCritical  port.o
    0x0800c130   0x000000b8   Code   RO         5342    i.vPortFree         heap_4.o
    0x0800c1e8   0x00000020   Code   RO         5256    i.vPortSetupTimerInterrupt  port.o
    0x0800c208   0x000000a4   Code   RO         5257    i.vPortValidateInterruptPriority  port.o
    0x0800c2ac   0x0000002c   Code   RO         4497    i.vQueueAddToRegistry  queue.o
    0x0800c2d8   0x0000004a   Code   RO         4501    i.vQueueWaitForMessageRestricted  queue.o
    0x0800c322   0x00000002   PAD
    0x0800c324   0x00000074   Code   RO         4752    i.vTaskDelay        tasks.o
    0x0800c398   0x0000010c   Code   RO         4754    i.vTaskDelete       tasks.o
    0x0800c4a4   0x0000000c   Code   RO         4758    i.vTaskMissedYield  tasks.o
    0x0800c4b0   0x00000054   Code   RO         4760    i.vTaskPlaceOnEventList  tasks.o
    0x0800c504   0x0000005c   Code   RO         4761    i.vTaskPlaceOnEventListRestricted  tasks.o
    0x0800c560   0x000000b0   Code   RO         4763    i.vTaskPriorityInherit  tasks.o
    0x0800c610   0x0000004c   Code   RO         4767    i.vTaskSetTimeOutState  tasks.o
    0x0800c65c   0x000000b0   Code   RO         4768    i.vTaskStartScheduler  tasks.o
    0x0800c70c   0x00000010   Code   RO         4770    i.vTaskSuspendAll   tasks.o
    0x0800c71c   0x000000a8   Code   RO         4771    i.vTaskSwitchContext  tasks.o
    0x0800c7c4   0x00000118   Code   RO         5258    i.xPortStartScheduler  port.o
    0x0800c8dc   0x00000038   Code   RO         5259    i.xPortSysTickHandler  port.o
    0x0800c914   0x00000074   Code   RO         4506    i.xQueueGenericCreate  queue.o
    0x0800c988   0x000001c8   Code   RO         4507    i.xQueueGenericReceive  queue.o
    0x0800cb50   0x000000b0   Code   RO         4508    i.xQueueGenericReset  queue.o
    0x0800cc00   0x000001c4   Code   RO         4509    i.xQueueGenericSend  queue.o
    0x0800cdc4   0x00000114   Code   RO         4510    i.xQueueGenericSendFromISR  queue.o
    0x0800ced8   0x000000a0   Code   RO         4772    i.xTaskCheckForTimeOut  tasks.o
    0x0800cf78   0x00000060   Code   RO         4773    i.xTaskCreate       tasks.o
    0x0800cfd8   0x00000020   Code   RO         4777    i.xTaskGetSchedulerState  tasks.o
    0x0800cff8   0x0000000c   Code   RO         4778    i.xTaskGetTickCount  tasks.o
    0x0800d004   0x00000160   Code   RO         4780    i.xTaskIncrementTick  tasks.o
    0x0800d164   0x000000d8   Code   RO         4783    i.xTaskPriorityDisinherit  tasks.o
    0x0800d23c   0x000000b4   Code   RO         4784    i.xTaskRemoveFromEventList  tasks.o
    0x0800d2f0   0x00000120   Code   RO         4786    i.xTaskResumeAll    tasks.o
    0x0800d410   0x00000074   Code   RO         5121    i.xTimerCreateTimerTask  timers.o
    0x0800d484   0x000000a4   Code   RO         5122    i.xTimerGenericCommand  timers.o
    0x0800d528   0x00000018   Data   RO         5511    .constdata          system_stm32f7xx.o
    0x0800d540   0x00000394   Data   RO         5857    .constdata          uecc.o
    0x0800d8d4   0x00000040   Data   RO         6217    .constdata          sha2.o
    0x0800d914   0x00000020   Data   RO         6617    Region$$Table       anon$$obj.o


    Execution Region RW_IRAM1 (Base: 0x20020000, Size: 0x0000fd70, Max: 0x00060000, ABSOLUTE, COMPRESSED[0x00000950])

    Base Addr    Size         Type   Attr      Idx    E Section Name        Object

    0x20020000   0x00000ea8   Data   RW           19    .data               main.o
    0x20020ea8   0x00000006   Data   RW          457    .data               delay.o
    0x20020eae   0x00000002   PAD
    0x20020eb0   0x00000007   Data   RW          607    .data               usart.o
    0x20020eb7   0x00000001   PAD
    0x20020eb8   0x00000009   Data   RW          698    .data               stm32f7xx_hal.o
    0x20020ec1   0x00000003   Data   RW         3947    .data               led.o
    0x20020ec4   0x00000014   Data   RW         4050    .data               btim.o
    0x20020ed8   0x00000008   Data   RW         4229    .data               usart3.o
    0x20020ee0   0x0000003c   Data   RW         4789    .data               tasks.o
    0x20020f1c   0x00000014   Data   RW         5130    .data               timers.o
    0x20020f30   0x0000000c   Data   RW         5260    .data               port.o
    0x20020f3c   0x00000018   Data   RW         5347    .data               heap_4.o
    0x20020f54   0x00000016   Data   RW         5409    .data               mw1268_app.o
    0x20020f6a   0x00000002   PAD
    0x20020f6c   0x00000004   Data   RW         5512    .data               system_stm32f7xx.o
    0x20020f70   0x00000056   Data   RW         5570    .data               tendermint2.o
    0x20020fc6   0x00000002   PAD
    0x20020fc8   0x00000004   Data   RW         5858    .data               uecc.o
    0x20020fcc   0x00000780   Zero   RW           18    .bss                main.o
    0x2002174c   0x00000150   Zero   RW          606    .bss                usart.o
    0x2002189c   0x00000010   Zero   RW         3980    .bss                rng.o
    0x200218ac   0x0000017c   Zero   RW         4049    .bss                btim.o
    0x20021a28   0x00000888   Zero   RW         4228    .bss                usart3.o
    0x200222b0   0x00000040   Zero   RW         4521    .bss                queue.o
    0x200222f0   0x000002e4   Zero   RW         4788    .bss                tasks.o
    0x200225d4   0x00000028   Zero   RW         5129    .bss                timers.o
    0x200225fc   0x0000b800   Zero   RW         5346    .bss                heap_4.o
    0x2002ddfc   0x00000366   Zero   RW         5408    .bss                mw1268_app.o
    0x2002e162   0x00000002   PAD
    0x2002e164   0x00000c08   Zero   RW         5569    .bss                tendermint2.o
    0x2002ed6c   0x00000004   PAD
    0x2002ed70   0x00001000   Zero   RW          657    STACK               startup_stm32f767xx.o


==============================================================================

Image component sizes


      Code (inc. data)   RO Data    RW Data    ZI Data      Debug   Object Name

       936        154          0         20        380       9834   btim.o
       224         18          0          6          0       2449   delay.o
         0          0          0          0          0      11720   event_groups.o
       752        176          0         24      47104       3875   heap_4.o
        88          8          0          3          0       1101   led.o
       148          0          0          0          0       3122   list.o
       976         88          0       3752       1920     935562   main.o
      3112        606          0         22        870       9617   mw1268_app.o
       180         26          0          0          0       1753   mw1268_uart.o
      1146        410          0         12          0      10645   port.o
      2168        238          0          0         64      15569   queue.o
       156         22          0          0         16       2753   rng.o
     14034        328         64          0          0       6249   sha2.o
        36          8        504          0       4096        816   startup_stm32f767xx.o
       162         30          0          9          0       8971   stm32f7xx_hal.o
       566         44          0          0          0      39113   stm32f7xx_hal_cortex.o
       212          0          0          0          0       1943   stm32f7xx_hal_dma.o
       552         52          0          0          0       2783   stm32f7xx_hal_gpio.o
         2          0          0          0          0        723   stm32f7xx_hal_msp.o
       144          8          0          0          0       1256   stm32f7xx_hal_pwr_ex.o
      1956         74          0          0          0       5540   stm32f7xx_hal_rcc.o
       210          0          0          0          0       2620   stm32f7xx_hal_rng.o
       954         80          0          0          0       5911   stm32f7xx_hal_tim.o
         6          0          0          0          0       2164   stm32f7xx_hal_tim_ex.o
      3526         86          0          0          0      16481   stm32f7xx_hal_uart.o
        20          0          0          0          0       2621   stm32f7xx_it.o
        16          0          0          0          0        827   sys.o
        20          6         24          4          0       1335   system_stm32f7xx.o
      3410        878          0         60        740      29051   tasks.o
      4756        668          0         86       3080      20685   tendermint2.o
      1310        312          0         20         40       8635   timers.o
      7386         76        916          4          0      51614   uecc.o
       244         36          0          7        336       3634   usart.o
       668         74          0          8       2184       5034   usart3.o

    ----------------------------------------------------------------------
     50108       4506       1540       4044      60836    1226006   Object Totals
         0          0         32          0          0          0   (incl. Generated)
        32          0          0          7          6          0   (incl. Padding)

    ----------------------------------------------------------------------

      Code (inc. data)   RO Data    RW Data    ZI Data      Debug   Library Member Name

        94          0          0          0          0          0   __dclz77c.o
         0          0          0          0          0          0   entry.o
         0          0          0          0          0          0   entry10a.o
         0          0          0          0          0          0   entry11a.o
         8          4          0          0          0          0   entry2.o
         4          0          0          0          0          0   entry5.o
         0          0          0          0          0          0   entry7b.o
         0          0          0          0          0          0   entry8b.o
         8          4          0          0          0          0   entry9a.o
        30          0          0          0          0          0   handlers.o
        36          8          0          0          0         68   init.o
         0          0          0          0          0          0   iusefp.o
        30          0          0          0          0         68   llshl.o
        36          0          0          0          0         68   llsshr.o
        32          0          0          0          0         68   llushr.o
        36          0          0          0          0         68   memcpya.o
        36          0          0          0          0        108   memseta.o
      2344        102          0          0          0        684   printfa.o
        14          0          0          0          0         68   strlen.o
        36          0          0          0          0         80   strstr.o
        44          0          0          0          0         80   uidiv.o
        98          0          0          0          0         92   uldiv.o
        48          0          0          0          0         68   cdrcmple.o
       334          0          0          0          0        148   dadd.o
       222          0          0          0          0        100   ddiv.o
       186          0          0          0          0        176   depilogue.o
        48          0          0          0          0         68   dfixul.o
       228          0          0          0          0         96   dmul.o

    ----------------------------------------------------------------------
      3956        118          0          0          0       2108   Library Totals
         4          0          0          0          0          0   (incl. Padding)

    ----------------------------------------------------------------------

      Code (inc. data)   RO Data    RW Data    ZI Data      Debug   Library Name

      2886        118          0          0          0       1452   mc_w.l
      1066          0          0          0          0        656   mf_w.l

    ----------------------------------------------------------------------
      3956        118          0          0          0       2108   Library Totals

    ----------------------------------------------------------------------

==============================================================================


      Code (inc. data)   RO Data    RW Data    ZI Data      Debug   

     54064       4624       1540       4044      60836    1200906   Grand Totals
     54064       4624       1540       2384      60836    1200906   ELF Image Totals (compressed)
     54064       4624       1540       2384          0          0   ROM Totals

==============================================================================

    Total RO  Size (Code + RO Data)                55604 (  54.30kB)
    Total RW  Size (RW Data + ZI Data)             64880 (  63.36kB)
    Total ROM Size (Code + RO Data + RW Data)      57988 (  56.63kB)

==============================================================================

