Component: ARM Compiler 5.06 update 3 (build 300) Tool: armlink [4d35c9]

==============================================================================

Section Cross References

    main.o(i.CPU_CACHE_Enable) refers to main.o(i.SCB_EnableDCache) for SCB_EnableDCache
    main.o(i.CSMACA_PBFT) refers to btim.o(i.btim_tim5_int_init) for btim_tim5_int_init
    main.o(i.CSMACA_PBFT) refers to btim.o(i.btim_tim2_int_init) for btim_tim2_int_init
    main.o(i.CSMACA_PBFT) refers to btim.o(i.btim_tim9_int_init) for btim_tim9_int_init
    main.o(i.CSMACA_PBFT) refers to tendermint2.o(i.tendermint2) for tendermint2
    main.o(i.MPU_Config) refers to stm32f7xx_hal_cortex.o(i.HAL_MPU_Disable) for HAL_MPU_Disable
    main.o(i.MPU_Config) refers to stm32f7xx_hal_cortex.o(i.HAL_MPU_ConfigRegion) for HAL_MPU_ConfigRegion
    main.o(i.MPU_Config) refers to stm32f7xx_hal_cortex.o(i.HAL_MPU_Enable) for HAL_MPU_Enable
    main.o(i.SystemClock_Config) refers to stm32f7xx_hal_rcc.o(i.HAL_RCC_OscConfig) for HAL_RCC_OscConfig
    main.o(i.SystemClock_Config) refers to stm32f7xx_hal_pwr_ex.o(i.HAL_PWREx_EnableOverDrive) for HAL_PWREx_EnableOverDrive
    main.o(i.SystemClock_Config) refers to stm32f7xx_hal_rcc.o(i.HAL_RCC_ClockConfig) for HAL_RCC_ClockConfig
    main.o(i.init_public_key) refers to delay.o(i.delay_ms) for delay_ms
    main.o(i.init_public_key) refers to rng.o(i.RNG_Init) for RNG_Init
    main.o(i.init_public_key) refers to main.o(i.Sixteen2Ten) for Sixteen2Ten
    main.o(i.init_public_key) refers to uecc.o(i.uECC_secp192r1) for uECC_secp192r1
    main.o(i.init_public_key) refers to uecc.o(i.uECC_set_rng) for uECC_set_rng
    main.o(i.init_public_key) refers to main.o(.data) for public_key_string
    main.o(i.init_public_key) refers to main.o(.bss) for public_key
    main.o(i.init_public_key) refers to tendermint2.o(.bss) for curves
    main.o(i.init_public_key) refers to main.o(i.my_RNG) for my_RNG
    main.o(i.main) refers to main.o(i.MPU_Config) for MPU_Config
    main.o(i.main) refers to main.o(i.CPU_CACHE_Enable) for CPU_CACHE_Enable
    main.o(i.main) refers to stm32f7xx_hal.o(i.HAL_Init) for HAL_Init
    main.o(i.main) refers to main.o(i.SystemClock_Config) for SystemClock_Config
    main.o(i.main) refers to delay.o(i.delay_init) for delay_init
    main.o(i.main) refers to led.o(i.LED_Init) for LED_Init
    main.o(i.main) refers to tasks.o(i.xTaskCreate) for xTaskCreate
    main.o(i.main) refers to tasks.o(i.vTaskStartScheduler) for vTaskStartScheduler
    main.o(i.main) refers to main.o(.data) for StartTask_Handler
    main.o(i.main) refers to main.o(i.start_task) for start_task
    main.o(i.my_RNG) refers to rng.o(i.RNG_Get_RandomNum) for RNG_Get_RandomNum
    main.o(i.run_slow) refers to sys.o(i.GPIO_Pin_Set) for GPIO_Pin_Set
    main.o(i.setup) refers to sys.o(i.GPIO_Set) for GPIO_Set
    main.o(i.spin) refers to sys.o(i.GPIO_Pin_Set) for GPIO_Pin_Set
    main.o(i.start_task) refers to port.o(i.vPortEnterCritical) for vPortEnterCritical
    main.o(i.start_task) refers to tasks.o(i.xTaskCreate) for xTaskCreate
    main.o(i.start_task) refers to tasks.o(i.vTaskDelete) for vTaskDelete
    main.o(i.start_task) refers to port.o(i.vPortExitCritical) for vPortExitCritical
    main.o(i.start_task) refers to main.o(.data) for CSMACA_PBFT_Task_Handler
    main.o(i.start_task) refers to main.o(i.CSMACA_PBFT) for CSMACA_PBFT
    main.o(i.stop) refers to sys.o(i.GPIO_Pin_Set) for GPIO_Pin_Set
    delay.o(i.SysTick_Handler) refers to tasks.o(i.xTaskGetSchedulerState) for xTaskGetSchedulerState
    delay.o(i.SysTick_Handler) refers to port.o(i.xPortSysTickHandler) for xPortSysTickHandler
    delay.o(i.SysTick_Handler) refers to stm32f7xx_hal.o(i.HAL_IncTick) for HAL_IncTick
    delay.o(i.delay_init) refers to stm32f7xx_hal_cortex.o(i.HAL_SYSTICK_CLKSourceConfig) for HAL_SYSTICK_CLKSourceConfig
    delay.o(i.delay_init) refers to delay.o(.data) for fac_us
    delay.o(i.delay_ms) refers to tasks.o(i.xTaskGetSchedulerState) for xTaskGetSchedulerState
    delay.o(i.delay_ms) refers to tasks.o(i.vTaskDelay) for vTaskDelay
    delay.o(i.delay_ms) refers to delay.o(i.delay_us) for delay_us
    delay.o(i.delay_ms) refers to delay.o(.data) for fac_ms
    delay.o(i.delay_us) refers to delay.o(.data) for fac_us
    delay.o(i.delay_xms) refers to delay.o(i.delay_us) for delay_us
    sys.o(i.Cache_Enable) refers to sys.o(i.SCB_EnableDCache) for SCB_EnableDCache
    sys.o(i.MY_NVIC_Init) refers to sys.o(i.MY_NVIC_PriorityGroupConfig) for MY_NVIC_PriorityGroupConfig
    sys.o(i.Stm32_Clock_Init) refers to stm32f7xx_hal_rcc.o(i.HAL_RCC_OscConfig) for HAL_RCC_OscConfig
    sys.o(i.Stm32_Clock_Init) refers to stm32f7xx_hal_pwr_ex.o(i.HAL_PWREx_EnableOverDrive) for HAL_PWREx_EnableOverDrive
    sys.o(i.Stm32_Clock_Init) refers to stm32f7xx_hal_rcc.o(i.HAL_RCC_ClockConfig) for HAL_RCC_ClockConfig
    usart.o(i.HAL_UART_RxCpltCallback) refers to usart.o(.data) for USART_RX_STA
[...]
    xNumOfOverflows                          0x20020f08   Data           4  tasks.o(.data)
    uxTaskNumber                             0x20020f0c   Data           4  tasks.o(.data)
    xNextTaskUnblockTime                     0x20020f10   Data           4  tasks.o(.data)
    xIdleTaskHandle                          0x20020f14   Data           4  tasks.o(.data)
    uxSchedulerSuspended                     0x20020f18   Data           4  tasks.o(.data)
    .data                                    0x20020f1c   Section       20  timers.o(.data)
    pxCurrentTimerList                       0x20020f1c   Data           4  timers.o(.data)
    pxOverflowTimerList                      0x20020f20   Data           4  timers.o(.data)
    xTimerQueue                              0x20020f24   Data           4  timers.o(.data)
    xTimerTaskHandle                         0x20020f28   Data           4  timers.o(.data)
    xLastTime                                0x20020f2c   Data           4  timers.o(.data)
    .data                                    0x20020f30   Section       12  port.o(.data)
    uxCriticalNesting                        0x20020f30   Data           4  port.o(.data)
    ucMaxSysCallPriority                     0x20020f34   Data           1  port.o(.data)
    ulMaxPRIGROUPValue                       0x20020f38   Data           4  port.o(.data)
    .data                                    0x20020f3c   Section       24  heap_4.o(.data)
    xStart                                   0x20020f3c   Data           8  heap_4.o(.data)
    pxEnd                                    0x20020f44   Data           4  heap_4.o(.data)
    xFreeBytesRemaining                      0x20020f48   Data           4  heap_4.o(.data)
    xMinimumEverFreeBytesRemaining           0x20020f4c   Data           4  heap_4.o(.data)
    xBlockAllocatedBit                       0x20020f50   Data           4  heap_4.o(.data)
    .data                                    0x20020f54   Section       22  mw1268_app.o(.data)
    num                                      0x20020f69   Data           1  mw1268_app.o(.data)
    .data                                    0x20020f6c   Section        4  system_stm32f7xx.o(.data)
    .data                                    0x20020f70   Section       74  tendermint2.o(.data)
    .data                                    0x20020fbc   Section        4  uecc.o(.data)
    g_rng_function                           0x20020fbc   Data           4  uecc.o(.data)
    .bss                                     0x20020fc0   Section     1920  main.o(.bss)
    .bss                                     0x20021740   Section      336  usart.o(.bss)
    .bss                                     0x20021890   Section       16  rng.o(.bss)
    .bss                                     0x200218a0   Section      380  btim.o(.bss)
    .bss                                     0x20021a1c   Section     2184  usart3.o(.bss)
    .bss                                     0x200222a4   Section       64  queue.o(.bss)
    .bss                                     0x200222e4   Section      740  tasks.o(.bss)
    pxReadyTasksLists                        0x200222e4   Data         640  tasks.o(.bss)
    xDelayedTaskList1                        0x20022564   Data          20  tasks.o(.bss)
    xDelayedTaskList2                        0x20022578   Data          20  tasks.o(.bss)
    xPendingReadyList                        0x2002258c   Data          20  tasks.o(.bss)
    xTasksWaitingTermination                 0x200225a0   Data          20  tasks.o(.bss)
    xSuspendedTaskList                       0x200225b4   Data          20  tasks.o(.bss)
    .bss                                     0x200225c8   Section       40  timers.o(.bss)
    xActiveTimerList1                        0x200225c8   Data          20  timers.o(.bss)
    xActiveTimerList2                        0x200225dc   Data          20  timers.o(.bss)
    .bss                                     0x200225f0   Section    47104  heap_4.o(.bss)
    ucHeap                                   0x200225f0   Data       47104  heap_4.o(.bss)
    .bss                                     0x2002ddf0   Section      870  mw1268_app.o(.bss)
    gpio_init_struct                         0x2002ddf0   Data          20  mw1268_app.o(.bss)
    Lora_Cfgbuff                             0x2002de04   Data          20  mw1268_app.o(.bss)
    .bss                                     0x2002e158   Section     3080  tendermint2.o(.bss)
    STACK                                    0x2002ed60   Section     4096  startup_stm32f767xx.o(STACK)

    Global Symbols

    Symbol Name                              Value     Ov Type        Size  Object(Section)

    BuildAttributes$$THM_ISAv4$E$P$D$K$B$S$7EM$VFPv5_D16$PE$PLD8$A:L22UL41UL21$X:L11$S22US41US21$IEEE1$IW$USESV6$~STKCKD$USESV7$~SHL$OSPACE$ROPI$EBA8$MICROLIB$REQ8$PRES8$EABIv2 0x00000000   Number         0  anon$$obj.o ABSOLUTE
    __ARM_use_no_argv                        0x00000000   Number         0  main.o ABSOLUTE
    __use_no_errno                           0x00000000   Number         0  useno.o ABSOLUTE
    __use_no_exception_handling              0x00000000   Number         0  useno.o ABSOLUTE
    __use_no_fp                              0x00000000   Number         0  useno.o ABSOLUTE
    __use_no_heap                            0x00000000   Number         0  useno.o ABSOLUTE
    __use_no_heap_region                     0x00000000   Number         0  useno.o ABSOLUTE
    __use_no_semihosting                     0x00000000   Number         0  useno.o ABSOLUTE
    __use_no_semihosting_swi                 0x00000000   Number         0  useno.o ABSOLUTE
    __use_no_signal_handling                 0x00000000   Number         0  useno.o ABSOLUTE
    _printf_a                                0x00000000   Number         0  stubs.o ABSOLUTE
    _printf_c                                0x00000000   Number         0  stubs.o ABSOLUTE
    _printf_charcount                        0x00000000   Number         0  stubs.o ABSOLUTE
    _printf_d                                0x00000000   Number         0  stubs.o ABSOLUTE
    _printf_e                                0x00000000   Number         0  stubs.o ABSOLUTE
    _printf_f                                0x00000000   Number         0  stubs.o ABSOLUTE
    _printf_flags                            0x00000000   Number         0  stubs.o ABSOLUTE
    _printf_fp_dec                           0x00000000   Number         0  stubs.o ABSOLUTE
    _printf_fp_hex                           0x00000000   Number         0  stubs.o ABSOLUTE
    _printf_g                                0x00000000   Number         0  stubs.o ABSOLUTE
    _printf_i                                0x00000000   Number         0  stubs.o ABSOLUTE
    _printf_int_dec                          0x00000000   Number         0  stubs.o ABSOLUTE
    _printf_l                                0x00000000   Number         0  stubs.o ABSOLUTE
    _printf_lc                               0x00000000   Number         0  stubs.o ABSOLUTE
    _printf_ll                               0x00000000   Number         0  stubs.o ABSOLUTE
    _printf_lld                              0x00000000   Number         0  stubs.o ABSOLUTE
    _printf_lli                              0x00000000   Number         0  stubs.o ABSOLUTE
    _printf_llo                              0x00000000   Number         0  stubs.o ABSOLUTE
    _printf_llu                              0x00000000   Number         0  stubs.o ABSOLUTE
    _printf_llx                              0x00000000   Number         0  stubs.o ABSOLUTE
    _printf_longlong_dec                     0x00000000   Number         0  stubs.o ABSOLUTE
    _printf_longlong_hex                     0x00000000   Number         0  stubs.o ABSOLUTE
    _printf_longlong_oct                     0x00000000   Number         0  stubs.o ABSOLUTE
    _printf_ls                               0x00000000   Number         0  stubs.o ABSOLUTE
    _printf_mbtowc                           0x00000000   Number         0  stubs.o ABSOLUTE
    _printf_n                                0x00000000   Number         0  stubs.o ABSOLUTE
    _printf_o                                0x00000000   Number         0  stubs.o ABSOLUTE
    _printf_p                                0x00000000   Number         0  stubs.o ABSOLUTE
    _printf_percent                          0x00000000   Number         0  stubs.o ABSOLUTE
    _printf_pre_padding                      0x00000000   Number         0  stubs.o ABSOLUTE
    _printf_return_value                     0x00000000   Number         0  stubs.o ABSOLUTE
    _printf_s                                0x00000000   Number         0  stubs.o ABSOLUTE
    _printf_sizespec                         0x00000000   Number         0  stubs.o ABSOLUTE
    _printf_str                              0x00000000   Number         0  stubs.o ABSOLUTE
    _printf_truncate_signed                  0x00000000   Number         0  stubs.o ABSOLUTE
    _printf_truncate_unsigned                0x00000000   Number         0  stubs.o ABSOLUTE
    _printf_u                                0x00000000   Number         0  stubs.o ABSOLUTE
    _printf_wc                               0x00000000   Number         0  stubs.o ABSOLUTE
    _printf_wctomb                           0x00000000   Number         0  stubs.o ABSOLUTE
    _printf_widthprec                        0x00000000   Number         0  stubs.o ABSOLUTE
    _printf_x                                0x00000000   Number         0  stubs.o ABSOLUTE
    __cpp_initialize__aeabi_                  - Undefined Weak Reference
    __cxa_finalize                            - Undefined Weak Reference
    _clock_init                               - Undefined Weak Reference
    _microlib_exit                            - Undefined Weak Reference
    __Vectors_Size                           0x000001f8   Number         0  startup_stm32f767xx.o ABSOLUTE
    __Vectors                                0x08000000   Data           4  startup_stm32f767xx.o(RESET)
    __Vectors_End                            0x080001f8   Data           0  startup_stm32f767xx.o(RESET)
    __main                                   0x080001f9   Thumb Code     0  entry.o(.ARM.Collect$$$$00000000)
    _main_stk                                0x080001f9   Thumb Code     0  entry2.o(.ARM.Collect$$$$00000001)
    _main_scatterload                        0x080001fd   Thumb Code     0  entry5.o(.ARM.Collect$$$$00000004)
    __main_after_scatterload                 0x08000201   Thumb Code     0  entry5.o(.ARM.Collect$$$$00000004)
    _main_clock                              0x08000201   Thumb Code     0  entry7b.o(.ARM.Collect$$$$00000008)
    _main_cpp_init                           0x08000201   Thumb Code     0  entry8b.o(.ARM.Collect$$$$0000000A)
    _main_init                               0x08000201   Thumb Code     0  entry9a.o(.ARM.Collect$$$$0000000B)
    __rt_final_cpp                           0x08000209   Thumb Code     0  entry10a.o(.ARM.Collect$$$$0000000D)
    __rt_final_exit                          0x08000209   Thumb Code     0  entry11a.o(.ARM.Collect$$$$0000000F)
    SVC_Handler                              0x0800020d   Thumb Code    28  port.o(.emb_text)
    __asm___6_port_c_39a90d8d__prvStartFirstTask 0x0800022d   Thumb Code    28  port.o(.emb_text)
    __asm___6_port_c_39a90d8d__prvEnableVFP  0x0800024d   Thumb Code    16  port.o(.emb_text)
    PendSV_Handler                           0x08000261   Thumb Code    92  port.o(.emb_text)
    vPortGetIPSR                             0x080002c1   Thumb Code     6  port.o(.emb_text)
    Reset_Handler                            0x080002c9   Thumb Code     8  startup_stm32f767xx.o(.text)
    ADC_IRQHandler                           0x080002e3   Thumb Code     0  startup_stm32f767xx.o(.text)
    CAN1_RX0_IRQHandler                      0x080002e3   Thumb Code     0  startup_stm32f767xx.o(.text)
    CAN1_RX1_IRQHandler                      0x080002e3   Thumb Code     0  startup_stm32f767xx.o(.text)
    CAN1_SCE_IRQHandler                      0x080002e3   Thumb Code     0  startup_stm32f767xx.o(.text)
    CAN1_TX_IRQHandler                       0x080002e3   Thumb Code     0  startup_stm32f767xx.o(.text)
    CAN2_RX0_IRQHandler                      0x080002e3   Thumb Code     0  startup_stm32f767xx.o(.text)
    CAN2_RX1_IRQHandler                      0x080002e3   Thumb Code     0  startup_stm32f767xx.o(.text)
    CAN2_SCE_IRQHandler                      0x080002e3   Thumb Code     0  startup_stm32f767xx.o(.text)
    CAN2_TX_IRQHandler                       0x080002e3   Thumb Code     0  startup_stm32f767xx.o(.text)
    CAN3_RX0_IRQHandler                      0x080002e3   Thumb Code     0  startup_stm32f767xx.o(.text)
    CAN3_RX1_IRQHandler                      0x080002e3   Thumb Code     0  startup_stm32f767xx.o(.text)
    CAN3_SCE_IRQHandler                      0x080002e3   Thumb Code     0  startup_stm32f767xx.o(.text)
    CAN3_TX_IRQHandler                       0x080002e3   Thumb Code     0  startup_stm32f767xx.o(.text)
    CEC_IRQHandler                           0x080002e3   Thumb Code     0  startup_stm32f767xx.o(.text)
    DCMI_IRQHandler                          0x080002e3   Thumb Code     0  startup_stm32f767xx.o(.text)
    DFSDM1_FLT0_IRQHandler                   0x080002e3   Thumb Code     0  startup_stm32f767xx.o(.text)
    DFSDM1_FLT1_IRQHandler                   0x080002e3   Thumb Code     0  startup_stm32f767xx.o(.text)
    DFSDM1_FLT2_IRQHandler                   0x080002e3   Thumb Code     0  startup_stm32f767xx.o(.text)
    DFSDM1_FLT3_IRQHandler                   0x080002e3   Thumb Code     0  startup_stm32f767xx.o(.text)
    DMA1_Stream0_IRQHandler                  0x080002e3   Thumb Code     0  startup_stm32f767xx.o(.text)
    DMA1_Stream1_IRQHandler                  0x080002e3   Thumb Code     0  startup_stm32f767xx.o(.text)
    DMA1_Stream2_IRQHandler                  0x080002e3   Thumb Code     0  startup_stm32f767xx.o(.text)
    DMA1_Stream3_IRQHandler                  0x080002e3   Thumb Code     0  startup_stm32f767xx.o(.text)
    DMA1_Stream4_IRQHandler                  0x080002e3   Thumb Code     0  startup_stm32f767xx.o(.text)
    DMA1_Stream5_IRQHandler                  0x080002e3   Thumb Code     0  startup_stm32f767xx.o(.text)
    DMA1_Stream6_IRQHandler                  0x080002e3   Thumb Code     0  startup_stm32f767xx.o(.text)
    DMA1_Stream7_IRQHandler                  0x080002e3   Thumb Code     0  startup_stm32f767xx.o(.text)
    DMA2D_IRQHandler                         0x080002e3   Thumb Code     0  startup_stm32f767xx.o(.text)
    DMA2_Stream0_IRQHandler                  0x080002e3   Thumb Code     0  startup_stm32f767xx.o(.text)
    DMA2_Stream1_IRQHandler                  0x080002e3   Thumb Code     0  startup_stm32f767xx.o(.text)
    DMA2_Stream2_IRQHandler                  0x080002e3   Thumb Code     0  startup_stm32f767xx.o(.text)
    DMA2_Stream3_IRQHandler                  0x080002e3   Thumb Code     0  startup_stm32f767xx.o(.text)
    DMA2_Stream4_IRQHandler                  0x080002e3   Thumb Code     0  startup_stm32f767xx.o(.text)
    DMA2_Stream5_IRQHandler                  0x080002e3   Thumb Code     0  startup_stm32f767xx.o(.text)
    DMA2_Stream6_IRQHandler                  0x080002e3   Thumb Code     0  startup_stm32f767xx.o(.text)
    DMA2_Stream7_IRQHandler                  0x080002e3   Thumb Code     0  startup_stm32f767xx.o(.text)
    ETH_IRQHandler                           0x080002e3   Thumb Code     0  startup_stm32f767xx.o(.text)
    ETH_WKUP_IRQHandler                      0x080002e3   Thumb Code     0  startup_stm32f767xx.o(.text)
    EXTI0_IRQHandler                         0x080002e3   Thumb Code     0  startup_stm32f767xx.o(.text)
    EXTI1_IRQHandler                         0x080002e3   Thumb Code     0  startup_stm32f767xx.o(.text)
    EXTI2_IRQHandler                         0x080002e3   Thumb Code     0  startup_stm32f767xx.o(.text)
    EXTI3_IRQHandler                         0x080002e3   Thumb Code     0  startup_stm32f767xx.o(.text)
    EXTI4_IRQHandler                         0x080002e3   Thumb Code     0  startup_stm32f767xx.o(.text)
    EXTI9_5_IRQHandler                       0x080002e3   Thumb Code     0  startup_stm32f767xx.o(.text)
    FLASH_IRQHandler                         0x080002e3   Thumb Code     0  startup_stm32f767xx.o(.text)
    FMC_IRQHandler                           0x080002e3   Thumb Code     0  startup_stm32f767xx.o(.text)
    FPU_IRQHandler                           0x080002e3   Thumb Code     0  startup_stm32f767xx.o(.text)
    I2C1_ER_IRQHandler                       0x080002e3   Thumb Code     0  startup_stm32f767xx.o(.text)
    I2C1_EV_IRQHandler                       0x080002e3   Thumb Code     0  startup_stm32f767xx.o(.text)
    I2C2_ER_IRQHandler                       0x080002e3   Thumb Code     0  startup_stm32f767xx.o(.text)
    I2C2_EV_IRQHandler                       0x080002e3   Thumb Code     0  startup_stm32f767xx.o(.text)
    I2C3_ER_IRQHandler                       0x080002e3   Thumb Code     0  startup_stm32f767xx.o(.text)
    I2C3_EV_IRQHandler                       0x080002e3   Thumb Code     0  startup_stm32f767xx.o(.text)
    I2C4_ER_IRQHandler                       0x080002e3   Thumb Code     0  startup_stm32f767xx.o(.text)
    I2C4_EV_IRQHandler                       0x080002e3   Thumb Code     0  startup_stm32f767xx.o(.text)
    JPEG_IRQHandler                          0x080002e3   Thumb Code     0  startup_stm32f767xx.o(.text)
    LPTIM1_IRQHandler                        0x080002e3   Thumb Code     0  startup_stm32f767xx.o(.text)
    LTDC_ER_IRQHandler                       0x080002e3   Thumb Code     0  startup_stm32f767xx.o(.text)
    LTDC_IRQHandler                          0x080002e3   Thumb Code     0  startup_stm32f767xx.o(.text)
    MDIOS_IRQHandler                         0x080002e3   Thumb Code     0  startup_stm32f767xx.o(.text)
    OTG_FS_IRQHandler                        0x080002e3   Thumb Code     0  startup_stm32f767xx.o(.text)
    OTG_FS_WKUP_IRQHandler                   0x080002e3   Thumb Code     0  startup_stm32f767xx.o(.text)
    OTG_HS_EP1_IN_IRQHandler                 0x080002e3   Thumb Code     0  startup_stm32f767xx.o(.text)
    OTG_HS_EP1_OUT_IRQHandler                0x080002e3   Thumb Code     0  startup_stm32f767xx.o(.text)
    OTG_HS_IRQHandler                        0x080002e3   Thumb Code     0  startup_stm32f767xx.o(.text)
    OTG_HS_WKUP_IRQHandler                   0x080002e3   Thumb Code     0  startup_stm32f767xx.o(.text)
    PVD_IRQHandler                           0x080002e3   Thumb Code     0  startup_stm32f767xx.o(.text)
    QUADSPI_IRQHandler                       0x080002e3   Thumb Code     0  startup_stm32f767xx.o(.text)
    RCC_IRQHandler                           0x080002e3   Thumb Code     0  startup_stm32f767xx.o(.text)
    RNG_IRQHandler                           0x080002e3   Thumb Code     0  startup_stm32f767xx.o(.text)
    RTC_Alarm_IRQHandler                     0x080002e3   Thumb Code     0  startup_stm32f767xx.o(.text)
    RTC_WKUP_IRQHandler                      0x080002e3   Thumb Code     0  startup_stm32f767xx.o(.text)
    SAI1_IRQHandler                          0x080002e3   Thumb Code     0  startup_stm32f767xx.o(.text)
    SAI2_IRQHandler                          0x080002e3   Thumb Code     0  startup_stm32f767xx.o(.text)
    SDMMC1_IRQHandler                        0x080002e3   Thumb Code     0  startup_stm32f767xx.o(.text)
    SDMMC2_IRQHandler                        0x080002e3   Thumb Code     0  startup_stm32f767xx.o(.text)
    SPDIF_RX_IRQHandler                      0x080002e3   Thumb Code     0  startup_stm32f767xx.o(.text)
    SPI1_IRQHandler                          0x080002e3   Thumb Code     0  startup_stm32f767xx.o(.text)
    SPI2_IRQHandler                          0x080002e3   Thumb Code     0  startup_stm32f767xx.o(.text)
    SPI3_IRQHandler                          0x080002e3   Thumb Code     0  startup_stm32f767xx.o(.text)
    SPI4_IRQHandler                          0x080002e3   Thumb Code     0  startup_stm32f767xx.o(.text)
    SPI5_IRQHandler                          0x080002e3   Thumb Code     0  startup_stm32f767xx.o(.text)
    SPI6_IRQHandler                          0x080002e3   Thumb Code     0  startup_stm32f767xx.o(.text)
    TAMP_STAMP_IRQHandler                    0x080002e3   Thumb Code     0  startup_stm32f767xx.o(.text)
    TIM1_CC_IRQHandler                       0x080002e3   Thumb Code     0  startup_stm32f767xx.o(.text)
    TIM1_TRG_COM_TIM11_IRQHandler            0x080002e3   Thumb Code     0  startup_stm32f767xx.o(.text)
    TIM3_IRQHandler                          0x080002e3   Thumb Code     0  startup_stm32f767xx.o(.text)
    TIM4_IRQHandler                          0x080002e3   Thumb Code     0  startup_stm32f767xx.o(.text)
    TIM6_DAC_IRQHandler                      0x080002e3   Thumb Code     0  startup_stm32f767xx.o(.text)
    TIM8_BRK_TIM12_IRQHandler                0x080002e3   Thumb Code     0  startup_stm32f767xx.o(.text)
    TIM8_CC_IRQHandler                       0x080002e3   Thumb Code     0  startup_stm32f767xx.o(.text)
    TIM8_TRG_COM_TIM14_IRQHandler            0x080002e3   Thumb Code     0  startup_stm32f767xx.o(.text)
    TIM8_UP_TIM13_IRQHandler                 0x080002e3   Thumb Code     0  startup_stm32f767xx.o(.text)
    UART4_IRQHandler                         0x080002e3   Thumb Code     0  startup_stm32f767xx.o(.text)
    UART5_IRQHandler                         0x080002e3   Thumb Code     0  startup_stm32f767xx.o(.text)
    UART7_IRQHandler                         0x080002e3   Thumb Code     0  startup_stm32f767xx.o(.text)
    UART8_IRQHandler                         0x080002e3   Thumb Code     0  startup_stm32f767xx.o(.text)
    USART2_IRQHandler                        0x080002e3   Thumb Code     0  startup_stm32f767xx.o(.text)
    USART6_IRQHandler                        0x080002e3   Thumb Code     0  startup_stm32f767xx.o(.text)
    WWDG_IRQHandler                          0x080002e3   Thumb Code     0  startup_stm32f767xx.o(.text)
    __aeabi_uldivmod                         0x080002ed   Thumb Code    98  uldiv.o(.text)
    __aeabi_memcpy                           0x0800034f   Thumb Code    36  memcpya.o(.text)
    __aeabi_memcpy4                          0x0800034f   Thumb Code     0  memcpya.o(.text)
    __aeabi_memcpy8                          0x0800034f   Thumb Code     0  memcpya.o(.text)
    __aeabi_memset                           0x08000373   Thumb Code    14  memseta.o(.text)
    __aeabi_memset4                          0x08000373   Thumb Code     0  memseta.o(.text)
    __aeabi_memset8                          0x08000373   Thumb Code     0  memseta.o(.text)
    __aeabi_memclr                           0x08000381   Thumb Code     4  memseta.o(.text)
    __aeabi_memclr4                          0x08000381   Thumb Code     0  memseta.o(.text)
    __aeabi_memclr8                          0x08000381   Thumb Code     0  memseta.o(.text)
    _memset$wrapper                          0x08000385   Thumb Code    18  memseta.o(.text)
    strstr                                   0x08000397   Thumb Code    36  strstr.o(.text)
    strlen                                   0x080003bb   Thumb Code    14  strlen.o(.text)
    __aeabi_uidiv                            0x080003c9   Thumb Code     0  uidiv.o(.text)
    __aeabi_uidivmod                         0x080003c9   Thumb Code    44  uidiv.o(.text)
    __aeabi_llsl                             0x080003f5   Thumb Code    30  llshl.o(.text)
    _ll_shift_l                              0x080003f5   Thumb Code     0  llshl.o(.text)
    __aeabi_llsr                             0x08000413   Thumb Code    32  llushr.o(.text)
    _ll_ushift_r                             0x08000413   Thumb Code     0  llushr.o(.text)
    __I$use$fp                               0x08000433   Thumb Code     0  iusefp.o(.text)
    __aeabi_dadd                             0x08000433   Thumb Code   322  dadd.o(.text)
    __aeabi_dsub                             0x08000575   Thumb Code     6  dadd.o(.text)
    __aeabi_drsub                            0x0800057b   Thumb Code     6  dadd.o(.text)
    __aeabi_dmul                             0x08000581   Thumb Code   228  dmul.o(.text)
    __aeabi_ddiv                             0x08000665   Thumb Code   222  ddiv.o(.text)
    __aeabi_d2ulz                            0x08000743   Thumb Code    48  dfixul.o(.text)
    __aeabi_cdrcmple                         0x08000775   Thumb Code    48  cdrcmple.o(.text)
    __scatterload                            0x080007a5   Thumb Code    28  init.o(.text)
    __scatterload_rt2                        0x080007a5   Thumb Code     0  init.o(.text)
    __aeabi_lasr                             0x080007c9   Thumb Code    36  llsshr.o(.text)
    _ll_sshift_r                             0x080007c9   Thumb Code     0  llsshr.o(.text)
    _double_round                            0x080007ed   Thumb Code    30  depilogue.o(.text)
    _double_epilogue                         0x0800080b   Thumb Code   156  depilogue.o(.text)
    __decompress                             0x080008a7   Thumb Code     0  __dclz77c.o(.text)
    __decompress2                            0x080008a7   Thumb Code    94  __dclz77c.o(.text)
    AfterRound                               0x08000905   Thumb Code    12  tendermint2.o(i.AfterRound)
    Aux_Int                                  0x08000915   Thumb Code    58  mw1268_app.o(i.Aux_Int)
    BeforeRound                              0x0800095d   Thumb Code    32  tendermint2.o(i.BeforeRound)
    BusFault_Handler                         0x08000989   Thumb Code     4  stm32f7xx_it.o(i.BusFault_Handler)
    CSMACA_PBFT                              0x08000a05   Thumb Code    44  main.o(i.CSMACA_PBFT)
    DebugMon_Handler                         0x08000a31   Thumb Code     2  stm32f7xx_it.o(i.DebugMon_Handler)
    EXTI15_10_IRQHandler                     0x08000a35   Thumb Code  1670  mw1268_app.o(i.EXTI15_10_IRQHandler)
    GPIO_Pin_Set                             0x08001119   Thumb Code    16  sys.o(i.GPIO_Pin_Set)
    HAL_DMA_Abort                            0x08001129   Thumb Code   172  stm32f7xx_hal_dma.o(i.HAL_DMA_Abort)
    HAL_DMA_Abort_IT                         0x080011d5   Thumb Code    40  stm32f7xx_hal_dma.o(i.HAL_DMA_Abort_IT)
    HAL_GPIO_Init                            0x080011fd   Thumb Code   472  stm32f7xx_hal_gpio.o(i.HAL_GPIO_Init)
    HAL_GPIO_ReadPin                         0x08001409   Thumb Code    16  stm32f7xx_hal_gpio.o(i.HAL_GPIO_ReadPin)
    HAL_GPIO_WritePin                        0x08001419   Thumb Code    12  stm32f7xx_hal_gpio.o(i.HAL_GPIO_WritePin)
    HAL_GetTick                              0x08001425   Thumb Code     6  stm32f7xx_hal.o(i.HAL_GetTick)
    HAL_IncTick                              0x08001431   Thumb Code    16  stm32f7xx_hal.o(i.HAL_IncTick)
    HAL_Init                                 0x08001449   Thumb Code    44  stm32f7xx_hal.o(i.HAL_Init)
    HAL_InitTick                             0x08001479   Thumb Code    64  stm32f7xx_hal.o(i.HAL_InitTick)
    HAL_MPU_ConfigRegion                     0x080014c5   Thumb Code    88  stm32f7xx_hal_cortex.o(i.HAL_MPU_ConfigRegion)
    HAL_MPU_Disable                          0x08001521   Thumb Code    38  stm32f7xx_hal_cortex.o(i.HAL_MPU_Disable)
    HAL_MPU_Enable                           0x0800154d   Thumb Code    58  stm32f7xx_hal_cortex.o(i.HAL_MPU_Enable)
    HAL_MspInit                              0x0800158d   Thumb Code     2  stm32f7xx_hal.o(i.HAL_MspInit)
    HAL_NVIC_DisableIRQ                      0x08001591   Thumb Code    22  stm32f7xx_hal_cortex.o(i.HAL_NVIC_DisableIRQ)
    HAL_NVIC_EnableIRQ                       0x080015ad   Thumb Code    26  stm32f7xx_hal_cortex.o(i.HAL_NVIC_EnableIRQ)
    HAL_NVIC_SetPriority                     0x080015c7   Thumb Code   124  stm32f7xx_hal_cortex.o(i.HAL_NVIC_SetPriority)
    HAL_NVIC_SetPriorityGrouping             0x08001645   Thumb Code    32  stm32f7xx_hal_cortex.o(i.HAL_NVIC_SetPriorityGrouping)
    HAL_PWREx_EnableOverDrive                0x0800166d   Thumb Code   136  stm32f7xx_hal_pwr_ex.o(i.HAL_PWREx_EnableOverDrive)
    HAL_RCC_ClockConfig                      0x080016fd   Thumb Code   384  stm32f7xx_hal_rcc.o(i.HAL_RCC_ClockConfig)
    HAL_RCC_GetHCLKFreq                      0x08001891   Thumb Code     6  stm32f7xx_hal_rcc.o(i.HAL_RCC_GetHCLKFreq)
    HAL_RCC_GetPCLK1Freq                     0x0800189d   Thumb Code    22  stm32f7xx_hal_rcc.o(i.HAL_RCC_GetPCLK1Freq)
    HAL_RCC_GetPCLK2Freq                     0x080018bd   Thumb Code    22  stm32f7xx_hal_rcc.o(i.HAL_RCC_GetPCLK2Freq)
    HAL_RCC_GetSysClockFreq                  0x080018dd   Thumb Code   162  stm32f7xx_hal_rcc.o(i.HAL_RCC_GetSysClockFreq)
    HAL_RCC_OscConfig                        0x0800198d   Thumb Code  1296  stm32f7xx_hal_rcc.o(i.HAL_RCC_OscConfig)
    HAL_RNG_GenerateRandomNumber             0x08001ea1   Thumb Code   134  stm32f7xx_hal_rng.o(i.HAL_RNG_GenerateRandomNumber)
    HAL_RNG_GetRandomNumber                  0x08001f27   Thumb Code    24  stm32f7xx_hal_rng.o(i.HAL_RNG_GetRandomNumber)
    HAL_RNG_Init                             0x08001f3f   Thumb Code    52  stm32f7xx_hal_rng.o(i.HAL_RNG_Init)
    HAL_RNG_MspInit                          0x08001f75   Thumb Code    32  rng.o(i.HAL_RNG_MspInit)
    HAL_SYSTICK_CLKSourceConfig              0x08001f99   Thumb Code    40  stm32f7xx_hal_cortex.o(i.HAL_SYSTICK_CLKSourceConfig)
    HAL_SYSTICK_Config                       0x08001fc1   Thumb Code    52  stm32f7xx_hal_cortex.o(i.HAL_SYSTICK_Config)
    HAL_TIMEx_Break2Callback                 0x08001ff5   Thumb Code     2  stm32f7xx_hal_tim_ex.o(i.HAL_TIMEx_Break2Callback)
    HAL_TIMEx_BreakCallback                  0x08001ff7   Thumb Code     2  stm32f7xx_hal_tim_ex.o(i.HAL_TIMEx_BreakCallback)
    HAL_TIMEx_CommutCallback                 0x08001ff9   Thumb Code     2  stm32f7xx_hal_tim_ex.o(i.HAL_TIMEx_CommutCallback)
    HAL_TIM_Base_Init                        0x08001ffb   Thumb Code   110  stm32f7xx_hal_tim.o(i.HAL_TIM_Base_Init)
    HAL_TIM_Base_MspInit                     0x08002069   Thumb Code   294  btim.o(i.HAL_TIM_Base_MspInit)
    HAL_TIM_Base_Start_IT                    0x080021a5   Thumb Code   146  stm32f7xx_hal_tim.o(i.HAL_TIM_Base_Start_IT)
    HAL_TIM_IC_CaptureCallback               0x08002259   Thumb Code     2  stm32f7xx_hal_tim.o(i.HAL_TIM_IC_CaptureCallback)
    HAL_TIM_IRQHandler                       0x0800225b   Thumb Code   440  stm32f7xx_hal_tim.o(i.HAL_TIM_IRQHandler)
    HAL_TIM_OC_DelayElapsedCallback          0x08002413   Thumb Code     2  stm32f7xx_hal_tim.o(i.HAL_TIM_OC_DelayElapsedCallback)
    HAL_TIM_PWM_PulseFinishedCallback        0x08002415   Thumb Code     2  stm32f7xx_hal_tim.o(i.HAL_TIM_PWM_PulseFinishedCallback)
    HAL_TIM_PeriodElapsedCallback            0x08002419   Thumb Code   158  btim.o(i.HAL_TIM_PeriodElapsedCallback)
    HAL_TIM_TriggerCallback                  0x080024e5   Thumb Code     2  stm32f7xx_hal_tim.o(i.HAL_TIM_TriggerCallback)
    HAL_UARTEx_RxEventCallback               0x080024e7   Thumb Code     2  stm32f7xx_hal_uart.o(i.HAL_UARTEx_RxEventCallback)
    HAL_UARTEx_WakeupCallback                0x080024e9   Thumb Code     2  stm32f7xx_hal_uart.o(i.HAL_UARTEx_WakeupCallback)
    HAL_UART_ErrorCallback                   0x080024eb   Thumb Code     2  stm32f7xx_hal_uart.o(i.HAL_UART_ErrorCallback)
    HAL_UART_GetState                        0x080024ed   Thumb Code    14  stm32f7xx_hal_uart.o(i.HAL_UART_GetState)
    HAL_UART_IRQHandler                      0x080024fd   Thumb Code   838  stm32f7xx_hal_uart.o(i.HAL_UART_IRQHandler)
    HAL_UART_Init                            0x0800284d   Thumb Code   116  stm32f7xx_hal_uart.o(i.HAL_UART_Init)
    HAL_UART_MspInit                         0x080028c1   Thumb Code     2  stm32f7xx_hal_msp.o(i.HAL_UART_MspInit)
    HAL_UART_Receive_IT                      0x080028c3   Thumb Code    80  stm32f7xx_hal_uart.o(i.HAL_UART_Receive_IT)
    HAL_UART_RxCpltCallback                  0x08002915   Thumb Code   120  usart.o(i.HAL_UART_RxCpltCallback)
    HAL_UART_Transmit                        0x0800299d   Thumb Code   178  stm32f7xx_hal_uart.o(i.HAL_UART_Transmit)
    HAL_UART_TxCpltCallback                  0x08002a4f   Thumb Code     2  stm32f7xx_hal_uart.o(i.HAL_UART_TxCpltCallback)
    HardFault_Handler                        0x08002a51   Thumb Code     4  stm32f7xx_it.o(i.HardFault_Handler)
    LED_Init                                 0x08002a55   Thumb Code    80  led.o(i.LED_Init)
    Leader_Send                              0x08002aad   Thumb Code   314  tendermint2.o(i.Leader_Send)
    LoRa_Init                                0x08002c01   Thumb Code   460  mw1268_app.o(i.LoRa_Init)
    LoRa_SendData                            0x08002e85   Thumb Code    26  mw1268_app.o(i.LoRa_SendData)
    LoRa_Set                                 0x08002ead   Thumb Code   362  mw1268_app.o(i.LoRa_Set)
    MemManage_Handler                        0x08003117   Thumb Code     4  stm32f7xx_it.o(i.MemManage_Handler)
    NMI_Handler                              0x0800311b   Thumb Code     2  stm32f7xx_it.o(i.NMI_Handler)
    New_Proposal                             0x08003155   Thumb Code   174  tendermint2.o(i.New_Proposal)
    Propose                                  0x0800320d   Thumb Code   218  tendermint2.o(i.Propose)
    RNG_Get_RandomNum                        0x08003305   Thumb Code    10  rng.o(i.RNG_Get_RandomNum)
    RNG_Get_RandomRange                      0x08003315   Thumb Code    28  rng.o(i.RNG_Get_RandomRange)
    RNG_Init                                 0x08003335   Thumb Code    64  rng.o(i.RNG_Init)
    Send_ACK                                 0x08003419   Thumb Code   206  tendermint2.o(i.Send_ACK)
    Send_COMMIT                              0x08003509   Thumb Code   172  tendermint2.o(i.Send_COMMIT)
    Send_PREPARE                             0x080035cd   Thumb Code   172  tendermint2.o(i.Send_PREPARE)
    Send_REPLAY                              0x08003691   Thumb Code    68  tendermint2.o(i.Send_REPLAY)
    Send_VIEW_CHANGE                         0x080036fd   Thumb Code   140  tendermint2.o(i.Send_VIEW_CHANGE)
    Sixteen2Ten                              0x08003799   Thumb Code    26  main.o(i.Sixteen2Ten)
    Start_main                               0x080037b5   Thumb Code    16  tendermint2.o(i.Start_main)
    SysTick_Handler                          0x080037c9   Thumb Code    20  delay.o(i.SysTick_Handler)
    SystemInit                               0x0800384d   Thumb Code    14  system_stm32f7xx.o(i.SystemInit)
    TIM1_BRK_TIM9_IRQHandler                 0x08003861   Thumb Code    10  btim.o(i.TIM1_BRK_TIM9_IRQHandler)
    TIM1_UP_TIM10_IRQHandler                 0x08003871   Thumb Code    10  btim.o(i.TIM1_UP_TIM10_IRQHandler)
    TIM2_IRQHandler                          0x08003881   Thumb Code    10  btim.o(i.TIM2_IRQHandler)
    TIM5_IRQHandler                          0x08003891   Thumb Code    10  btim.o(i.TIM5_IRQHandler)
    TIM7_IRQHandler                          0x080038a1   Thumb Code    10  btim.o(i.TIM7_IRQHandler)
    TIM_Base_SetConfig                       0x080038b1   Thumb Code   170  stm32f7xx_hal_tim.o(i.TIM_Base_SetConfig)
    UART_AdvFeatureConfig                    0x08003989   Thumb Code   248  stm32f7xx_hal_uart.o(i.UART_AdvFeatureConfig)
    UART_CheckIdleState                      0x08003a81   Thumb Code   118  stm32f7xx_hal_uart.o(i.UART_CheckIdleState)
    UART_SetConfig                           0x08003d49   Thumb Code   782  stm32f7xx_hal_uart.o(i.UART_SetConfig)
    UART_Start_Receive_IT                    0x08004085   Thumb Code   234  stm32f7xx_hal_uart.o(i.UART_Start_Receive_IT)
    UART_WaitOnFlagUntilTimeout              0x08004179   Thumb Code   252  stm32f7xx_hal_uart.o(i.UART_WaitOnFlagUntilTimeout)
    USART1_IRQHandler                        0x08004275   Thumb Code    66  usart.o(i.USART1_IRQHandler)
    USART3_IRQHandler                        0x080042c5   Thumb Code   106  usart3.o(i.USART3_IRQHandler)
    UsageFault_Handler                       0x08004341   Thumb Code     4  stm32f7xx_it.o(i.UsageFault_Handler)
    User_GpioInit                            0x08004345   Thumb Code   118  mw1268_app.o(i.User_GpioInit)
    __0printf                                0x08005d6d   Thumb Code    22  printfa.o(i.__0printf)
    __1printf                                0x08005d6d   Thumb Code     0  printfa.o(i.__0printf)
    __2printf                                0x08005d6d   Thumb Code     0  printfa.o(i.__0printf)
    __c89printf                              0x08005d6d   Thumb Code     0  printfa.o(i.__0printf)
    printf                                   0x08005d6d   Thumb Code     0  printfa.o(i.__0printf)
    __0sprintf                               0x08005d8d   Thumb Code    34  printfa.o(i.__0sprintf)
    __1sprintf                               0x08005d8d   Thumb Code     0  printfa.o(i.__0sprintf)
    __2sprintf                               0x08005d8d   Thumb Code     0  printfa.o(i.__0sprintf)
    __c89sprintf                             0x08005d8d   Thumb Code     0  printfa.o(i.__0sprintf)
    sprintf                                  0x08005d8d   Thumb Code     0  printfa.o(i.__0sprintf)
    __0vsprintf                              0x08005db5   Thumb Code    30  printfa.o(i.__0vsprintf)
    __1vsprintf                              0x08005db5   Thumb Code     0  printfa.o(i.__0vsprintf)
    __2vsprintf                              0x08005db5   Thumb Code     0  printfa.o(i.__0vsprintf)
    __c89vsprintf                            0x08005db5   Thumb Code     0  printfa.o(i.__0vsprintf)
    vsprintf                                 0x08005db5   Thumb Code     0  printfa.o(i.__0vsprintf)
    __scatterload_copy                       0x08005dd9   Thumb Code    14  handlers.o(i.__scatterload_copy)
    __scatterload_null                       0x08005de7   Thumb Code     2  handlers.o(i.__scatterload_null)
    __scatterload_zeroinit                   0x08005de9   Thumb Code    14  handlers.o(i.__scatterload_zeroinit)
    btim_tim2_enable                         0x080066b5   Thumb Code    46  btim.o(i.btim_tim2_enable)
    btim_tim2_int_init                       0x080066e9   Thumb Code    38  btim.o(i.btim_tim2_int_init)
    btim_tim5_int_init                       0x08006715   Thumb Code    36  btim.o(i.btim_tim5_int_init)
    btim_tim9_int_init                       0x08006741   Thumb Code    36  btim.o(i.btim_tim9_int_init)
    btim_timx_counterset                     0x0800676d   Thumb Code     8  btim.o(i.btim_timx_counterset)
    btim_timx_enable                         0x08006779   Thumb Code    46  btim.o(i.btim_timx_enable)
    btim_timx_int_init                       0x080067ad   Thumb Code    36  btim.o(i.btim_timx_int_init)
    delay_init                               0x080067d9   Thumb Code    58  delay.o(i.delay_init)
    delay_ms                                 0x0800681d   Thumb Code    60  delay.o(i.delay_ms)
    delay_us                                 0x0800685d   Thumb Code    68  delay.o(i.delay_us)
    fputc                                    0x080068a5   Thumb Code    22  usart.o(i.fputc)
    init                                     0x080068c1   Thumb Code   176  tendermint2.o(i.init)
    init_public_key                          0x080069c5   Thumb Code   202  main.o(i.init_public_key)
    lora_check_cmd                           0x08006aa9   Thumb Code    44  mw1268_uart.o(i.lora_check_cmd)
    lora_send_cmd                            0x08006add   Thumb Code   110  mw1268_uart.o(i.lora_send_cmd)
    main                                     0x08006b5d   Thumb Code    56  main.o(i.main)
    pvPortMalloc                             0x080076ed   Thumb Code   262  heap_4.o(i.pvPortMalloc)
    pvTaskIncrementMutexHeldCount            0x08007841   Thumb Code    26  tasks.o(i.pvTaskIncrementMutexHeldCount)
    pxPortInitialiseStack                    0x08007861   Thumb Code    38  port.o(i.pxPortInitialiseStack)
    sha2                                     0x0800788d   Thumb Code    50  sha2.o(i.sha2)
    sha2_finish                              0x080078c1   Thumb Code   304  sha2.o(i.sha2_finish)
    sha2_starts                              0x0800ae51   Thumb Code    80  sha2.o(i.sha2_starts)
    sha2_update                              0x0800aee1   Thumb Code   128  sha2.o(i.sha2_update)
    sign_data                                0x0800af61   Thumb Code   104  tendermint2.o(i.sign_data)
    start_task                               0x0800afe5   Thumb Code    42  main.o(i.start_task)
    tendermint2                              0x0800b029   Thumb Code  1292  tendermint2.o(i.tendermint2)
    uECC_secp192r1                           0x0800b541   Thumb Code     4  uecc.o(i.uECC_secp192r1)
    uECC_set_rng                             0x0800b549   Thumb Code     6  uecc.o(i.uECC_set_rng)
    uECC_sign                                0x0800b555   Thumb Code    90  uecc.o(i.uECC_sign)
    uECC_verify                              0x0800b5af   Thumb Code   720  uecc.o(i.uECC_verify)
    usart3_bpsset                            0x0800b881   Thumb Code   182  usart3.o(i.usart3_bpsset)
    usart3_init                              0x0800b9b9   Thumb Code    90  usart3.o(i.usart3_init)
    usart3_rx                                0x0800ba21   Thumb Code    62  usart3.o(i.usart3_rx)
    usart3_sendData                          0x0800ba65   Thumb Code    52  usart3.o(i.usart3_sendData)
    uxListRemove                             0x0800baa1   Thumb Code    40  list.o(i.uxListRemove)
    vListInitialise                          0x0800bac9   Thumb Code    26  list.o(i.vListInitialise)
    vListInitialiseItem                      0x0800bae3   Thumb Code     6  list.o(i.vListInitialiseItem)
    vListInsert                              0x0800bae9   Thumb Code    52  list.o(i.vListInsert)
    vListInsertEnd                           0x0800bb1d   Thumb Code    24  list.o(i.vListInsertEnd)
    vPortEnterCritical                       0x0800bb35   Thumb Code    72  port.o(i.vPortEnterCritical)
    vPortExitCritical                        0x0800bbc5   Thumb Code    48  port.o(i.vPortExitCritical)
    vPortFree                                0x0800bc39   Thumb Code   120  heap_4.o(i.vPortFree)
    vPortSetupTimerInterrupt                 0x0800bcf1   Thumb Code    26  port.o(i.vPortSetupTimerInterrupt)
    vPortValidateInterruptPriority           0x0800bd11   Thumb Code    86  port.o(i.vPortValidateInterruptPriority)
    vQueueAddToRegistry                      0x0800bdb5   Thumb Code    38  queue.o(i.vQueueAddToRegistry)
    vQueueWaitForMessageRestricted           0x0800bde1   Thumb Code    74  queue.o(i.vQueueWaitForMessageRestricted)
    vTaskDelay                               0x0800be2d   Thumb Code    72  tasks.o(i.vTaskDelay)
    vTaskDelete                              0x0800bea1   Thumb Code   192  tasks.o(i.vTaskDelete)
    vTaskMissedYield                         0x0800bfad   Thumb Code     8  tasks.o(i.vTaskMissedYield)
    vTaskPlaceOnEventList                    0x0800bfb9   Thumb Code    42  tasks.o(i.vTaskPlaceOnEventList)
    vTaskPlaceOnEventListRestricted          0x0800c00d   Thumb Code    50  tasks.o(i.vTaskPlaceOnEventListRestricted)
    vTaskPriorityInherit                     0x0800c069   Thumb Code   164  tasks.o(i.vTaskPriorityInherit)
    vTaskSetTimeOutState                     0x0800c119   Thumb Code    32  tasks.o(i.vTaskSetTimeOutState)
    vTaskStartScheduler                      0x0800c165   Thumb Code   112  tasks.o(i.vTaskStartScheduler)
    vTaskSuspendAll                          0x0800c215   Thumb Code    12  tasks.o(i.vTaskSuspendAll)
    vTaskSwitchContext                       0x0800c225   Thumb Code   110  tasks.o(i.vTaskSwitchContext)
    xPortStartScheduler                      0x0800c2cd   Thumb Code   192  port.o(i.xPortStartScheduler)
    xPortSysTickHandler                      0x0800c3e5   Thumb Code    50  port.o(i.xPortSysTickHandler)
    xQueueGenericCreate                      0x0800c41d   Thumb Code    78  queue.o(i.xQueueGenericCreate)
    xQueueGenericReceive                     0x0800c491   Thumb Code   416  queue.o(i.xQueueGenericReceive)
    xQueueGenericReset                       0x0800c659   Thumb Code   136  queue.o(i.xQueueGenericReset)
    xQueueGenericSend                        0x0800c709   Thumb Code   412  queue.o(i.xQueueGenericSend)
    xQueueGenericSendFromISR                 0x0800c8cd   Thumb Code   238  queue.o(i.xQueueGenericSendFromISR)
    xTaskCheckForTimeOut                     0x0800c9e1   Thumb Code   116  tasks.o(i.xTaskCheckForTimeOut)
    xTaskCreate                              0x0800ca81   Thumb Code    96  tasks.o(i.xTaskCreate)
    xTaskGetSchedulerState                   0x0800cae1   Thumb Code    24  tasks.o(i.xTaskGetSchedulerState)
    xTaskGetTickCount                        0x0800cb01   Thumb Code     6  tasks.o(i.xTaskGetTickCount)
    xTaskIncrementTick                       0x0800cb0d   Thumb Code   272  tasks.o(i.xTaskIncrementTick)
    xTaskPriorityDisinherit                  0x0800cc6d   Thumb Code   168  tasks.o(i.xTaskPriorityDisinherit)
    xTaskRemoveFromEventList                 0x0800cd45   Thumb Code   118  tasks.o(i.xTaskRemoveFromEventList)
    xTaskResumeAll                           0x0800cdf9   Thumb Code   214  tasks.o(i.xTaskResumeAll)
    xTimerCreateTimerTask                    0x0800cf19   Thumb Code    56  timers.o(i.xTimerCreateTimerTask)
    xTimerGenericCommand                     0x0800cf8d   Thumb Code   118  timers.o(i.xTimerGenericCommand)
    AHBPrescTable                            0x0800d030   Data          16  system_stm32f7xx.o(.constdata)
    APBPrescTable                            0x0800d040   Data           8  system_stm32f7xx.o(.constdata)
    Region$$Table$$Base                      0x0800d41c   Number         0  anon$$obj.o(Region$$Table)
    Region$$Table$$Limit                     0x0800d43c   Number         0  anon$$obj.o(Region$$Table)
    StartTask_Handler                        0x20020000   Data           4  main.o(.data)
    CSMACA_PBFT_Task_Handler                 0x20020004   Data           4  main.o(.data)
    public_key_string                        0x20020008   Data        2496  main.o(.data)
    private_key_string                       0x200209c8   Data        1248  main.o(.data)
    __stdout                                 0x20020eb0   Data           4  usart.o(.data)
    USART_RX_STA                             0x20020eb4   Data           2  usart.o(.data)
    aRxBuffer                                0x20020eb6   Data           1  usart.o(.data)
    uwTick                                   0x20020eb8   Data           4  stm32f7xx_hal.o(.data)
    uwTickPrio                               0x20020ebc   Data           4  stm32f7xx_hal.o(.data)
    uwTickFreq                               0x20020ec0   Data           1  stm32f7xx_hal.o(.data)
    led2sta                                  0x20020ec1   Data           1  led.o(.data)
    led1sta                                  0x20020ec2   Data           1  led.o(.data)
    led0sta                                  0x20020ec3   Data           1  led.o(.data)
    USART3_RX_STA                            0x20020ed8   Data           2  usart3.o(.data)
    pxCurrentTCB                             0x20020ee0   Data           4  tasks.o(.data)
    LoRa_CFG                                 0x20020f54   Data          14  mw1268_app.o(.data)
    Lora_Device_Sta                          0x20020f62   Data           1  mw1268_app.o(.data)
    Lora_Int_Sta                             0x20020f63   Data           1  mw1268_app.o(.data)
    Dire_Date                                0x20020f64   Data           5  mw1268_app.o(.data)
    SystemCoreClock                          0x20020f6c   Data           4  system_stm32f7xx.o(.data)
    N                                        0x20020f70   Data           1  tendermint2.o(.data)
    f                                        0x20020f71   Data           1  tendermint2.o(.data)
    DONE_THRES                               0x20020f72   Data           2  tendermint2.o(.data)
    id                                       0x20020f74   Data           1  tendermint2.o(.data)
    NTX                                      0x20020f75   Data           1  tendermint2.o(.data)
    NTX_proposal                             0x20020f76   Data           1  tendermint2.o(.data)
    slot                                     0x20020f78   Data           2  tendermint2.o(.data)
    Choice_Truth_Set_Number                  0x20020f7a   Data           1  tendermint2.o(.data)
    Choice_False_Set_Number                  0x20020f7b   Data           1  tendermint2.o(.data)
    Commit_Truth_Set_Number                  0x20020f7c   Data           1  tendermint2.o(.data)
    Commit_False_Set_Number                  0x20020f7d   Data           1  tendermint2.o(.data)
    Rece_next                                0x20020f7e   Data           1  tendermint2.o(.data)
    Viewchange_Number                        0x20020f7f   Data           1  tendermint2.o(.data)
    ACK_viewchange                           0x20020f80   Data           1  tendermint2.o(.data)
    PBFT_status                              0x20020f81   Data           1  tendermint2.o(.data)
    my_choice                                0x20020f82   Data           1  tendermint2.o(.data)
    my_commit                                0x20020f83   Data           1  tendermint2.o(.data)
    Commands_Size                            0x20020f84   Data           1  tendermint2.o(.data)
    Proposal_Packet_Number                   0x20020f85   Data           1  tendermint2.o(.data)
    Rece_Proposal_flag                       0x20020f86   Data           1  tendermint2.o(.data)
    Rece_Proposal_Number                     0x20020f87   Data           1  tendermint2.o(.data)
    start_flag                               0x20020f88   Data           1  tendermint2.o(.data)
    Timer_Flag_5                             0x20020f89   Data           1  tendermint2.o(.data)
    Total_time                               0x20020f8c   Data           4  tendermint2.o(.data)
    Total_time1                              0x20020f90   Data           4  tendermint2.o(.data)
    before_round                             0x20020f94   Data           1  tendermint2.o(.data)
    after_round                              0x20020f95   Data           1  tendermint2.o(.data)
    TIM_slot                                 0x20020f96   Data           1  tendermint2.o(.data)
    TIM5_Exceed_Times                        0x20020f98   Data           4  tendermint2.o(.data)
    TIM9_Exceed_Times                        0x20020f9c   Data           4  tendermint2.o(.data)
    TIM10_Exceed_Times                       0x20020fa0   Data           4  tendermint2.o(.data)
    ACK_Proposal_Number                      0x20020fa4   Data           1  tendermint2.o(.data)
    ACK_Choice_Number                        0x20020fa5   Data           1  tendermint2.o(.data)
    ACK_Commit_Number                        0x20020fa6   Data           1  tendermint2.o(.data)
    ACK_Proposal_Flag                        0x20020fa7   Data           1  tendermint2.o(.data)
    ACK_Choice_Flag                          0x20020fa8   Data           1  tendermint2.o(.data)
    ACK_Commit_Flag                          0x20020fa9   Data           1  tendermint2.o(.data)
    ACK_To_Send_Flag                         0x20020faa   Data           1  tendermint2.o(.data)
    ACK_To_Send_VC_Flag                      0x20020fab   Data           1  tendermint2.o(.data)
    TIM2_Exceed_Times                        0x20020fac   Data           4  tendermint2.o(.data)
    Need_to_Wait                             0x20020fb0   Data           1  tendermint2.o(.data)
    delta                                    0x20020fb4   Data           4  tendermint2.o(.data)
    Packet_Internal_delay                    0x20020fb8   Data           2  tendermint2.o(.data)
    private_key                              0x20020fc0   Data         640  main.o(.bss)
    public_key                               0x20021240   Data        1280  main.o(.bss)
    USART_RX_BUF                             0x20021740   Data         200  usart.o(.bss)
    UART1_Handler                            0x20021808   Data         136  usart.o(.bss)
    RNG_Handler                              0x20021890   Data          16  rng.o(.bss)
    timx_handler                             0x200218a0   Data          76  btim.o(.bss)
    tim5_handler                             0x200218ec   Data          76  btim.o(.bss)
    tim2_handler                             0x20021938   Data          76  btim.o(.bss)
    tim9_handler                             0x20021984   Data          76  btim.o(.bss)
    tim10_handler                            0x200219d0   Data          76  btim.o(.bss)
    uart3RxBuffer                            0x20021a1c   Data        1024  usart3.o(.bss)
    uart3TxBuffer                            0x20021e1c   Data        1024  usart3.o(.bss)
    uart3_handler                            0x2002221c   Data         136  usart3.o(.bss)
    xQueueRegistry                           0x200222a4   Data          64  queue.o(.bss)
    date                                     0x2002de18   Data          30  mw1268_app.o(.bss)
    Tran_Data                                0x2002de36   Data         800  mw1268_app.o(.bss)
    Choice                                   0x2002e158   Data          14  tendermint2.o(.bss)
    Commit                                   0x2002e166   Data          14  tendermint2.o(.bss)
    Rece_Viewchange                          0x2002e174   Data          20  tendermint2.o(.bss)
    Viewchange_id                            0x2002e188   Data          20  tendermint2.o(.bss)
    Viewchange_Sig                           0x2002e19c   Data        1280  tendermint2.o(.bss)
    Send_Data_buff                           0x2002e69c   Data         800  tendermint2.o(.bss)
    Rece_Proposal                            0x2002e9bc   Data          30  tendermint2.o(.bss)
    Command_buff                             0x2002e9da   Data         800  tendermint2.o(.bss)
    Proposal_hash                            0x2002ecfa   Data          40  tendermint2.o(.bss)
    ACK_Proposal                             0x2002ed22   Data          14  tendermint2.o(.bss)
    ACK_Choice                               0x2002ed30   Data          14  tendermint2.o(.bss)
    ACK_Commit                               0x2002ed3e   Data          14  tendermint2.o(.bss)
    curves                                   0x2002ed4c   Data          20  tendermint2.o(.bss)
    __initial_sp                             0x2002fd60   Data           0  startup_stm32f767xx.o(STACK)



==============================================================================

Memory Map of the image

  Image Entry point : 0x080001f9

  Load Region LR_IROM1 (Base: 0x08000000, Size: 0x0000e3fc, Max: 0x00200000, ABSOLUTE, COMPRESSED[0x0000dd88])

    Execution Region ER_IROM1 (Base: 0x08000000, Size: 0x0000d43c, Max: 0x00200000, ABSOLUTE)

    Base Addr    Size         Type   Attr      Idx    E Section Name        Object

    0x08000000   0x000001f8   Data   RO          583    RESET               startup_stm32f767xx.o
    0x080001f8   0x00000000   Code   RO         6169  * .ARM.Collect$$$$00000000  mc_w.l(entry.o)
    0x080001f8   0x00000004   Code   RO         6455    .ARM.Collect$$$$00000001  mc_w.l(entry2.o)
    0x080001fc   0x00000004   Code   RO         6458    .ARM.Collect$$$$00000004  mc_w.l(entry5.o)
    0x08000200   0x00000000   Code   RO         6460    .ARM.Collect$$$$00000008  mc_w.l(entry7b.o)
    0x08000200   0x00000000   Code   RO         6462    .ARM.Collect$$$$0000000A  mc_w.l(entry8b.o)
    0x08000200   0x00000008   Code   RO         6463    .ARM.Collect$$$$0000000B  mc_w.l(entry9a.o)
    0x08000208   0x00000000   Code   RO         6465    .ARM.Collect$$$$0000000D  mc_w.l(entry10a.o)
    0x08000208   0x00000000   Code   RO         6467    .ARM.Collect$$$$0000000F  mc_w.l(entry11a.o)
    0x08000208   0x00000004   Code   RO         6456    .ARM.Collect$$$$00002712  mc_w.l(entry2.o)
    0x0800020c   0x000000ba   Code   RO         5174    .emb_text           port.o
    0x080002c6   0x00000002   PAD
    0x080002c8   0x00000024   Code   RO          584    .text               startup_stm32f767xx.o
    0x080002ec   0x00000062   Code   RO         6180    .text               mc_w.l(uldiv.o)
    0x0800034e   0x00000024   Code   RO         6182    .text               mc_w.l(memcpya.o)
    0x08000372   0x00000024   Code   RO         6184    .text               mc_w.l(memseta.o)
    0x08000396   0x00000024   Code   RO         6186    .text               mc_w.l(strstr.o)
    0x080003ba   0x0000000e   Code   RO         6188    .text               mc_w.l(strlen.o)
    0x080003c8   0x0000002c   Code   RO         6480    .text               mc_w.l(uidiv.o)
    0x080003f4   0x0000001e   Code   RO         6482    .text               mc_w.l(llshl.o)
    0x08000412   0x00000020   Code   RO         6484    .text               mc_w.l(llushr.o)
    0x08000432   0x00000000   Code   RO         6486    .text               mc_w.l(iusefp.o)
    0x08000432   0x0000014e   Code   RO         6487    .text               mf_w.l(dadd.o)
    0x08000580   0x000000e4   Code   RO         6489    .text               mf_w.l(dmul.o)
    0x08000664   0x000000de   Code   RO         6491    .text               mf_w.l(ddiv.o)
    0x08000742   0x00000030   Code   RO         6493    .text               mf_w.l(dfixul.o)
    0x08000772   0x00000002   PAD
    0x08000774   0x00000030   Code   RO         6495    .text               mf_w.l(cdrcmple.o)
    0x080007a4   0x00000024   Code   RO         6497    .text               mc_w.l(init.o)
    0x080007c8   0x00000024   Code   RO         6500    .text               mc_w.l(llsshr.o)
    0x080007ec   0x000000ba   Code   RO         6503    .text               mf_w.l(depilogue.o)
    0x080008a6   0x0000005e   Code   RO         6513    .text               mc_w.l(__dclz77c.o)
    0x08000904   0x00000010   Code   RO         5470    i.AfterRound        tendermint2.o
    0x08000914   0x00000048   Code   RO         5357    i.Aux_Int           mw1268_app.o
    0x0800095c   0x0000002c   Code   RO         5471    i.BeforeRound       tendermint2.o
    0x08000988   0x00000004   Code   RO          319    i.BusFault_Handler  stm32f7xx_it.o
    0x0800098c   0x00000078   Code   RO            4    i.CPU_CACHE_Enable  main.o
    0x08000a04   0x0000002c   Code   RO            5    i.CSMACA_PBFT       main.o
    0x08000a30   0x00000002   Code   RO          320    i.DebugMon_Handler  stm32f7xx_it.o
    0x08000a32   0x00000002   PAD
    0x08000a34   0x000006e4   Code   RO         5358    i.EXTI15_10_IRQHandler  mw1268_app.o
    0x08001118   0x00000010   Code   RO          431    i.GPIO_Pin_Set      sys.o
    0x08001128   0x000000ac   Code   RO         2062    i.HAL_DMA_Abort     stm32f7xx_hal_dma.o
    0x080011d4   0x00000028   Code   RO         2063    i.HAL_DMA_Abort_IT  stm32f7xx_hal_dma.o
    0x080011fc   0x0000020c   Code   RO          944    i.HAL_GPIO_Init     stm32f7xx_hal_gpio.o
    0x08001408   0x00000010   Code   RO          946    i.HAL_GPIO_ReadPin  stm32f7xx_hal_gpio.o
    0x08001418   0x0000000c   Code   RO          948    i.HAL_GPIO_WritePin  stm32f7xx_hal_gpio.o
    0x08001424   0x0000000c   Code   RO          608    i.HAL_GetTick       stm32f7xx_hal.o
    0x08001430   0x00000018   Code   RO          614    i.HAL_IncTick       stm32f7xx_hal.o
    0x08001448   0x00000030   Code   RO          615    i.HAL_Init          stm32f7xx_hal.o
    0x08001478   0x0000004c   Code   RO          616    i.HAL_InitTick      stm32f7xx_hal.o
    0x080014c4   0x0000005c   Code   RO          801    i.HAL_MPU_ConfigRegion  stm32f7xx_hal_cortex.o
    0x08001520   0x0000002c   Code   RO          802    i.HAL_MPU_Disable   stm32f7xx_hal_cortex.o
    0x0800154c   0x00000040   Code   RO          803    i.HAL_MPU_Enable    stm32f7xx_hal_cortex.o
    0x0800158c   0x00000002   Code   RO          618    i.HAL_MspInit       stm32f7xx_hal.o
    0x0800158e   0x00000002   PAD
    0x08001590   0x0000001c   Code   RO          805    i.HAL_NVIC_DisableIRQ  stm32f7xx_hal_cortex.o
    0x080015ac   0x0000001a   Code   RO          806    i.HAL_NVIC_EnableIRQ  stm32f7xx_hal_cortex.o
    0x080015c6   0x0000007c   Code   RO          812    i.HAL_NVIC_SetPriority  stm32f7xx_hal_cortex.o
    0x08001642   0x00000002   PAD
    0x08001644   0x00000028   Code   RO          813    i.HAL_NVIC_SetPriorityGrouping  stm32f7xx_hal_cortex.o
    0x0800166c   0x00000090   Code   RO         1137    i.HAL_PWREx_EnableOverDrive  stm32f7xx_hal_pwr_ex.o
    0x080016fc   0x00000194   Code   RO         1224    i.HAL_RCC_ClockConfig  stm32f7xx_hal_rcc.o
    0x08001890   0x0000000c   Code   RO         1229    i.HAL_RCC_GetHCLKFreq  stm32f7xx_hal_rcc.o
    0x0800189c   0x00000020   Code   RO         1231    i.HAL_RCC_GetPCLK1Freq  stm32f7xx_hal_rcc.o
    0x080018bc   0x00000020   Code   RO         1232    i.HAL_RCC_GetPCLK2Freq  stm32f7xx_hal_rcc.o
    0x080018dc   0x000000b0   Code   RO         1233    i.HAL_RCC_GetSysClockFreq  stm32f7xx_hal_rcc.o
    0x0800198c   0x00000514   Code   RO         1236    i.HAL_RCC_OscConfig  stm32f7xx_hal_rcc.o
    0x08001ea0   0x00000086   Code   RO         3770    i.HAL_RNG_GenerateRandomNumber  stm32f7xx_hal_rng.o
    0x08001f26   0x00000018   Code   RO         3773    i.HAL_RNG_GetRandomNumber  stm32f7xx_hal_rng.o
    0x08001f3e   0x00000034   Code   RO         3777    i.HAL_RNG_Init      stm32f7xx_hal_rng.o
    0x08001f72   0x00000002   PAD
    0x08001f74   0x00000024   Code   RO         3900    i.HAL_RNG_MspInit   rng.o
    0x08001f98   0x00000028   Code   RO          815    i.HAL_SYSTICK_CLKSourceConfig  stm32f7xx_hal_cortex.o
    0x08001fc0   0x00000034   Code   RO          817    i.HAL_SYSTICK_Config  stm32f7xx_hal_cortex.o
    0x08001ff4   0x00000002   Code   RO         2969    i.HAL_TIMEx_Break2Callback  stm32f7xx_hal_tim_ex.o
    0x08001ff6   0x00000002   Code   RO         2970    i.HAL_TIMEx_BreakCallback  stm32f7xx_hal_tim_ex.o
    0x08001ff8   0x00000002   Code   RO         2971    i.HAL_TIMEx_CommutCallback  stm32f7xx_hal_tim_ex.o
    0x08001ffa   0x0000006e   Code   RO         2244    i.HAL_TIM_Base_Init  stm32f7xx_hal_tim.o
    0x08002068   0x0000013c   Code   RO         3945    i.HAL_TIM_Base_MspInit  btim.o
    0x080021a4   0x000000b4   Code   RO         2249    i.HAL_TIM_Base_Start_IT  stm32f7xx_hal_tim.o
    0x08002258   0x00000002   Code   RO         2278    i.HAL_TIM_IC_CaptureCallback  stm32f7xx_hal_tim.o
    0x0800225a   0x000001b8   Code   RO         2292    i.HAL_TIM_IRQHandler  stm32f7xx_hal_tim.o
    0x08002412   0x00000002   Code   RO         2295    i.HAL_TIM_OC_DelayElapsedCallback  stm32f7xx_hal_tim.o
    0x08002414   0x00000002   Code   RO         2322    i.HAL_TIM_PWM_PulseFinishedCallback  stm32f7xx_hal_tim.o
    0x08002416   0x00000002   PAD
    0x08002418   0x000000cc   Code   RO         3946    i.HAL_TIM_PeriodElapsedCallback  btim.o
    0x080024e4   0x00000002   Code   RO         2335    i.HAL_TIM_TriggerCallback  stm32f7xx_hal_tim.o
    0x080024e6   0x00000002   Code   RO         1665    i.HAL_UARTEx_RxEventCallback  stm32f7xx_hal_uart.o
    0x080024e8   0x00000002   Code   RO         1666    i.HAL_UARTEx_WakeupCallback  stm32f7xx_hal_uart.o
    0x080024ea   0x00000002   Code   RO         1682    i.HAL_UART_ErrorCallback  stm32f7xx_hal_uart.o
    0x080024ec   0x0000000e   Code   RO         1684    i.HAL_UART_GetState  stm32f7xx_hal_uart.o
    0x080024fa   0x00000002   PAD
    0x080024fc   0x00000350   Code   RO         1685    i.HAL_UART_IRQHandler  stm32f7xx_hal_uart.o
    0x0800284c   0x00000074   Code   RO         1686    i.HAL_UART_Init     stm32f7xx_hal_uart.o
    0x080028c0   0x00000002   Code   RO          280    i.HAL_UART_MspInit  stm32f7xx_hal_msp.o
    0x080028c2   0x00000050   Code   RO         1691    i.HAL_UART_Receive_IT  stm32f7xx_hal_uart.o
    0x08002912   0x00000002   PAD
    0x08002914   0x00000088   Code   RO          525    i.HAL_UART_RxCpltCallback  usart.o
    0x0800299c   0x000000b2   Code   RO         1695    i.HAL_UART_Transmit  stm32f7xx_hal_uart.o
    0x08002a4e   0x00000002   Code   RO         1698    i.HAL_UART_TxCpltCallback  stm32f7xx_hal_uart.o
    0x08002a50   0x00000004   Code   RO          321    i.HardFault_Handler  stm32f7xx_it.o
    0x08002a54   0x00000058   Code   RO         3870    i.LED_Init          led.o
    0x08002aac   0x00000154   Code   RO         5473    i.Leader_Send       tendermint2.o
    0x08002c00   0x00000284   Code   RO         5359    i.LoRa_Init         mw1268_app.o
    0x08002e84   0x00000028   Code   RO         5361    i.LoRa_SendData     mw1268_app.o
    0x08002eac   0x0000021c   Code   RO         5362    i.LoRa_Set          mw1268_app.o
    0x080030c8   0x0000004e   Code   RO            6    i.MPU_Config        main.o
    0x08003116   0x00000004   Code   RO          322    i.MemManage_Handler  stm32f7xx_it.o
    0x0800311a   0x00000002   Code   RO          323    i.NMI_Handler       stm32f7xx_it.o
    0x0800311c   0x00000010   Code   RO          819    i.NVIC_GetPriorityGrouping  stm32f7xx_hal_cortex.o
    0x0800312c   0x00000028   Code   RO          820    i.NVIC_SetPriority  stm32f7xx_hal_cortex.o
    0x08003154   0x000000b8   Code   RO         5474    i.New_Proposal      tendermint2.o
    0x0800320c   0x000000f8   Code   RO         5475    i.Propose           tendermint2.o
    0x08003304   0x00000010   Code   RO         3901    i.RNG_Get_RandomNum  rng.o
    0x08003314   0x00000020   Code   RO         3902    i.RNG_Get_RandomRange  rng.o
    0x08003334   0x00000048   Code   RO         3903    i.RNG_Init          rng.o
    0x0800337c   0x0000009c   Code   RO            7    i.SCB_EnableDCache  main.o
    0x08003418   0x000000f0   Code   RO         5476    i.Send_ACK          tendermint2.o
    0x08003508   0x000000c4   Code   RO         5477    i.Send_COMMIT       tendermint2.o
    0x080035cc   0x000000c4   Code   RO         5478    i.Send_PREPARE      tendermint2.o
    0x08003690   0x0000006c   Code   RO         5479    i.Send_REPLAY       tendermint2.o
    0x080036fc   0x0000009c   Code   RO         5481    i.Send_VIEW_CHANGE  tendermint2.o
    0x08003798   0x0000001a   Code   RO            8    i.Sixteen2Ten       main.o
    0x080037b2   0x00000002   PAD
    0x080037b4   0x00000014   Code   RO         5483    i.Start_main        tendermint2.o
    0x080037c8   0x00000014   Code   RO          376    i.SysTick_Handler   delay.o
    0x080037dc   0x00000070   Code   RO            9    i.SystemClock_Config  main.o
    0x0800384c   0x00000014   Code   RO         5434    i.SystemInit        system_stm32f7xx.o
    0x08003860   0x00000010   Code   RO         3947    i.TIM1_BRK_TIM9_IRQHandler  btim.o
    0x08003870   0x00000010   Code   RO         3948    i.TIM1_UP_TIM10_IRQHandler  btim.o
    0x08003880   0x00000010   Code   RO         3949    i.TIM2_IRQHandler   btim.o
    0x08003890   0x00000010   Code   RO         3951    i.TIM5_IRQHandler   btim.o
    0x080038a0   0x00000010   Code   RO         3952    i.TIM7_IRQHandler   btim.o
    0x080038b0   0x000000d8   Code   RO         2337    i.TIM_Base_SetConfig  stm32f7xx_hal_tim.o
    0x08003988   0x000000f8   Code   RO         1700    i.UART_AdvFeatureConfig  stm32f7xx_hal_uart.o
    0x08003a80   0x00000076   Code   RO         1701    i.UART_CheckIdleState  stm32f7xx_hal_uart.o
    0x08003af6   0x00000018   Code   RO         1702    i.UART_DMAAbortOnError  stm32f7xx_hal_uart.o
    0x08003b0e   0x00000066   Code   RO         1712    i.UART_EndRxTransfer  stm32f7xx_hal_uart.o
    0x08003b74   0x0000002e   Code   RO         1713    i.UART_EndTransmit_IT  stm32f7xx_hal_uart.o
    0x08003ba2   0x000000d4   Code   RO         1715    i.UART_RxISR_16BIT  stm32f7xx_hal_uart.o
    0x08003c76   0x000000d0   Code   RO         1716    i.UART_RxISR_8BIT   stm32f7xx_hal_uart.o
    0x08003d46   0x00000002   PAD
    0x08003d48   0x0000033c   Code   RO         1717    i.UART_SetConfig    stm32f7xx_hal_uart.o
    0x08004084   0x000000f4   Code   RO         1719    i.UART_Start_Receive_IT  stm32f7xx_hal_uart.o
    0x08004178   0x000000fc   Code   RO         1722    i.UART_WaitOnFlagUntilTimeout  stm32f7xx_hal_uart.o
    0x08004274   0x00000050   Code   RO          526    i.USART1_IRQHandler  usart.o
    0x080042c4   0x0000007c   Code   RO         4146    i.USART3_IRQHandler  usart3.o
    0x08004340   0x00000004   Code   RO          324    i.UsageFault_Handler  stm32f7xx_it.o
    0x08004344   0x00000088   Code   RO         5364    i.User_GpioInit     mw1268_app.o
    0x080043cc   0x00000060   Code   RO         5597    i._Z12regularize_kPKjPjS1_PK12uECC_Curve_t  uecc.o
    0x0800442c   0x00000040   Code   RO         5598    i._Z12uECC_vli_addPjPKjS1_a  uecc.o
    0x0800446c   0x00000042   Code   RO         5599    i._Z12uECC_vli_cmpPKjS0_a  uecc.o
    0x080044ae   0x0000001a   Code   RO         5600    i._Z12uECC_vli_setPjPKja  uecc.o
    0x080044c8   0x00000042   Code   RO         5601    i._Z12uECC_vli_subPjPKjS1_a  uecc.o
    0x0800450a   0x000001ae   Code   RO         5602    i._Z13EccPoint_multPjPKjS1_S1_sPK12uECC_Curve_t  uecc.o
    0x080046b8   0x00000142   Code   RO         5603    i._Z13uECC_vli_mmodPjS_PKja  uecc.o
    0x080047fa   0x000000ae   Code   RO         5604    i._Z13uECC_vli_multPjPKjS1_a  uecc.o
    0x080048a8   0x00000020   Code   RO         5605    i._Z13vli_numDigitsPKja  uecc.o
    0x080048c8   0x00000016   Code   RO         5606    i._Z14uECC_vli_clearPja  uecc.o
    0x080048de   0x0000002c   Code   RO         5607    i._Z14uECC_vli_equalPKjS0_a  uecc.o
    0x0800490a   0x00000002   PAD
    0x0800490c   0x00000058   Code   RO         5608    i._Z14x_side_defaultPjPKjPK12uECC_Curve_t  uecc.o
    0x08004964   0x00000024   Code   RO         5609    i._Z15uECC_vli_isZeroPKja  uecc.o
    0x08004988   0x00000040   Code   RO         5610    i._Z15uECC_vli_modAddPjPKjS1_S1_a  uecc.o
    0x080049c8   0x00000132   Code   RO         5611    i._Z15uECC_vli_modInvPjPKjS1_a  uecc.o
    0x08004afa   0x00000034   Code   RO         5612    i._Z15uECC_vli_modSubPjPKjS1_S1_a  uecc.o
    0x08004b2e   0x00000002   PAD
    0x08004b30   0x00000080   Code   RO         5613    i._Z16mod_sqrt_defaultPjPK12uECC_Curve_t  uecc.o
    0x08004bb0   0x0000018c   Code   RO         5614    i._Z16uECC_sign_with_kPKhS0_jPjPhPK12uECC_Curve_t  uecc.o
    0x08004d3c   0x00000030   Code   RO         5616    i._Z16uECC_vli_modMultPjPKjS1_S1_a  uecc.o
    0x08004d6c   0x00000036   Code   RO         5617    i._Z16uECC_vli_numBitsPKja  uecc.o
    0x08004da2   0x00000022   Code   RO         5618    i._Z16uECC_vli_rshift1Pja  uecc.o
    0x08004dc4   0x00000016   Code   RO         5619    i._Z16uECC_vli_testBitPKjs  uecc.o
    0x08004dda   0x00000032   Code   RO         5620    i._Z16x_side_secp256k1PjPKjPK12uECC_Curve_t  uecc.o
    0x08004e0c   0x00000040   Code   RO         5621    i._Z17vli_modInv_updatePjPKja  uecc.o
    0x08004e4c   0x00000098   Code   RO         5622    i._Z18mod_sqrt_secp224r1PjPK12uECC_Curve_t  uecc.o
    0x08004ee4   0x00000074   Code   RO         5623    i._Z19XYcZ_initial_doublePjS_S_S_PKjPK12uECC_Curve_t  uecc.o
    0x08004f58   0x0000003a   Code   RO         5624    i._Z19uECC_vli_cmp_unsafePKjS0_a  uecc.o
    0x08004f92   0x0000004e   Code   RO         5625    i._Z20omega_mult_secp160r1PjPKj  uecc.o
    0x08004fe0   0x00000044   Code   RO         5626    i._Z20omega_mult_secp256k1PjPKj  uecc.o
    0x08005024   0x000000c4   Code   RO         5627    i._Z21mod_sqrt_secp224r1_rmPjS_S_PKjS1_S1_S1_S1_  uecc.o
    0x080050e8   0x000000b4   Code   RO         5628    i._Z21mod_sqrt_secp224r1_rpPjS_S_PKjS1_  uecc.o
    0x0800519c   0x00000088   Code   RO         5629    i._Z21mod_sqrt_secp224r1_rsPjS_S_PKjS1_S1_  uecc.o
    0x08005224   0x00000028   Code   RO         5630    i._Z21uECC_vli_modMult_fastPjPKjS1_PK12uECC_Curve_t  uecc.o
    0x0800524c   0x00000058   Code   RO         5631    i._Z22mod_sqrt_secp224r1_rssPjS_S_PKjS1_S1_s  uecc.o
    0x080052a4   0x0000004a   Code   RO         5632    i._Z22uECC_vli_bytesToNativePjPKhi  uecc.o
    0x080052ee   0x00000024   Code   RO         5633    i._Z22uECC_vli_nativeToBytesPhiPKj  uecc.o
    0x08005312   0x00000154   Code   RO         5634    i._Z23double_jacobian_defaultPjS_S_PK12uECC_Curve_t  uecc.o
    0x08005466   0x00000016   Code   RO         5635    i._Z23uECC_vli_modSquare_fastPjPKjPK12uECC_Curve_t  uecc.o
    0x0800547c   0x00000084   Code   RO         5636    i._Z23vli_mmod_fast_secp160r1PjS_  uecc.o
    0x08005500   0x0000009c   Code   RO         5637    i._Z23vli_mmod_fast_secp192r1PjS_  uecc.o
    0x0800559c   0x000000e8   Code   RO         5638    i._Z23vli_mmod_fast_secp224r1PjS_  uecc.o
    0x08005684   0x00000084   Code   RO         5639    i._Z23vli_mmod_fast_secp256k1PjS_  uecc.o
    0x08005708   0x000001c8   Code   RO         5640    i._Z23vli_mmod_fast_secp256r1PjS_  uecc.o
    0x080058d0   0x00000078   Code   RO         5641    i._Z24uECC_generate_random_intPjPKja  uecc.o
    0x08005948   0x00000100   Code   RO         5642    i._Z25double_jacobian_secp256k1PjS_S_PK12uECC_Curve_t  uecc.o
    0x08005a48   0x0000000e   Code   RO         5644    i._Z4smaxss         uecc.o
    0x08005a56   0x0000004e   Code   RO         5645    i._Z6muladdjjPjS_S_  uecc.o
    0x08005aa4   0x0000003e   Code   RO         5646    i._Z7apply_zPjS_PKjPK12uECC_Curve_t  uecc.o
    0x08005ae2   0x000000ca   Code   RO         5647    i._Z8XYcZ_addPjS_S_S_PK12uECC_Curve_t  uecc.o
    0x08005bac   0x000000a8   Code   RO         5648    i._Z8bits2intPjPKhjPK12uECC_Curve_t  uecc.o
    0x08005c54   0x00000118   Code   RO         5651    i._Z9XYcZ_addCPjS_S_S_PK12uECC_Curve_t  uecc.o
    0x08005d6c   0x00000020   Code   RO         6427    i.__0printf         mc_w.l(printfa.o)
    0x08005d8c   0x00000028   Code   RO         6429    i.__0sprintf        mc_w.l(printfa.o)
    0x08005db4   0x00000024   Code   RO         6433    i.__0vsprintf       mc_w.l(printfa.o)
    0x08005dd8   0x0000000e   Code   RO         6507    i.__scatterload_copy  mc_w.l(handlers.o)
    0x08005de6   0x00000002   Code   RO         6508    i.__scatterload_null  mc_w.l(handlers.o)
    0x08005de8   0x0000000e   Code   RO         6509    i.__scatterload_zeroinit  mc_w.l(handlers.o)
    0x08005df6   0x00000002   PAD
    0x08005df8   0x00000184   Code   RO         6434    i._fp_digits        mc_w.l(printfa.o)
    0x08005f7c   0x000006dc   Code   RO         6435    i._printf_core      mc_w.l(printfa.o)
    0x08006658   0x00000024   Code   RO         6436    i._printf_post_padding  mc_w.l(printfa.o)
    0x0800667c   0x0000002e   Code   RO         6437    i._printf_pre_padding  mc_w.l(printfa.o)
    0x080066aa   0x0000000a   Code   RO         6439    i._sputc            mc_w.l(printfa.o)
    0x080066b4   0x00000034   Code   RO         3959    i.btim_tim2_enable  btim.o
    0x080066e8   0x0000002c   Code   RO         3960    i.btim_tim2_int_init  btim.o
    0x08006714   0x0000002c   Code   RO         3964    i.btim_tim5_int_init  btim.o
    0x08006740   0x0000002c   Code   RO         3968    i.btim_tim9_int_init  btim.o
    0x0800676c   0x0000000c   Code   RO         3970    i.btim_timx_counterset  btim.o
    0x08006778   0x00000034   Code   RO         3971    i.btim_timx_enable  btim.o
    0x080067ac   0x0000002c   Code   RO         3972    i.btim_timx_int_init  btim.o
    0x080067d8   0x00000044   Code   RO          377    i.delay_init        delay.o
    0x0800681c   0x00000040   Code   RO          378    i.delay_ms          delay.o
    0x0800685c   0x00000048   Code   RO          379    i.delay_us          delay.o
    0x080068a4   0x0000001c   Code   RO          528    i.fputc             usart.o
    0x080068c0   0x00000104   Code   RO         5484    i.init              tendermint2.o
    0x080069c4   0x000000e4   Code   RO           10    i.init_public_key   main.o
    0x08006aa8   0x00000034   Code   RO         5324    i.lora_check_cmd    mw1268_uart.o
    0x08006adc   0x00000080   Code   RO         5325    i.lora_send_cmd     mw1268_uart.o
    0x08006b5c   0x0000004c   Code   RO           11    i.main              main.o
    0x08006ba8   0x00000044   Code   RO           12    i.my_RNG            main.o
    0x08006bec   0x00000098   Code   RO         4656    i.prvAddCurrentTaskToDelayedList  tasks.o
    0x08006c84   0x000000b8   Code   RO         4657    i.prvAddNewTaskToReadyList  tasks.o
    0x08006d3c   0x00000064   Code   RO         5032    i.prvCheckForValidListAndQueue  timers.o
    0x08006da0   0x00000064   Code   RO         4658    i.prvCheckTasksWaitingTermination  tasks.o
    0x08006e04   0x0000002a   Code   RO         4408    i.prvCopyDataFromQueue  queue.o
    0x08006e2e   0x0000007c   Code   RO         4409    i.prvCopyDataToQueue  queue.o
    0x08006eaa   0x00000012   Code   RO         4659    i.prvDeleteTCB      tasks.o
    0x08006ebc   0x00000028   Code   RO         5033    i.prvGetNextExpireTime  timers.o
    0x08006ee4   0x0000007c   Code   RO         5263    i.prvHeapInit       heap_4.o
    0x08006f60   0x00000028   Code   RO         4660    i.prvIdleTask       tasks.o
    0x08006f88   0x0000002e   Code   RO         4411    i.prvInitialiseNewQueue  queue.o
    0x08006fb6   0x00000002   PAD
    0x08006fb8   0x000000d0   Code   RO         4661    i.prvInitialiseNewTask  tasks.o
    0x08007088   0x00000068   Code   RO         4662    i.prvInitialiseTaskLists  tasks.o
    0x080070f0   0x00000068   Code   RO         5264    i.prvInsertBlockIntoFreeList  heap_4.o
    0x08007158   0x00000058   Code   RO         5035    i.prvInsertTimerInActiveList  timers.o
    0x080071b0   0x0000001a   Code   RO         4412    i.prvIsQueueEmpty   queue.o
    0x080071ca   0x0000001e   Code   RO         4413    i.prvIsQueueFull    queue.o
    0x080071e8   0x000000a0   Code   RO         4414    i.prvNotifyQueueSetContainer  queue.o
    0x08007288   0x00000080   Code   RO         5036    i.prvProcessExpiredTimer  timers.o
    0x08007308   0x0000012c   Code   RO         5037    i.prvProcessReceivedCommands  timers.o
    0x08007434   0x00000074   Code   RO         5038    i.prvProcessTimerOrBlockTask  timers.o
    0x080074a8   0x00000034   Code   RO         4664    i.prvResetNextTaskUnblockTime  tasks.o
    0x080074dc   0x0000002c   Code   RO         5039    i.prvSampleTimeNow  timers.o
    0x08007508   0x000000bc   Code   RO         5040    i.prvSwitchTimerLists  timers.o
    0x080075c4   0x0000007c   Code   RO         5175    i.prvTaskExitError  port.o
    0x08007640   0x0000001a   Code   RO         5041    i.prvTimerTask      timers.o
    0x0800765a   0x00000092   Code   RO         4415    i.prvUnlockQueue    queue.o
    0x080076ec   0x00000154   Code   RO         5265    i.pvPortMalloc      heap_4.o
    0x08007840   0x00000020   Code   RO         4668    i.pvTaskIncrementMutexHeldCount  tasks.o
    0x08007860   0x0000002c   Code   RO         5176    i.pxPortInitialiseStack  port.o
    0x0800788c   0x00000032   Code   RO         6095    i.sha2              sha2.o
    0x080078be   0x00000002   PAD
    0x080078c0   0x00000134   Code   RO         6097    i.sha2_finish       sha2.o
    0x080079f4   0x0000345c   Code   RO         6102    i.sha2_process      sha2.o
    0x0800ae50   0x00000090   Code   RO         6103    i.sha2_starts       sha2.o
    0x0800aee0   0x00000080   Code   RO         6104    i.sha2_update       sha2.o
    0x0800af60   0x00000084   Code   RO         5485    i.sign_data         tendermint2.o
    0x0800afe4   0x00000044   Code   RO           16    i.start_task        main.o
    0x0800b028   0x00000518   Code   RO         5486    i.tendermint2       tendermint2.o
    0x0800b540   0x00000008   Code   RO         5660    i.uECC_secp192r1    uecc.o
    0x0800b548   0x0000000c   Code   RO         5664    i.uECC_set_rng      uecc.o
    0x0800b554   0x0000005a   Code   RO         5666    i.uECC_sign         uecc.o
    0x0800b5ae   0x000002d0   Code   RO         5669    i.uECC_verify       uecc.o
    0x0800b87e   0x00000002   PAD
    0x0800b880   0x000000c0   Code   RO         4147    i.usart3_bpsset     usart3.o
    0x0800b940   0x00000078   Code   RO         4148    i.usart3_gpioinit   usart3.o
    0x0800b9b8   0x00000068   Code   RO         4149    i.usart3_init       usart3.o
    0x0800ba20   0x00000044   Code   RO         4150    i.usart3_rx         usart3.o
    0x0800ba64   0x0000003c   Code   RO         4151    i.usart3_sendData   usart3.o
    0x0800baa0   0x00000028   Code   RO         4359    i.uxListRemove      list.o
    0x0800bac8   0x0000001a   Code   RO         4360    i.vListInitialise   list.o
    0x0800bae2   0x00000006   Code   RO         4361    i.vListInitialiseItem  list.o
    0x0800bae8   0x00000034   Code   RO         4362    i.vListInsert       list.o
    0x0800bb1c   0x00000018   Code   RO         4363    i.vListInsertEnd    list.o
    0x0800bb34   0x00000090   Code   RO         5178    i.vPortEnterCritical  port.o
    0x0800bbc4   0x00000074   Code   RO         5179    i.vPortExitCritical  port.o
    0x0800bc38   0x000000b8   Code   RO         5266    i.vPortFree         heap_4.o
    0x0800bcf0   0x00000020   Code   RO         5180    i.vPortSetupTimerInterrupt  port.o
    0x0800bd10   0x000000a4   Code   RO         5181    i.vPortValidateInterruptPriority  port.o
    0x0800bdb4   0x0000002c   Code   RO         4421    i.vQueueAddToRegistry  queue.o
    0x0800bde0   0x0000004a   Code   RO         4425    i.vQueueWaitForMessageRestricted  queue.o
    0x0800be2a   0x00000002   PAD
    0x0800be2c   0x00000074   Code   RO         4676    i.vTaskDelay        tasks.o
    0x0800bea0   0x0000010c   Code   RO         4678    i.vTaskDelete       tasks.o
    0x0800bfac   0x0000000c   Code   RO         4682    i.vTaskMissedYield  tasks.o
    0x0800bfb8   0x00000054   Code   RO         4684    i.vTaskPlaceOnEventList  tasks.o
    0x0800c00c   0x0000005c   Code   RO         4685    i.vTaskPlaceOnEventListRestricted  tasks.o
    0x0800c068   0x000000b0   Code   RO         4687    i.vTaskPriorityInherit  tasks.o
    0x0800c118   0x0000004c   Code   RO         4691    i.vTaskSetTimeOutState  tasks.o
    0x0800c164   0x000000b0   Code   RO         4692    i.vTaskStartScheduler  tasks.o
    0x0800c214   0x00000010   Code   RO         4694    i.vTaskSuspendAll   tasks.o
    0x0800c224   0x000000a8   Code   RO         4695    i.vTaskSwitchContext  tasks.o
    0x0800c2cc   0x00000118   Code   RO         5182    i.xPortStartScheduler  port.o
    0x0800c3e4   0x00000038   Code   RO         5183    i.xPortSysTickHandler  port.o
    0x0800c41c   0x00000074   Code   RO         4430    i.xQueueGenericCreate  queue.o
    0x0800c490   0x000001c8   Code   RO         4431    i.xQueueGenericReceive  queue.o
    0x0800c658   0x000000b0   Code   RO         4432    i.xQueueGenericReset  queue.o
    0x0800c708   0x000001c4   Code   RO         4433    i.xQueueGenericSend  queue.o
    0x0800c8cc   0x00000114   Code   RO         4434    i.xQueueGenericSendFromISR  queue.o
    0x0800c9e0   0x000000a0   Code   RO         4696    i.xTaskCheckForTimeOut  tasks.o
    0x0800ca80   0x00000060   Code   RO         4697    i.xTaskCreate       tasks.o
    0x0800cae0   0x00000020   Code   RO         4701    i.xTaskGetSchedulerState  tasks.o
    0x0800cb00   0x0000000c   Code   RO         4702    i.xTaskGetTickCount  tasks.o
    0x0800cb0c   0x00000160   Code   RO         4704    i.xTaskIncrementTick  tasks.o
    0x0800cc6c   0x000000d8   Code   RO         4707    i.xTaskPriorityDisinherit  tasks.o
    0x0800cd44   0x000000b4   Code   RO         4708    i.xTaskRemoveFromEventList  tasks.o
    0x0800cdf8   0x00000120   Code   RO         4710    i.xTaskResumeAll    tasks.o
    0x0800cf18   0x00000074   Code   RO         5045    i.xTimerCreateTimerTask  timers.o
    0x0800cf8c   0x000000a4   Code   RO         5046    i.xTimerGenericCommand  timers.o
    0x0800d030   0x00000018   Data   RO         5435    .constdata          system_stm32f7xx.o
    0x0800d048   0x00000394   Data   RO         5745    .constdata          uecc.o
    0x0800d3dc   0x00000040   Data   RO         6105    .constdata          sha2.o
    0x0800d41c   0x00000020   Data   RO         6505    Region$$Table       anon$$obj.o


    Execution Region RW_IRAM1 (Base: 0x20020000, Size: 0x0000fd60, Max: 0x00060000, ABSOLUTE, COMPRESSED[0x0000094c])

    Base Addr    Size         Type   Attr      Idx    E Section Name        Object

    0x20020000   0x00000ea8   Data   RW           19    .data               main.o
    0x20020ea8   0x00000006   Data   RW          381    .data               delay.o
    0x20020eae   0x00000002   PAD
    0x20020eb0   0x00000007   Data   RW          531    .data               usart.o
    0x20020eb7   0x00000001   PAD
    0x20020eb8   0x00000009   Data   RW          622    .data               stm32f7xx_hal.o
    0x20020ec1   0x00000003   Data   RW         3871    .data               led.o
    0x20020ec4   0x00000014   Data   RW         3974    .data               btim.o
    0x20020ed8   0x00000008   Data   RW         4153    .data               usart3.o
    0x20020ee0   0x0000003c   Data   RW         4713    .data               tasks.o
    0x20020f1c   0x00000014   Data   RW         5054    .data               timers.o
    0x20020f30   0x0000000c   Data   RW         5184    .data               port.o
    0x20020f3c   0x00000018   Data   RW         5271    .data               heap_4.o
    0x20020f54   0x00000016   Data   RW         5366    .data               mw1268_app.o
    0x20020f6a   0x00000002   PAD
    0x20020f6c   0x00000004   Data   RW         5436    .data               system_stm32f7xx.o
    0x20020f70   0x0000004a   Data   RW         5488    .data               tendermint2.o
    0x20020fba   0x00000002   PAD
    0x20020fbc   0x00000004   Data   RW         5746    .data               uecc.o
    0x20020fc0   0x00000780   Zero   RW           18    .bss                main.o
    0x20021740   0x00000150   Zero   RW          530    .bss                usart.o
    0x20021890   0x00000010   Zero   RW         3904    .bss                rng.o
    0x200218a0   0x0000017c   Zero   RW         3973    .bss                btim.o
    0x20021a1c   0x00000888   Zero   RW         4152    .bss                usart3.o
    0x200222a4   0x00000040   Zero   RW         4445    .bss                queue.o
    0x200222e4   0x000002e4   Zero   RW         4712    .bss                tasks.o
    0x200225c8   0x00000028   Zero   RW         5053    .bss                timers.o
    0x200225f0   0x0000b800   Zero   RW         5270    .bss                heap_4.o
    0x2002ddf0   0x00000366   Zero   RW         5365    .bss                mw1268_app.o
    0x2002e156   0x00000002   PAD
    0x2002e158   0x00000c08   Zero   RW         5487    .bss                tendermint2.o
    0x2002ed60   0x00001000   Zero   RW          581    STACK               startup_stm32f767xx.o


==============================================================================

Image component sizes


      Code (inc. data)   RO Data    RW Data    ZI Data      Debug   Object Name

       892        144          0         20        380       9830   btim.o
       224         18          0          6          0       2449   delay.o
         0          0          0          0          0      11720   event_groups.o
       752        176          0         24      47104       3879   heap_4.o
        88          8          0          3          0       1109   led.o
       148          0          0          0          0       3126   list.o
       976         88          0       3752       1920     935574   main.o
      3196        612          0         22        870       9785   mw1268_app.o
       180         26          0          0          0       1753   mw1268_uart.o
      1146        410          0         12          0      10645   port.o
      2168        238          0          0         64      15593   queue.o
       156         22          0          0         16       2765   rng.o
     14034        328         64          0          0       6257   sha2.o
        36          8        504          0       4096        816   startup_stm32f767xx.o
       162         30          0          9          0       8983   stm32f7xx_hal.o
       566         44          0          0          0      39117   stm32f7xx_hal_cortex.o
       212          0          0          0          0       1951   stm32f7xx_hal_dma.o
       552         52          0          0          0       2787   stm32f7xx_hal_gpio.o
         2          0          0          0          0        727   stm32f7xx_hal_msp.o
       144          8          0          0          0       1256   stm32f7xx_hal_pwr_ex.o
      1956         74          0          0          0       5548   stm32f7xx_hal_rcc.o
       210          0          0          0          0       2624   stm32f7xx_hal_rng.o
       954         80          0          0          0       5915   stm32f7xx_hal_tim.o
         6          0          0          0          0       2164   stm32f7xx_hal_tim_ex.o
      3526         86          0          0          0      16493   stm32f7xx_hal_uart.o
        20          0          0          0          0       2629   stm32f7xx_it.o
        16          0          0          0          0        827   sys.o
        20          6         24          4          0       1343   system_stm32f7xx.o
      3410        878          0         60        740      29095   tasks.o
      3444        506          0         74       3080      15166   tendermint2.o
      1310        312          0         20         40       8655   timers.o
      7386         76        916          4          0      51682   uecc.o
       244         36          0          7        336       3634   usart.o
       668         74          0          8       2184       5038   usart3.o

    ----------------------------------------------------------------------
     48836       4340       1540       4032      60832    1220935   Object Totals
         0          0         32          0          0          0   (incl. Generated)
        32          0          0          7          2          0   (incl. Padding)

    ----------------------------------------------------------------------

      Code (inc. data)   RO Data    RW Data    ZI Data      Debug   Library Member Name

        94          0          0          0          0          0   __dclz77c.o
         0          0          0          0          0          0   entry.o
         0          0          0          0          0          0   entry10a.o
         0          0          0          0          0          0   entry11a.o
         8          4          0          0          0          0   entry2.o
         4          0          0          0          0          0   entry5.o
         0          0          0          0          0          0   entry7b.o
         0          0          0          0          0          0   entry8b.o
         8          4          0          0          0          0   entry9a.o
        30          0          0          0          0          0   handlers.o
        36          8          0          0          0         68   init.o
         0          0          0          0          0          0   iusefp.o
        30          0          0          0          0         68   llshl.o
        36          0          0          0          0         68   llsshr.o
        32          0          0          0          0         68   llushr.o
        36          0          0          0          0         68   memcpya.o
        36          0          0          0          0        108   memseta.o
      2344        102          0          0          0        684   printfa.o
        14          0          0          0          0         68   strlen.o
        36          0          0          0          0         80   strstr.o
        44          0          0          0          0         80   uidiv.o
        98          0          0          0          0         92   uldiv.o
        48          0          0          0          0         68   cdrcmple.o
       334          0          0          0          0        148   dadd.o
       222          0          0          0          0        100   ddiv.o
       186          0          0          0          0        176   depilogue.o
        48          0          0          0          0         68   dfixul.o
       228          0          0          0          0         96   dmul.o

    ----------------------------------------------------------------------
      3956        118          0          0          0       2108   Library Totals
         4          0          0          0          0          0   (incl. Padding)

    ----------------------------------------------------------------------

      Code (inc. data)   RO Data    RW Data    ZI Data      Debug   Library Name

      2886        118          0          0          0       1452   mc_w.l
      1066          0          0          0          0        656   mf_w.l

    ----------------------------------------------------------------------
      3956        118          0          0          0       2108   Library Totals

    ----------------------------------------------------------------------

==============================================================================


      Code (inc. data)   RO Data    RW Data    ZI Data      Debug   

     52792       4458       1540       4032      60832    1196435   Grand Totals
     52792       4458       1540       2380      60832    1196435   ELF Image Totals (compressed)
     52792       4458       1540       2380          0          0   ROM Totals

==============================================================================

    Total RO  Size (Code + RO Data)                54332 (  53.06kB)
    Total RW  Size (RW Data + ZI Data)             64864 (  63.34kB)
    Total ROM Size (Code + RO Data + RW Data)      56712 (  55.38kB)

==============================================================================

