<html>
<body>
<pre>
<h1>礦ision Build Log</h1>
<h2>Tool Versions:</h2>
IDE-Version: μVision V5.21.1.0
Copyright (C) 2016 ARM Ltd and ARM Germany GmbH. All rights reserved.
License Information: Liu Shuo, SDU, LIC=JL263-AYELA-UGV7Q-NKX7S-NN00S-8ZAYN
 
Tool Versions:
Toolchain:       MDK-ARM Plus  Version: 5.21a
Toolchain Path:  E:\keil\ARM\ARMCC\Bin
C Compiler:      Armcc.exe V5.06 update 3 (build 300)
Assembler:       Armasm.exe V5.06 update 3 (build 300)
Linker/Locator:  ArmLink.exe V5.06 update 3 (build 300)
Library Manager: ArmAr.exe V5.06 update 3 (build 300)
Hex Converter:   FromElf.exe V5.06 update 3 (build 300)
CPU DLL:         SARMCM3.DLL V5.21a
Dialog DLL:      DCM.DLL V1.13.8.0
Target DLL:      STLink\ST-LINKIII-KEIL_SWO.dll V2.0.18.0
Dialog DLL:      TCM.DLL V1.14.14.0
 
<h2>Project:</h2>
G:\桌面\FreeRTOS-CSMA-PBFT-NACK\USER\FreeRTOS-CSMA-PBFT-NACK.uvprojx
Project File Date:  08/09/2023

<h2>Output:</h2>
*** Using Compiler 'V5.06 update 3 (build 300)', folder: 'E:\keil\ARM\ARMCC\Bin'
Build target 'Target 1'
compiling pbft_main.c...
..\APPLICATION\pbft.h(74): warning:  #1295-D: Deprecated declaration pbft - give arg types
  void pbft();
..\APPLICATION\pbft.h(79): warning:  #1-D: last line of file ends without a newline
  #endif
..\APPLICATION\pbft_main.c(69): warning:  #1295-D: Deprecated declaration Start_TIMER - give arg types
  void Start_TIMER();
..\APPLICATION\pbft_main.c(73): warning:  #1295-D: Deprecated declaration Propose - give arg types
  void Propose();
..\APPLICATION\pbft_main.c(74): warning:  #1295-D: Deprecated declaration NACK_PREPARE - give arg types
  void NACK_PREPARE();
..\APPLICATION\pbft_main.c(75): warning:  #1295-D: Deprecated declaration NACK_COMMIT - give arg types
  void NACK_COMMIT();
..\APPLICATION\pbft_main.c(76): warning:  #1295-D: Deprecated declaration NACK_PREPREPARE - give arg types
  void NACK_PREPREPARE();
..\APPLICATION\pbft_main.c(77): warning:  #1295-D: Deprecated declaration PREPREPARE_TIMER - give arg types
  void PREPREPARE_TIMER();
..\APPLICATION\pbft_main.c(78): warning:  #1295-D: Deprecated declaration NACK_phase - give arg types
  void NACK_phase();
..\APPLICATION\pbft_main.c(79): warning:  #1295-D: Deprecated declaration test_finish - give arg types
  void test_finish();
..\APPLICATION\pbft_main.c(82): warning:  #223-D: function "RNG_Get_RandomRange" declared implicitly
  	u32 random = RNG_Get_RandomRange(1,N);
..\APPLICATION\pbft_main.c(98): warning:  #223-D: function "LoRa_Init" declared implicitly
  	while(LoRa_Init())//??始化LORA模??
..\APPLICATION\pbft_main.c(108): warning:  #223-D: function "LoRa_Set" declared implicitly
  	LoRa_Set();
..\APPLICATION\pbft_main.c(137): warning:  #223-D: function "RNG_Get_RandomRange" declared implicitly
  	if(RNG_Get_RandomRange(2,101) <= DONE_THRES){
..\APPLICATION\pbft_main.c(138): warning:  #223-D: function "usart3_rx" declared implicitly
  		usart3_rx(0);
..\APPLICATION\pbft_main.c(140): warning:  #223-D: function "usart3_rx" declared implicitly
  		usart3_rx(1);
..\APPLICATION\pbft_main.c(146): warning:  #223-D: function "btim_tim2_enable" declared implicitly
  	btim_tim2_enable(ENABLE);
..\APPLICATION\pbft_main.c(154): warning:  #223-D: function "GPIO_Pin_Set" declared implicitly
  	
ED0(1);LED1(1);LED2(1);
..\APPLICATION\pbft_main.c(156): warning:  #223-D: function "init_public_key" declared implicitly
  	init_public_key();
..\APPLICATION\pbft_main.c(275): warning:  #223-D: function "LoRa_SendData" declared implicitly
  					LoRa_SendData(Send_Data_buff);// id 0 "Hello LoRa"
..\APPLICATION\pbft_main.c(296): warning:  #223-D: function "RNG_Get_RandomNum" declared implicitly
  		seed = RNG_Get_RandomNum();
..\APPLICATION\pbft_main.c(370): warning:  #223-D: function "LoRa_SendData" declared implicitly
  		LoRa_SendData(Send_Data_buff);// id 0 "Hello LoRa"
..\APPLICATION\pbft_main.c(401): warning:  #223-D: function "LoRa_SendData" declared implicitly
  	LoRa_SendData(Send_Data_buff);// id 0 "Hello LoRa"1
..\APPLICATION\pbft_main.c(428): warning:  #223-D: function "LoRa_SendData" declared implicitly
  	LoRa_SendData(Send_Data_buff);// id 0 "Hello LoRa"1
..\APPLICATION\pbft_main.c(457): warning:  #223-D: function "LoRa_Set" declared implicitly
  	LoRa_Set();
..\APPLICATION\pbft_main.c(463): warning:  #223-D: function "LoRa_SendData" declared implicitly
  	LoRa_SendData(Send_Data_buff);
..\APPLICATION\pbft_main.c(493): warning:  #223-D: function "LoRa_SendData" declared implicitly
  	LoRa_SendData(Send_Data_buff);
..\APPLICATION\pbft_main.c(519): warning:  #223-D: function "LoRa_SendData" declared implicitly
  	LoRa_SendData(Send_Data_buff);
..\APPLICATION\pbft_main.c(544): warning:  #223-D: function "LoRa_SendData" declared implicitly
  	LoRa_SendData(Send_Data_buff);
..\APPLICATION\pbft_main.c: 29 warnings, 0 errors
linking...
Program Size: Code=51272 RO-data=1540 RW-data=4008 ZI-data=58896  
".\Objects\FreeRTOS-CSMA-PBFT-NACK.axf" - 0 Error(s), 29 Warning(s).

<h2>Collection of Component include folders:</h2>
  G:\桌面\FreeRTOS-CSMA-PBFT-NACK\USER\RTE
  E:\keil\ARM\PACK\Keil\STM32F7xx_DFP\2.7.0\Drivers\CMSIS\Device\ST\STM32F7xx\Include

<h2>Collection of Component Files used:</h2>
Build Time Elapsed:  00:00:10
</pre>
</body>
</html>
