Component: ARM Compiler 5.06 update 3 (build 300) Tool: armlink [4d35c9]

==============================================================================

Section Cross References

    main.o(i.CPU_CACHE_Enable) refers to main.o(i.SCB_EnableDCache) for SCB_EnableDCache
    main.o(i.CSMACA_PBFT) refers to btim.o(i.btim_tim5_int_init) for btim_tim5_int_init
    main.o(i.CSMACA_PBFT) refers to btim.o(i.btim_tim2_int_init) for btim_tim2_int_init
    main.o(i.CSMACA_PBFT) refers to btim.o(i.btim_tim9_int_init) for btim_tim9_int_init
    main.o(i.CSMACA_PBFT) refers to pbft_main.o(i.pbft) for pbft
    main.o(i.MPU_Config) refers to stm32f7xx_hal_cortex.o(i.HAL_MPU_Disable) for HAL_MPU_Disable
    main.o(i.MPU_Config) refers to stm32f7xx_hal_cortex.o(i.HAL_MPU_ConfigRegion) for HAL_MPU_ConfigRegion
    main.o(i.MPU_Config) refers to stm32f7xx_hal_cortex.o(i.HAL_MPU_Enable) for HAL_MPU_Enable
    main.o(i.SystemClock_Config) refers to stm32f7xx_hal_rcc.o(i.HAL_RCC_OscConfig) for HAL_RCC_OscConfig
    main.o(i.SystemClock_Config) refers to stm32f7xx_hal_pwr_ex.o(i.HAL_PWREx_EnableOverDrive) for HAL_PWREx_EnableOverDrive
    main.o(i.SystemClock_Config) refers to stm32f7xx_hal_rcc.o(i.HAL_RCC_ClockConfig) for HAL_RCC_ClockConfig
    main.o(i.init_public_key) refers to delay.o(i.delay_ms) for delay_ms
    main.o(i.init_public_key) refers to rng.o(i.RNG_Init) for RNG_Init
    main.o(i.init_public_key) refers to main.o(i.Sixteen2Ten) for Sixteen2Ten
    main.o(i.init_public_key) refers to uecc.o(i.uECC_secp192r1) for uECC_secp192r1
    main.o(i.init_public_key) refers to uecc.o(i.uECC_set_rng) for uECC_set_rng
    main.o(i.init_public_key) refers to main.o(.data) for public_key_string
    main.o(i.init_public_key) refers to main.o(.bss) for public_key
    main.o(i.init_public_key) refers to pbft_main.o(.bss) for curves
    main.o(i.init_public_key) refers to main.o(i.my_RNG) for my_RNG
    main.o(i.main) refers to main.o(i.MPU_Config) for MPU_Config
    main.o(i.main) refers to main.o(i.CPU_CACHE_Enable) for CPU_CACHE_Enable
    main.o(i.main) refers to stm32f7xx_hal.o(i.HAL_Init) for HAL_Init
    main.o(i.main) refers to main.o(i.SystemClock_Config) for SystemClock_Config
    main.o(i.main) refers to delay.o(i.delay_init) for delay_init
    main.o(i.main) refers to led.o(i.LED_Init) for LED_Init
    main.o(i.main) refers to tasks.o(i.xTaskCreate) for xTaskCreate
    main.o(i.main) refers to tasks.o(i.vTaskStartScheduler) for vTaskStartScheduler
    main.o(i.main) refers to main.o(.data) for StartTask_Handler
    main.o(i.main) refers to main.o(i.start_task) for start_task
    main.o(i.my_RNG) refers to rng.o(i.RNG_Get_RandomNum) for RNG_Get_RandomNum
    main.o(i.run_ahead) refers to sys.o(i.GPIO_Pin_Set) for GPIO_Pin_Set
    main.o(i.run_back) refers to sys.o(i.GPIO_Pin_Set) for GPIO_Pin_Set
    main.o(i.setup) refers to sys.o(i.GPIO_Set) for GPIO_Set
    main.o(i.spin) refers to sys.o(i.GPIO_Pin_Set) for GPIO_Pin_Set
    main.o(i.start_task) refers to port.o(i.vPortEnterCritical) for vPortEnterCritical
    main.o(i.start_task) refers to tasks.o(i.xTaskCreate) for xTaskCreate
    main.o(i.start_task) refers to tasks.o(i.vTaskDelete) for vTaskDelete
    main.o(i.start_task) refers to port.o(i.vPortExitCritical) for vPortExitCritical
    main.o(i.start_task) refers to main.o(.data) for CSMACA_PBFT_Task_Handler
    main.o(i.start_task) refers to main.o(i.CSMACA_PBFT) for CSMACA_PBFT
    main.o(i.stop) refers to sys.o(i.GPIO_Pin_Set) for GPIO_Pin_Set
    delay.o(i.SysTick_Handler) refers to tasks.o(i.xTaskGetSchedulerState) for xTaskGetSchedulerState
    delay.o(i.SysTick_Handler) refers to port.o(i.xPortSysTickHandler) for xPortSysTickHandler
    delay.o(i.SysTick_Handler) refers to stm32f7xx_hal.o(i.HAL_IncTick) for HAL_IncTick
    delay.o(i.delay_init) refers to stm32f7xx_hal_cortex.o(i.HAL_SYSTICK_CLKSourceConfig) for HAL_SYSTICK_CLKSourceConfig
    delay.o(i.delay_init) refers to delay.o(.data) for fac_us
    delay.o(i.delay_ms) refers to tasks.o(i.xTaskGetSchedulerState) for xTaskGetSchedulerState
    delay.o(i.delay_ms) refers to tasks.o(i.vTaskDelay) for vTaskDelay
    delay.o(i.delay_ms) refers to delay.o(i.delay_us) for delay_us
    delay.o(i.delay_ms) refers to delay.o(.data) for fac_ms
    delay.o(i.delay_us) refers to delay.o(.data) for fac_us
    delay.o(i.delay_xms) refers to delay.o(i.delay_us) for delay_us
    sys.o(i.Cache_Enable) refers to sys.o(i.SCB_EnableDCache) for SCB_EnableDCache
    sys.o(i.MY_NVIC_Init) refers to sys.o(i.MY_NVIC_PriorityGroupConfig) for MY_NVIC_PriorityGroupConfig
    sys.o(i.Stm32_Clock_Init) refers to stm32f7xx_hal_rcc.o(i.HAL_RCC_OscConfig) for HAL_RCC_OscConfig
    sys.o(i.Stm32_Clock_Init) refers to stm32f7xx_hal_pwr_ex.o(i.HAL_PWREx_EnableOverDrive) for HAL_PWREx_EnableOverDrive
    sys.o(i.Stm32_Clock_Init) refers to stm32f7xx_hal_rcc.o(i.HAL_RCC_ClockConfig) for HAL_RCC_ClockConfig
    usart.o(i.HAL_UART_RxCpltCallback) refers to usart.o(.data) for USART_RX_STA
[...]
    _printf_f                                0x00000000   Number         0  stubs.o ABSOLUTE
    _printf_flags                            0x00000000   Number         0  stubs.o ABSOLUTE
    _printf_fp_dec                           0x00000000   Number         0  stubs.o ABSOLUTE
    _printf_fp_hex                           0x00000000   Number         0  stubs.o ABSOLUTE
    _printf_g                                0x00000000   Number         0  stubs.o ABSOLUTE
    _printf_i                                0x00000000   Number         0  stubs.o ABSOLUTE
    _printf_int_dec                          0x00000000   Number         0  stubs.o ABSOLUTE
    _printf_l                                0x00000000   Number         0  stubs.o ABSOLUTE
    _printf_lc                               0x00000000   Number         0  stubs.o ABSOLUTE
    _printf_ll                               0x00000000   Number         0  stubs.o ABSOLUTE
    _printf_lld                              0x00000000   Number         0  stubs.o ABSOLUTE
    _printf_lli                              0x00000000   Number         0  stubs.o ABSOLUTE
    _printf_llo                              0x00000000   Number         0  stubs.o ABSOLUTE
    _printf_llu                              0x00000000   Number         0  stubs.o ABSOLUTE
    _printf_llx                              0x00000000   Number         0  stubs.o ABSOLUTE
    _printf_longlong_dec                     0x00000000   Number         0  stubs.o ABSOLUTE
    _printf_longlong_hex                     0x00000000   Number         0  stubs.o ABSOLUTE
    _printf_longlong_oct                     0x00000000   Number         0  stubs.o ABSOLUTE
    _printf_ls                               0x00000000   Number         0  stubs.o ABSOLUTE
    _printf_mbtowc                           0x00000000   Number         0  stubs.o ABSOLUTE
    _printf_n                                0x00000000   Number         0  stubs.o ABSOLUTE
    _printf_o                                0x00000000   Number         0  stubs.o ABSOLUTE
    _printf_p                                0x00000000   Number         0  stubs.o ABSOLUTE
    _printf_percent                          0x00000000   Number         0  stubs.o ABSOLUTE
    _printf_pre_padding                      0x00000000   Number         0  stubs.o ABSOLUTE
    _printf_return_value                     0x00000000   Number         0  stubs.o ABSOLUTE
    _printf_s                                0x00000000   Number         0  stubs.o ABSOLUTE
    _printf_sizespec                         0x00000000   Number         0  stubs.o ABSOLUTE
    _printf_str                              0x00000000   Number         0  stubs.o ABSOLUTE
    _printf_truncate_signed                  0x00000000   Number         0  stubs.o ABSOLUTE
    _printf_truncate_unsigned                0x00000000   Number         0  stubs.o ABSOLUTE
    _printf_u                                0x00000000   Number         0  stubs.o ABSOLUTE
    _printf_wc                               0x00000000   Number         0  stubs.o ABSOLUTE
    _printf_wctomb                           0x00000000   Number         0  stubs.o ABSOLUTE
    _printf_widthprec                        0x00000000   Number         0  stubs.o ABSOLUTE
    _printf_x                                0x00000000   Number         0  stubs.o ABSOLUTE
    __cpp_initialize__aeabi_                  - Undefined Weak Reference
    __cxa_finalize                            - Undefined Weak Reference
    _clock_init                               - Undefined Weak Reference
    _microlib_exit                            - Undefined Weak Reference
    __Vectors_Size                           0x000001f8   Number         0  startup_stm32f767xx.o ABSOLUTE
    __Vectors                                0x08000000   Data           4  startup_stm32f767xx.o(RESET)
    __Vectors_End                            0x080001f8   Data           0  startup_stm32f767xx.o(RESET)
    __main                                   0x080001f9   Thumb Code     0  entry.o(.ARM.Collect$$$$00000000)
    _main_stk                                0x080001f9   Thumb Code     0  entry2.o(.ARM.Collect$$$$00000001)
    _main_scatterload                        0x080001fd   Thumb Code     0  entry5.o(.ARM.Collect$$$$00000004)
    __main_after_scatterload                 0x08000201   Thumb Code     0  entry5.o(.ARM.Collect$$$$00000004)
    _main_clock                              0x08000201   Thumb Code     0  entry7b.o(.ARM.Collect$$$$00000008)
    _main_cpp_init                           0x08000201   Thumb Code     0  entry8b.o(.ARM.Collect$$$$0000000A)
    _main_init                               0x08000201   Thumb Code     0  entry9a.o(.ARM.Collect$$$$0000000B)
    __rt_final_cpp                           0x08000209   Thumb Code     0  entry10a.o(.ARM.Collect$$$$0000000D)
    __rt_final_exit                          0x08000209   Thumb Code     0  entry11a.o(.ARM.Collect$$$$0000000F)
    SVC_Handler                              0x0800020d   Thumb Code    28  port.o(.emb_text)
    __asm___6_port_c_39a90d8d__prvStartFirstTask 0x0800022d   Thumb Code    28  port.o(.emb_text)
    __asm___6_port_c_39a90d8d__prvEnableVFP  0x0800024d   Thumb Code    16  port.o(.emb_text)
    PendSV_Handler                           0x08000261   Thumb Code    92  port.o(.emb_text)
    vPortGetIPSR                             0x080002c1   Thumb Code     6  port.o(.emb_text)
    Reset_Handler                            0x080002c9   Thumb Code     8  startup_stm32f767xx.o(.text)
    ADC_IRQHandler                           0x080002e3   Thumb Code     0  startup_stm32f767xx.o(.text)
    CAN1_RX0_IRQHandler                      0x080002e3   Thumb Code     0  startup_stm32f767xx.o(.text)
    CAN1_RX1_IRQHandler                      0x080002e3   Thumb Code     0  startup_stm32f767xx.o(.text)
    CAN1_SCE_IRQHandler                      0x080002e3   Thumb Code     0  startup_stm32f767xx.o(.text)
    CAN1_TX_IRQHandler                       0x080002e3   Thumb Code     0  startup_stm32f767xx.o(.text)
    CAN2_RX0_IRQHandler                      0x080002e3   Thumb Code     0  startup_stm32f767xx.o(.text)
    CAN2_RX1_IRQHandler                      0x080002e3   Thumb Code     0  startup_stm32f767xx.o(.text)
    CAN2_SCE_IRQHandler                      0x080002e3   Thumb Code     0  startup_stm32f767xx.o(.text)
    CAN2_TX_IRQHandler                       0x080002e3   Thumb Code     0  startup_stm32f767xx.o(.text)
    CAN3_RX0_IRQHandler                      0x080002e3   Thumb Code     0  startup_stm32f767xx.o(.text)
    CAN3_RX1_IRQHandler                      0x080002e3   Thumb Code     0  startup_stm32f767xx.o(.text)
    CAN3_SCE_IRQHandler                      0x080002e3   Thumb Code     0  startup_stm32f767xx.o(.text)
    CAN3_TX_IRQHandler                       0x080002e3   Thumb Code     0  startup_stm32f767xx.o(.text)
    CEC_IRQHandler                           0x080002e3   Thumb Code     0  startup_stm32f767xx.o(.text)
    DCMI_IRQHandler                          0x080002e3   Thumb Code     0  startup_stm32f767xx.o(.text)
    DFSDM1_FLT0_IRQHandler                   0x080002e3   Thumb Code     0  startup_stm32f767xx.o(.text)
    DFSDM1_FLT1_IRQHandler                   0x080002e3   Thumb Code     0  startup_stm32f767xx.o(.text)
    DFSDM1_FLT2_IRQHandler                   0x080002e3   Thumb Code     0  startup_stm32f767xx.o(.text)
    DFSDM1_FLT3_IRQHandler                   0x080002e3   Thumb Code     0  startup_stm32f767xx.o(.text)
    DMA1_Stream0_IRQHandler                  0x080002e3   Thumb Code     0  startup_stm32f767xx.o(.text)
    DMA1_Stream1_IRQHandler                  0x080002e3   Thumb Code     0  startup_stm32f767xx.o(.text)
    DMA1_Stream2_IRQHandler                  0x080002e3   Thumb Code     0  startup_stm32f767xx.o(.text)
    DMA1_Stream3_IRQHandler                  0x080002e3   Thumb Code     0  startup_stm32f767xx.o(.text)
    DMA1_Stream4_IRQHandler                  0x080002e3   Thumb Code     0  startup_stm32f767xx.o(.text)
    DMA1_Stream5_IRQHandler                  0x080002e3   Thumb Code     0  startup_stm32f767xx.o(.text)
    DMA1_Stream6_IRQHandler                  0x080002e3   Thumb Code     0  startup_stm32f767xx.o(.text)
    DMA1_Stream7_IRQHandler                  0x080002e3   Thumb Code     0  startup_stm32f767xx.o(.text)
    DMA2D_IRQHandler                         0x080002e3   Thumb Code     0  startup_stm32f767xx.o(.text)
    DMA2_Stream0_IRQHandler                  0x080002e3   Thumb Code     0  startup_stm32f767xx.o(.text)
    DMA2_Stream1_IRQHandler                  0x080002e3   Thumb Code     0  startup_stm32f767xx.o(.text)
    DMA2_Stream2_IRQHandler                  0x080002e3   Thumb Code     0  startup_stm32f767xx.o(.text)
    DMA2_Stream3_IRQHandler                  0x080002e3   Thumb Code     0  startup_stm32f767xx.o(.text)
    DMA2_Stream4_IRQHandler                  0x080002e3   Thumb Code     0  startup_stm32f767xx.o(.text)
    DMA2_Stream5_IRQHandler                  0x080002e3   Thumb Code     0  startup_stm32f767xx.o(.text)
    DMA2_Stream6_IRQHandler                  0x080002e3   Thumb Code     0  startup_stm32f767xx.o(.text)
    DMA2_Stream7_IRQHandler                  0x080002e3   Thumb Code     0  startup_stm32f767xx.o(.text)
    ETH_IRQHandler                           0x080002e3   Thumb Code     0  startup_stm32f767xx.o(.text)
    ETH_WKUP_IRQHandler                      0x080002e3   Thumb Code     0  startup_stm32f767xx.o(.text)
    EXTI0_IRQHandler                         0x080002e3   Thumb Code     0  startup_stm32f767xx.o(.text)
    EXTI1_IRQHandler                         0x080002e3   Thumb Code     0  startup_stm32f767xx.o(.text)
    EXTI2_IRQHandler                         0x080002e3   Thumb Code     0  startup_stm32f767xx.o(.text)
    EXTI3_IRQHandler                         0x080002e3   Thumb Code     0  startup_stm32f767xx.o(.text)
    EXTI4_IRQHandler                         0x080002e3   Thumb Code     0  startup_stm32f767xx.o(.text)
    EXTI9_5_IRQHandler                       0x080002e3   Thumb Code     0  startup_stm32f767xx.o(.text)
    FLASH_IRQHandler                         0x080002e3   Thumb Code     0  startup_stm32f767xx.o(.text)
    FMC_IRQHandler                           0x080002e3   Thumb Code     0  startup_stm32f767xx.o(.text)
    FPU_IRQHandler                           0x080002e3   Thumb Code     0  startup_stm32f767xx.o(.text)
    I2C1_ER_IRQHandler                       0x080002e3   Thumb Code     0  startup_stm32f767xx.o(.text)
    I2C1_EV_IRQHandler                       0x080002e3   Thumb Code     0  startup_stm32f767xx.o(.text)
    I2C2_ER_IRQHandler                       0x080002e3   Thumb Code     0  startup_stm32f767xx.o(.text)
    I2C2_EV_IRQHandler                       0x080002e3   Thumb Code     0  startup_stm32f767xx.o(.text)
    I2C3_ER_IRQHandler                       0x080002e3   Thumb Code     0  startup_stm32f767xx.o(.text)
    I2C3_EV_IRQHandler                       0x080002e3   Thumb Code     0  startup_stm32f767xx.o(.text)
    I2C4_ER_IRQHandler                       0x080002e3   Thumb Code     0  startup_stm32f767xx.o(.text)
    I2C4_EV_IRQHandler                       0x080002e3   Thumb Code     0  startup_stm32f767xx.o(.text)
    JPEG_IRQHandler                          0x080002e3   Thumb Code     0  startup_stm32f767xx.o(.text)
    LPTIM1_IRQHandler                        0x080002e3   Thumb Code     0  startup_stm32f767xx.o(.text)
    LTDC_ER_IRQHandler                       0x080002e3   Thumb Code     0  startup_stm32f767xx.o(.text)
    LTDC_IRQHandler                          0x080002e3   Thumb Code     0  startup_stm32f767xx.o(.text)
    MDIOS_IRQHandler                         0x080002e3   Thumb Code     0  startup_stm32f767xx.o(.text)
    OTG_FS_IRQHandler                        0x080002e3   Thumb Code     0  startup_stm32f767xx.o(.text)
    OTG_FS_WKUP_IRQHandler                   0x080002e3   Thumb Code     0  startup_stm32f767xx.o(.text)
    OTG_HS_EP1_IN_IRQHandler                 0x080002e3   Thumb Code     0  startup_stm32f767xx.o(.text)
    OTG_HS_EP1_OUT_IRQHandler                0x080002e3   Thumb Code     0  startup_stm32f767xx.o(.text)
    OTG_HS_IRQHandler                        0x080002e3   Thumb Code     0  startup_stm32f767xx.o(.text)
    OTG_HS_WKUP_IRQHandler                   0x080002e3   Thumb Code     0  startup_stm32f767xx.o(.text)
    PVD_IRQHandler                           0x080002e3   Thumb Code     0  startup_stm32f767xx.o(.text)
    QUADSPI_IRQHandler                       0x080002e3   Thumb Code     0  startup_stm32f767xx.o(.text)
    RCC_IRQHandler                           0x080002e3   Thumb Code     0  startup_stm32f767xx.o(.text)
    RNG_IRQHandler                           0x080002e3   Thumb Code     0  startup_stm32f767xx.o(.text)
    RTC_Alarm_IRQHandler                     0x080002e3   Thumb Code     0  startup_stm32f767xx.o(.text)
    RTC_WKUP_IRQHandler                      0x080002e3   Thumb Code     0  startup_stm32f767xx.o(.text)
    SAI1_IRQHandler                          0x080002e3   Thumb Code     0  startup_stm32f767xx.o(.text)
    SAI2_IRQHandler                          0x080002e3   Thumb Code     0  startup_stm32f767xx.o(.text)
    SDMMC1_IRQHandler                        0x080002e3   Thumb Code     0  startup_stm32f767xx.o(.text)
    SDMMC2_IRQHandler                        0x080002e3   Thumb Code     0  startup_stm32f767xx.o(.text)
    SPDIF_RX_IRQHandler                      0x080002e3   Thumb Code     0  startup_stm32f767xx.o(.text)
    SPI1_IRQHandler                          0x080002e3   Thumb Code     0  startup_stm32f767xx.o(.text)
    SPI2_IRQHandler                          0x080002e3   Thumb Code     0  startup_stm32f767xx.o(.text)
    SPI3_IRQHandler                          0x080002e3   Thumb Code     0  startup_stm32f767xx.o(.text)
    SPI4_IRQHandler                          0x080002e3   Thumb Code     0  startup_stm32f767xx.o(.text)
    SPI5_IRQHandler                          0x080002e3   Thumb Code     0  startup_stm32f767xx.o(.text)
    SPI6_IRQHandler                          0x080002e3   Thumb Code     0  startup_stm32f767xx.o(.text)
    TAMP_STAMP_IRQHandler                    0x080002e3   Thumb Code     0  startup_stm32f767xx.o(.text)
    TIM1_CC_IRQHandler                       0x080002e3   Thumb Code     0  startup_stm32f767xx.o(.text)
    TIM1_TRG_COM_TIM11_IRQHandler            0x080002e3   Thumb Code     0  startup_stm32f767xx.o(.text)
    TIM3_IRQHandler                          0x080002e3   Thumb Code     0  startup_stm32f767xx.o(.text)
    TIM4_IRQHandler                          0x080002e3   Thumb Code     0  startup_stm32f767xx.o(.text)
    TIM6_DAC_IRQHandler                      0x080002e3   Thumb Code     0  startup_stm32f767xx.o(.text)
    TIM8_BRK_TIM12_IRQHandler                0x080002e3   Thumb Code     0  startup_stm32f767xx.o(.text)
    TIM8_CC_IRQHandler                       0x080002e3   Thumb Code     0  startup_stm32f767xx.o(.text)
    TIM8_TRG_COM_TIM14_IRQHandler            0x080002e3   Thumb Code     0  startup_stm32f767xx.o(.text)
    TIM8_UP_TIM13_IRQHandler                 0x080002e3   Thumb Code     0  startup_stm32f767xx.o(.text)
    UART4_IRQHandler                         0x080002e3   Thumb Code     0  startup_stm32f767xx.o(.text)
    UART5_IRQHandler                         0x080002e3   Thumb Code     0  startup_stm32f767xx.o(.text)
    UART7_IRQHandler                         0x080002e3   Thumb Code     0  startup_stm32f767xx.o(.text)
    UART8_IRQHandler                         0x080002e3   Thumb Code     0  startup_stm32f767xx.o(.text)
    USART2_IRQHandler                        0x080002e3   Thumb Code     0  startup_stm32f767xx.o(.text)
    USART6_IRQHandler                        0x080002e3   Thumb Code     0  startup_stm32f767xx.o(.text)
    WWDG_IRQHandler                          0x080002e3   Thumb Code     0  startup_stm32f767xx.o(.text)
    __aeabi_uldivmod                         0x080002ed   Thumb Code    98  uldiv.o(.text)
    __aeabi_memcpy                           0x0800034f   Thumb Code    36  memcpya.o(.text)
    __aeabi_memcpy4                          0x0800034f   Thumb Code     0  memcpya.o(.text)
    __aeabi_memcpy8                          0x0800034f   Thumb Code     0  memcpya.o(.text)
    __aeabi_memset                           0x08000373   Thumb Code    14  memseta.o(.text)
    __aeabi_memset4                          0x08000373   Thumb Code     0  memseta.o(.text)
    __aeabi_memset8                          0x08000373   Thumb Code     0  memseta.o(.text)
    __aeabi_memclr                           0x08000381   Thumb Code     4  memseta.o(.text)
    __aeabi_memclr4                          0x08000381   Thumb Code     0  memseta.o(.text)
    __aeabi_memclr8                          0x08000381   Thumb Code     0  memseta.o(.text)
    _memset$wrapper                          0x08000385   Thumb Code    18  memseta.o(.text)
    strstr                                   0x08000397   Thumb Code    36  strstr.o(.text)
    strlen                                   0x080003bb   Thumb Code    14  strlen.o(.text)
    __aeabi_uidiv                            0x080003c9   Thumb Code     0  uidiv.o(.text)
    __aeabi_uidivmod                         0x080003c9   Thumb Code    44  uidiv.o(.text)
    __aeabi_llsl                             0x080003f5   Thumb Code    30  llshl.o(.text)
    _ll_shift_l                              0x080003f5   Thumb Code     0  llshl.o(.text)
    __aeabi_llsr                             0x08000413   Thumb Code    32  llushr.o(.text)
    _ll_ushift_r                             0x08000413   Thumb Code     0  llushr.o(.text)
    __I$use$fp                               0x08000433   Thumb Code     0  iusefp.o(.text)
    __aeabi_dadd                             0x08000433   Thumb Code   322  dadd.o(.text)
    __aeabi_dsub                             0x08000575   Thumb Code     6  dadd.o(.text)
    __aeabi_drsub                            0x0800057b   Thumb Code     6  dadd.o(.text)
    __aeabi_dmul                             0x08000581   Thumb Code   228  dmul.o(.text)
    __aeabi_ddiv                             0x08000665   Thumb Code   222  ddiv.o(.text)
    __aeabi_d2ulz                            0x08000743   Thumb Code    48  dfixul.o(.text)
    __aeabi_cdrcmple                         0x08000775   Thumb Code    48  cdrcmple.o(.text)
    __scatterload                            0x080007a5   Thumb Code    28  init.o(.text)
    __scatterload_rt2                        0x080007a5   Thumb Code     0  init.o(.text)
    __aeabi_lasr                             0x080007c9   Thumb Code    36  llsshr.o(.text)
    _ll_sshift_r                             0x080007c9   Thumb Code     0  llsshr.o(.text)
    _double_round                            0x080007ed   Thumb Code    30  depilogue.o(.text)
    _double_epilogue                         0x0800080b   Thumb Code   156  depilogue.o(.text)
    __decompress                             0x080008a7   Thumb Code     0  __dclz77c.o(.text)
    __decompress2                            0x080008a7   Thumb Code    94  __dclz77c.o(.text)
    AfterRound                               0x08000905   Thumb Code    12  pbft_main.o(i.AfterRound)
    Aux_Int                                  0x08000915   Thumb Code    58  mw1268_app.o(i.Aux_Int)
    BeforeRound                              0x0800095d   Thumb Code    72  pbft_main.o(i.BeforeRound)
    BusFault_Handler                         0x080009bd   Thumb Code     4  stm32f7xx_it.o(i.BusFault_Handler)
    CSMACA_PBFT                              0x08000a39   Thumb Code    44  main.o(i.CSMACA_PBFT)
    Change_channel                           0x08000a65   Thumb Code    14  pbft_main.o(i.Change_channel)
    DebugMon_Handler                         0x08000a79   Thumb Code     2  stm32f7xx_it.o(i.DebugMon_Handler)
    EXTI15_10_IRQHandler                     0x08000a7d   Thumb Code  3056  mw1268_app.o(i.EXTI15_10_IRQHandler)
    GPIO_Pin_Set                             0x080016e9   Thumb Code    16  sys.o(i.GPIO_Pin_Set)
    Global_ACK_phase                         0x080016f9   Thumb Code    46  pbft_main.o(i.Global_ACK_phase)
    Global_Go_ACK                            0x08001731   Thumb Code   460  pbft_main.o(i.Global_Go_ACK)
    Global_NACK_COMMIT                       0x08001919   Thumb Code   166  pbft_main.o(i.Global_NACK_COMMIT)
    Global_NACK_PREPARE                      0x080019d9   Thumb Code   166  pbft_main.o(i.Global_NACK_PREPARE)
    Global_NACK_PREPREPARE                   0x08001a99   Thumb Code   112  pbft_main.o(i.Global_NACK_PREPREPARE)
    Global_NACK_phase                        0x08001b15   Thumb Code   260  pbft_main.o(i.Global_NACK_phase)
    Global_New_Proposal                      0x08001c49   Thumb Code   198  pbft_main.o(i.Global_New_Proposal)
    Global_Propose                           0x08001d1d   Thumb Code   158  pbft_main.o(i.Global_Propose)
    Global_Send_ACK                          0x08001dd1   Thumb Code   200  pbft_main.o(i.Global_Send_ACK)
    Global_Send_COMMIT                       0x08001eb9   Thumb Code   140  pbft_main.o(i.Global_Send_COMMIT)
    Global_Send_PREPARE                      0x08001f55   Thumb Code   140  pbft_main.o(i.Global_Send_PREPARE)
    Global_Send_Ready                        0x08001ff1   Thumb Code   152  pbft_main.o(i.Global_Send_Ready)
    Global_Start                             0x0800209d   Thumb Code   152  pbft_main.o(i.Global_Start)
    Global_TIMER                             0x08002149   Thumb Code    62  pbft_main.o(i.Global_TIMER)
    HAL_DMA_Abort                            0x08002195   Thumb Code   172  stm32f7xx_hal_dma.o(i.HAL_DMA_Abort)
    HAL_DMA_Abort_IT                         0x08002241   Thumb Code    40  stm32f7xx_hal_dma.o(i.HAL_DMA_Abort_IT)
    HAL_GPIO_Init                            0x08002269   Thumb Code   472  stm32f7xx_hal_gpio.o(i.HAL_GPIO_Init)
    HAL_GPIO_ReadPin                         0x08002475   Thumb Code    16  stm32f7xx_hal_gpio.o(i.HAL_GPIO_ReadPin)
    HAL_GPIO_WritePin                        0x08002485   Thumb Code    12  stm32f7xx_hal_gpio.o(i.HAL_GPIO_WritePin)
    HAL_GetTick                              0x08002491   Thumb Code     6  stm32f7xx_hal.o(i.HAL_GetTick)
    HAL_IncTick                              0x0800249d   Thumb Code    16  stm32f7xx_hal.o(i.HAL_IncTick)
    HAL_Init                                 0x080024b5   Thumb Code    44  stm32f7xx_hal.o(i.HAL_Init)
    HAL_InitTick                             0x080024e5   Thumb Code    64  stm32f7xx_hal.o(i.HAL_InitTick)
    HAL_MPU_ConfigRegion                     0x08002531   Thumb Code    88  stm32f7xx_hal_cortex.o(i.HAL_MPU_ConfigRegion)
    HAL_MPU_Disable                          0x0800258d   Thumb Code    38  stm32f7xx_hal_cortex.o(i.HAL_MPU_Disable)
    HAL_MPU_Enable                           0x080025b9   Thumb Code    58  stm32f7xx_hal_cortex.o(i.HAL_MPU_Enable)
    HAL_MspInit                              0x080025f9   Thumb Code     2  stm32f7xx_hal.o(i.HAL_MspInit)
    HAL_NVIC_DisableIRQ                      0x080025fd   Thumb Code    22  stm32f7xx_hal_cortex.o(i.HAL_NVIC_DisableIRQ)
    HAL_NVIC_EnableIRQ                       0x08002619   Thumb Code    26  stm32f7xx_hal_cortex.o(i.HAL_NVIC_EnableIRQ)
    HAL_NVIC_SetPriority                     0x08002633   Thumb Code   124  stm32f7xx_hal_cortex.o(i.HAL_NVIC_SetPriority)
    HAL_NVIC_SetPriorityGrouping             0x080026b1   Thumb Code    32  stm32f7xx_hal_cortex.o(i.HAL_NVIC_SetPriorityGrouping)
    HAL_PWREx_EnableOverDrive                0x080026d9   Thumb Code   136  stm32f7xx_hal_pwr_ex.o(i.HAL_PWREx_EnableOverDrive)
    HAL_RCC_ClockConfig                      0x08002769   Thumb Code   384  stm32f7xx_hal_rcc.o(i.HAL_RCC_ClockConfig)
    HAL_RCC_GetHCLKFreq                      0x080028fd   Thumb Code     6  stm32f7xx_hal_rcc.o(i.HAL_RCC_GetHCLKFreq)
    HAL_RCC_GetPCLK1Freq                     0x08002909   Thumb Code    22  stm32f7xx_hal_rcc.o(i.HAL_RCC_GetPCLK1Freq)
    HAL_RCC_GetPCLK2Freq                     0x08002929   Thumb Code    22  stm32f7xx_hal_rcc.o(i.HAL_RCC_GetPCLK2Freq)
    HAL_RCC_GetSysClockFreq                  0x08002949   Thumb Code   162  stm32f7xx_hal_rcc.o(i.HAL_RCC_GetSysClockFreq)
    HAL_RCC_OscConfig                        0x080029f9   Thumb Code  1296  stm32f7xx_hal_rcc.o(i.HAL_RCC_OscConfig)
    HAL_RNG_GenerateRandomNumber             0x08002f0d   Thumb Code   134  stm32f7xx_hal_rng.o(i.HAL_RNG_GenerateRandomNumber)
    HAL_RNG_GetRandomNumber                  0x08002f93   Thumb Code    24  stm32f7xx_hal_rng.o(i.HAL_RNG_GetRandomNumber)
    HAL_RNG_Init                             0x08002fab   Thumb Code    52  stm32f7xx_hal_rng.o(i.HAL_RNG_Init)
    HAL_RNG_MspInit                          0x08002fe1   Thumb Code    32  rng.o(i.HAL_RNG_MspInit)
    HAL_SYSTICK_CLKSourceConfig              0x08003005   Thumb Code    40  stm32f7xx_hal_cortex.o(i.HAL_SYSTICK_CLKSourceConfig)
    HAL_SYSTICK_Config                       0x0800302d   Thumb Code    52  stm32f7xx_hal_cortex.o(i.HAL_SYSTICK_Config)
    HAL_TIMEx_Break2Callback                 0x08003061   Thumb Code     2  stm32f7xx_hal_tim_ex.o(i.HAL_TIMEx_Break2Callback)
    HAL_TIMEx_BreakCallback                  0x08003063   Thumb Code     2  stm32f7xx_hal_tim_ex.o(i.HAL_TIMEx_BreakCallback)
    HAL_TIMEx_CommutCallback                 0x08003065   Thumb Code     2  stm32f7xx_hal_tim_ex.o(i.HAL_TIMEx_CommutCallback)
    HAL_TIM_Base_Init                        0x08003067   Thumb Code   110  stm32f7xx_hal_tim.o(i.HAL_TIM_Base_Init)
    HAL_TIM_Base_MspInit                     0x080030d5   Thumb Code   294  btim.o(i.HAL_TIM_Base_MspInit)
    HAL_TIM_Base_Start_IT                    0x08003211   Thumb Code   146  stm32f7xx_hal_tim.o(i.HAL_TIM_Base_Start_IT)
    HAL_TIM_IC_CaptureCallback               0x080032c5   Thumb Code     2  stm32f7xx_hal_tim.o(i.HAL_TIM_IC_CaptureCallback)
    HAL_TIM_IRQHandler                       0x080032c7   Thumb Code   440  stm32f7xx_hal_tim.o(i.HAL_TIM_IRQHandler)
    HAL_TIM_OC_DelayElapsedCallback          0x0800347f   Thumb Code     2  stm32f7xx_hal_tim.o(i.HAL_TIM_OC_DelayElapsedCallback)
    HAL_TIM_PWM_PulseFinishedCallback        0x08003481   Thumb Code     2  stm32f7xx_hal_tim.o(i.HAL_TIM_PWM_PulseFinishedCallback)
    HAL_TIM_PeriodElapsedCallback            0x08003485   Thumb Code   314  btim.o(i.HAL_TIM_PeriodElapsedCallback)
    HAL_TIM_TriggerCallback                  0x08003601   Thumb Code     2  stm32f7xx_hal_tim.o(i.HAL_TIM_TriggerCallback)
    HAL_UARTEx_RxEventCallback               0x08003603   Thumb Code     2  stm32f7xx_hal_uart.o(i.HAL_UARTEx_RxEventCallback)
    HAL_UARTEx_WakeupCallback                0x08003605   Thumb Code     2  stm32f7xx_hal_uart.o(i.HAL_UARTEx_WakeupCallback)
    HAL_UART_ErrorCallback                   0x08003607   Thumb Code     2  stm32f7xx_hal_uart.o(i.HAL_UART_ErrorCallback)
    HAL_UART_GetState                        0x08003609   Thumb Code    14  stm32f7xx_hal_uart.o(i.HAL_UART_GetState)
    HAL_UART_IRQHandler                      0x08003619   Thumb Code   838  stm32f7xx_hal_uart.o(i.HAL_UART_IRQHandler)
    HAL_UART_Init                            0x08003969   Thumb Code   116  stm32f7xx_hal_uart.o(i.HAL_UART_Init)
    HAL_UART_MspInit                         0x080039dd   Thumb Code     2  stm32f7xx_hal_msp.o(i.HAL_UART_MspInit)
    HAL_UART_Receive_IT                      0x080039df   Thumb Code    80  stm32f7xx_hal_uart.o(i.HAL_UART_Receive_IT)
    HAL_UART_RxCpltCallback                  0x08003a31   Thumb Code   120  usart.o(i.HAL_UART_RxCpltCallback)
    HAL_UART_Transmit                        0x08003ab9   Thumb Code   178  stm32f7xx_hal_uart.o(i.HAL_UART_Transmit)
    HAL_UART_TxCpltCallback                  0x08003b6b   Thumb Code     2  stm32f7xx_hal_uart.o(i.HAL_UART_TxCpltCallback)
    HardFault_Handler                        0x08003b6d   Thumb Code     4  stm32f7xx_it.o(i.HardFault_Handler)
    LED_Init                                 0x08003b71   Thumb Code    80  led.o(i.LED_Init)
    LoRa_Init                                0x08003bc9   Thumb Code   460  mw1268_app.o(i.LoRa_Init)
    LoRa_SendData                            0x08003e4d   Thumb Code    26  mw1268_app.o(i.LoRa_SendData)
    LoRa_Set                                 0x08003e75   Thumb Code   362  mw1268_app.o(i.LoRa_Set)
    MemManage_Handler                        0x080040df   Thumb Code     4  stm32f7xx_it.o(i.MemManage_Handler)
    NACK_COMMIT                              0x080040e5   Thumb Code   170  pbft_main.o(i.NACK_COMMIT)
    NACK_PREPARE                             0x080041a9   Thumb Code   170  pbft_main.o(i.NACK_PREPARE)
    NACK_PREPREPARE                          0x0800426d   Thumb Code   110  pbft_main.o(i.NACK_PREPREPARE)
    NACK_phase                               0x080042e9   Thumb Code   226  pbft_main.o(i.NACK_phase)
    NMI_Handler                              0x080043f5   Thumb Code     2  stm32f7xx_it.o(i.NMI_Handler)
    New_Proposal                             0x08004431   Thumb Code   174  pbft_main.o(i.New_Proposal)
    Propose                                  0x080044e9   Thumb Code   240  pbft_main.o(i.Propose)
    RNG_Get_RandomNum                        0x080045f5   Thumb Code    10  rng.o(i.RNG_Get_RandomNum)
    RNG_Get_RandomRange                      0x08004605   Thumb Code    28  rng.o(i.RNG_Get_RandomRange)
    RNG_Init                                 0x08004625   Thumb Code    64  rng.o(i.RNG_Init)
    Send_COMMIT                              0x08004709   Thumb Code   140  pbft_main.o(i.Send_COMMIT)
    Send_PREPARE                             0x080047a5   Thumb Code   140  pbft_main.o(i.Send_PREPARE)
    Send_REPLAY                              0x08004841   Thumb Code    64  pbft_main.o(i.Send_REPLAY)
    Send_Sig                                 0x080048a5   Thumb Code   344  pbft_main.o(i.Send_Sig)
    Sixteen2Ten                              0x08004a21   Thumb Code    26  main.o(i.Sixteen2Ten)
    Sleep_Random                             0x08004a3d   Thumb Code    28  pbft_main.o(i.Sleep_Random)
    Start_main                               0x08004a61   Thumb Code    16  pbft_main.o(i.Start_main)
    SysTick_Handler                          0x08004a75   Thumb Code    20  delay.o(i.SysTick_Handler)
    SystemInit                               0x08004af9   Thumb Code    14  system_stm32f7xx.o(i.SystemInit)
    TIM1_BRK_TIM9_IRQHandler                 0x08004b0d   Thumb Code    10  btim.o(i.TIM1_BRK_TIM9_IRQHandler)
    TIM1_UP_TIM10_IRQHandler                 0x08004b1d   Thumb Code    10  btim.o(i.TIM1_UP_TIM10_IRQHandler)
    TIM2_IRQHandler                          0x08004b2d   Thumb Code    10  btim.o(i.TIM2_IRQHandler)
    TIM5_IRQHandler                          0x08004b3d   Thumb Code    10  btim.o(i.TIM5_IRQHandler)
    TIM7_IRQHandler                          0x08004b4d   Thumb Code    10  btim.o(i.TIM7_IRQHandler)
    TIM_Base_SetConfig                       0x08004b5d   Thumb Code   170  stm32f7xx_hal_tim.o(i.TIM_Base_SetConfig)
    UART_AdvFeatureConfig                    0x08004c35   Thumb Code   248  stm32f7xx_hal_uart.o(i.UART_AdvFeatureConfig)
    UART_CheckIdleState                      0x08004d2d   Thumb Code   118  stm32f7xx_hal_uart.o(i.UART_CheckIdleState)
    UART_SetConfig                           0x08004ff5   Thumb Code   782  stm32f7xx_hal_uart.o(i.UART_SetConfig)
    UART_Start_Receive_IT                    0x08005331   Thumb Code   234  stm32f7xx_hal_uart.o(i.UART_Start_Receive_IT)
    UART_WaitOnFlagUntilTimeout              0x08005425   Thumb Code   252  stm32f7xx_hal_uart.o(i.UART_WaitOnFlagUntilTimeout)
    USART1_IRQHandler                        0x08005521   Thumb Code    66  usart.o(i.USART1_IRQHandler)
    USART3_IRQHandler                        0x08005571   Thumb Code   106  usart3.o(i.USART3_IRQHandler)
    UsageFault_Handler                       0x080055ed   Thumb Code     4  stm32f7xx_it.o(i.UsageFault_Handler)
    User_GpioInit                            0x080055f1   Thumb Code   118  mw1268_app.o(i.User_GpioInit)
    __0printf                                0x08007019   Thumb Code    22  printfa.o(i.__0printf)
    __1printf                                0x08007019   Thumb Code     0  printfa.o(i.__0printf)
    __2printf                                0x08007019   Thumb Code     0  printfa.o(i.__0printf)
    __c89printf                              0x08007019   Thumb Code     0  printfa.o(i.__0printf)
    printf                                   0x08007019   Thumb Code     0  printfa.o(i.__0printf)
    __0sprintf                               0x08007039   Thumb Code    34  printfa.o(i.__0sprintf)
    __1sprintf                               0x08007039   Thumb Code     0  printfa.o(i.__0sprintf)
    __2sprintf                               0x08007039   Thumb Code     0  printfa.o(i.__0sprintf)
    __c89sprintf                             0x08007039   Thumb Code     0  printfa.o(i.__0sprintf)
    sprintf                                  0x08007039   Thumb Code     0  printfa.o(i.__0sprintf)
    __0vsprintf                              0x08007061   Thumb Code    30  printfa.o(i.__0vsprintf)
    __1vsprintf                              0x08007061   Thumb Code     0  printfa.o(i.__0vsprintf)
    __2vsprintf                              0x08007061   Thumb Code     0  printfa.o(i.__0vsprintf)
    __c89vsprintf                            0x08007061   Thumb Code     0  printfa.o(i.__0vsprintf)
    vsprintf                                 0x08007061   Thumb Code     0  printfa.o(i.__0vsprintf)
    __scatterload_copy                       0x08007085   Thumb Code    14  handlers.o(i.__scatterload_copy)
    __scatterload_null                       0x08007093   Thumb Code     2  handlers.o(i.__scatterload_null)
    __scatterload_zeroinit                   0x08007095   Thumb Code    14  handlers.o(i.__scatterload_zeroinit)
    btim_tim2_enable                         0x08007961   Thumb Code    46  btim.o(i.btim_tim2_enable)
    btim_tim2_int_init                       0x08007995   Thumb Code    38  btim.o(i.btim_tim2_int_init)
    btim_tim5_int_init                       0x080079c1   Thumb Code    36  btim.o(i.btim_tim5_int_init)
    btim_tim9_int_init                       0x080079ed   Thumb Code    36  btim.o(i.btim_tim9_int_init)
    btim_timx_counterset                     0x08007a19   Thumb Code     8  btim.o(i.btim_timx_counterset)
    btim_timx_enable                         0x08007a25   Thumb Code    46  btim.o(i.btim_timx_enable)
    btim_timx_int_init                       0x08007a59   Thumb Code    36  btim.o(i.btim_timx_int_init)
    delay_init                               0x08007a85   Thumb Code    58  delay.o(i.delay_init)
    delay_ms                                 0x08007ac9   Thumb Code    60  delay.o(i.delay_ms)
    delay_us                                 0x08007b09   Thumb Code    68  delay.o(i.delay_us)
    fputc                                    0x08007b51   Thumb Code    22  usart.o(i.fputc)
    init                                     0x08007b6d   Thumb Code   298  pbft_main.o(i.init)
    init_public_key                          0x08007d0d   Thumb Code   202  main.o(i.init_public_key)
    lora_check_cmd                           0x08007df1   Thumb Code    44  mw1268_uart.o(i.lora_check_cmd)
    lora_send_cmd                            0x08007e25   Thumb Code   110  mw1268_uart.o(i.lora_send_cmd)
    main                                     0x08007ea5   Thumb Code    56  main.o(i.main)
    pbft                                     0x08007f35   Thumb Code  1318  pbft_main.o(i.pbft)
    pvPortMalloc                             0x08008f85   Thumb Code   262  heap_4.o(i.pvPortMalloc)
    pvTaskIncrementMutexHeldCount            0x080090d9   Thumb Code    26  tasks.o(i.pvTaskIncrementMutexHeldCount)
    pxPortInitialiseStack                    0x080090f9   Thumb Code    38  port.o(i.pxPortInitialiseStack)
    sha2                                     0x08009125   Thumb Code    50  sha2.o(i.sha2)
    sha2_finish                              0x08009159   Thumb Code   304  sha2.o(i.sha2_finish)
    sha2_starts                              0x0800c6e9   Thumb Code    80  sha2.o(i.sha2_starts)
    sha2_update                              0x0800c779   Thumb Code   128  sha2.o(i.sha2_update)
    sign_data                                0x0800c7f9   Thumb Code   104  pbft_main.o(i.sign_data)
    start_task                               0x0800c87d   Thumb Code    42  main.o(i.start_task)
    test_finish                              0x0800c8c1   Thumb Code     2  pbft_main.o(i.test_finish)
    uECC_secp192r1                           0x0800c8c5   Thumb Code     4  uecc.o(i.uECC_secp192r1)
    uECC_set_rng                             0x0800c8cd   Thumb Code     6  uecc.o(i.uECC_set_rng)
    uECC_sign                                0x0800c8d9   Thumb Code    90  uecc.o(i.uECC_sign)
    uECC_verify                              0x0800c933   Thumb Code   720  uecc.o(i.uECC_verify)
    usart3_bpsset                            0x0800cc05   Thumb Code   182  usart3.o(i.usart3_bpsset)
    usart3_init                              0x0800cd3d   Thumb Code    90  usart3.o(i.usart3_init)
    usart3_rx                                0x0800cda5   Thumb Code    62  usart3.o(i.usart3_rx)
    usart3_sendData                          0x0800cde9   Thumb Code    52  usart3.o(i.usart3_sendData)
    uxListRemove                             0x0800ce25   Thumb Code    40  list.o(i.uxListRemove)
    vListInitialise                          0x0800ce4d   Thumb Code    26  list.o(i.vListInitialise)
    vListInitialiseItem                      0x0800ce67   Thumb Code     6  list.o(i.vListInitialiseItem)
    vListInsert                              0x0800ce6d   Thumb Code    52  list.o(i.vListInsert)
    vListInsertEnd                           0x0800cea1   Thumb Code    24  list.o(i.vListInsertEnd)
    vPortEnterCritical                       0x0800ceb9   Thumb Code    72  port.o(i.vPortEnterCritical)
    vPortExitCritical                        0x0800cf49   Thumb Code    48  port.o(i.vPortExitCritical)
    vPortFree                                0x0800cfbd   Thumb Code   120  heap_4.o(i.vPortFree)
    vPortSetupTimerInterrupt                 0x0800d075   Thumb Code    26  port.o(i.vPortSetupTimerInterrupt)
    vPortValidateInterruptPriority           0x0800d095   Thumb Code    86  port.o(i.vPortValidateInterruptPriority)
    vQueueAddToRegistry                      0x0800d139   Thumb Code    38  queue.o(i.vQueueAddToRegistry)
    vQueueWaitForMessageRestricted           0x0800d165   Thumb Code    74  queue.o(i.vQueueWaitForMessageRestricted)
    vTaskDelay                               0x0800d1b1   Thumb Code    72  tasks.o(i.vTaskDelay)
    vTaskDelete                              0x0800d225   Thumb Code   192  tasks.o(i.vTaskDelete)
    vTaskMissedYield                         0x0800d331   Thumb Code     8  tasks.o(i.vTaskMissedYield)
    vTaskPlaceOnEventList                    0x0800d33d   Thumb Code    42  tasks.o(i.vTaskPlaceOnEventList)
    vTaskPlaceOnEventListRestricted          0x0800d391   Thumb Code    50  tasks.o(i.vTaskPlaceOnEventListRestricted)
    vTaskPriorityInherit                     0x0800d3ed   Thumb Code   164  tasks.o(i.vTaskPriorityInherit)
    vTaskSetTimeOutState                     0x0800d49d   Thumb Code    32  tasks.o(i.vTaskSetTimeOutState)
    vTaskStartScheduler                      0x0800d4e9   Thumb Code   112  tasks.o(i.vTaskStartScheduler)
    vTaskSuspendAll                          0x0800d599   Thumb Code    12  tasks.o(i.vTaskSuspendAll)
    vTaskSwitchContext                       0x0800d5a9   Thumb Code   110  tasks.o(i.vTaskSwitchContext)
    xPortStartScheduler                      0x0800d651   Thumb Code   192  port.o(i.xPortStartScheduler)
    xPortSysTickHandler                      0x0800d769   Thumb Code    50  port.o(i.xPortSysTickHandler)
    xQueueGenericCreate                      0x0800d7a1   Thumb Code    78  queue.o(i.xQueueGenericCreate)
    xQueueGenericReceive                     0x0800d815   Thumb Code   416  queue.o(i.xQueueGenericReceive)
    xQueueGenericReset                       0x0800d9dd   Thumb Code   136  queue.o(i.xQueueGenericReset)
    xQueueGenericSend                        0x0800da8d   Thumb Code   412  queue.o(i.xQueueGenericSend)
    xQueueGenericSendFromISR                 0x0800dc51   Thumb Code   238  queue.o(i.xQueueGenericSendFromISR)
    xTaskCheckForTimeOut                     0x0800dd65   Thumb Code   116  tasks.o(i.xTaskCheckForTimeOut)
    xTaskCreate                              0x0800de05   Thumb Code    96  tasks.o(i.xTaskCreate)
    xTaskGetSchedulerState                   0x0800de65   Thumb Code    24  tasks.o(i.xTaskGetSchedulerState)
    xTaskGetTickCount                        0x0800de85   Thumb Code     6  tasks.o(i.xTaskGetTickCount)
    xTaskIncrementTick                       0x0800de91   Thumb Code   272  tasks.o(i.xTaskIncrementTick)
    xTaskPriorityDisinherit                  0x0800dff1   Thumb Code   168  tasks.o(i.xTaskPriorityDisinherit)
    xTaskRemoveFromEventList                 0x0800e0c9   Thumb Code   118  tasks.o(i.xTaskRemoveFromEventList)
    xTaskResumeAll                           0x0800e17d   Thumb Code   214  tasks.o(i.xTaskResumeAll)
    xTimerCreateTimerTask                    0x0800e29d   Thumb Code    56  timers.o(i.xTimerCreateTimerTask)
    xTimerGenericCommand                     0x0800e311   Thumb Code   118  timers.o(i.xTimerGenericCommand)
    AHBPrescTable                            0x0800e3b4   Data          16  system_stm32f7xx.o(.constdata)
    APBPrescTable                            0x0800e3c4   Data           8  system_stm32f7xx.o(.constdata)
    Region$$Table$$Base                      0x0800e7a0   Number         0  anon$$obj.o(Region$$Table)
    Region$$Table$$Limit                     0x0800e7c0   Number         0  anon$$obj.o(Region$$Table)
    StartTask_Handler                        0x20020000   Data           4  main.o(.data)
    CSMACA_PBFT_Task_Handler                 0x20020004   Data           4  main.o(.data)
    public_key_string                        0x20020008   Data        3072  main.o(.data)
    private_key_string                       0x20020c08   Data        1536  main.o(.data)
    __stdout                                 0x20021210   Data           4  usart.o(.data)
    USART_RX_STA                             0x20021214   Data           2  usart.o(.data)
    aRxBuffer                                0x20021216   Data           1  usart.o(.data)
    uwTick                                   0x20021218   Data           4  stm32f7xx_hal.o(.data)
    uwTickPrio                               0x2002121c   Data           4  stm32f7xx_hal.o(.data)
    uwTickFreq                               0x20021220   Data           1  stm32f7xx_hal.o(.data)
    led2sta                                  0x20021221   Data           1  led.o(.data)
    led1sta                                  0x20021222   Data           1  led.o(.data)
    led0sta                                  0x20021223   Data           1  led.o(.data)
    USART3_RX_STA                            0x20021238   Data           2  usart3.o(.data)
    pxCurrentTCB                             0x20021240   Data           4  tasks.o(.data)
    LoRa_CFG                                 0x200212b4   Data          14  mw1268_app.o(.data)
    Lora_Device_Sta                          0x200212c2   Data           1  mw1268_app.o(.data)
    Lora_Int_Sta                             0x200212c3   Data           1  mw1268_app.o(.data)
    Dire_Date                                0x200212c4   Data           5  mw1268_app.o(.data)
    SystemCoreClock                          0x200212cc   Data           4  system_stm32f7xx.o(.data)
    N                                        0x200212d0   Data           1  pbft_main.o(.data)
    f                                        0x200212d1   Data           1  pbft_main.o(.data)
    DONE_THRES                               0x200212d2   Data           2  pbft_main.o(.data)
    id                                       0x200212d4   Data           1  pbft_main.o(.data)
    NTX                                      0x200212d5   Data           1  pbft_main.o(.data)
    NTX_proposal                             0x200212d6   Data           1  pbft_main.o(.data)
    slot                                     0x200212d8   Data           2  pbft_main.o(.data)
    Choice_Truth_Set_Number                  0x200212da   Data           1  pbft_main.o(.data)
    Choice_False_Set_Number                  0x200212db   Data           1  pbft_main.o(.data)
    Commit_Truth_Set_Number                  0x200212dc   Data           1  pbft_main.o(.data)
    Commit_False_Set_Number                  0x200212dd   Data           1  pbft_main.o(.data)
    Group_Number                             0x200212de   Data           1  pbft_main.o(.data)
    Group_Leader_ID                          0x200212df   Data           1  pbft_main.o(.data)
    Global_Commands_Size                     0x200212e0   Data           5  pbft_main.o(.data)
    Global_Proposal_Packet_Number            0x200212e5   Data           5  pbft_main.o(.data)
    Global_Rece_Proposal_Number              0x200212ea   Data           5  pbft_main.o(.data)
    Global_Sig_Number                        0x200212ef   Data           5  pbft_main.o(.data)
    Global_Rece_Sig_Number                   0x200212f4   Data           5  pbft_main.o(.data)
    Global_ACK_Proposal_Number               0x200212f9   Data           1  pbft_main.o(.data)
    Global_ACK_Choice_Number                 0x200212fa   Data           1  pbft_main.o(.data)
    Global_ACK_Commit_Number                 0x200212fb   Data           1  pbft_main.o(.data)
    Global_Choice_Truth_Set_Number           0x200212fc   Data           1  pbft_main.o(.data)
    Global_Choice_False_Set_Number           0x200212fd   Data           1  pbft_main.o(.data)
    Global_Commit_Truth_Set_Number           0x200212fe   Data           1  pbft_main.o(.data)
    Global_Commit_False_Set_Number           0x200212ff   Data           1  pbft_main.o(.data)
    Global_ACK_TO_Send_Number                0x20021300   Data           1  pbft_main.o(.data)
    Global_Proposal_1_Number                 0x20021301   Data           1  pbft_main.o(.data)
    Global_Proposal_1_ACK_Number             0x20021302   Data           1  pbft_main.o(.data)
    Global_Proposal_1_ACK                    0x20021303   Data           5  pbft_main.o(.data)
    Global_Ready_Number                      0x20021308   Data           1  pbft_main.o(.data)
    Global_Ready                             0x20021309   Data           5  pbft_main.o(.data)
    Rece_Proposal_2_flag                     0x2002130e   Data           1  pbft_main.o(.data)
    start_flag2                              0x2002130f   Data           1  pbft_main.o(.data)
    Global_Consensus_Leader                  0x20021310   Data           1  pbft_main.o(.data)
    Global_ACK_To_Send_Flag                  0x20021311   Data           1  pbft_main.o(.data)
    Timer_Flag_5                             0x20021312   Data           1  pbft_main.o(.data)
    Global_Need_Choice_Flag                  0x20021313   Data           1  pbft_main.o(.data)
    Global_Need_Commit_Flag                  0x20021314   Data           1  pbft_main.o(.data)
    Global_Need_Proposal_Flag                0x20021315   Data           1  pbft_main.o(.data)
    Commands_Size                            0x20021316   Data           1  pbft_main.o(.data)
    Proposal_Packet_Number                   0x20021317   Data           1  pbft_main.o(.data)
    Rece_Proposal_flag                       0x20021318   Data           1  pbft_main.o(.data)
    Rece_Proposal_Number                     0x20021319   Data           1  pbft_main.o(.data)
    before_round                             0x2002131a   Data           1  pbft_main.o(.data)
    after_round                              0x2002131b   Data           1  pbft_main.o(.data)
    TIM_slot                                 0x2002131c   Data           1  pbft_main.o(.data)
    TIM9_Exceed_Times                        0x20021320   Data           4  pbft_main.o(.data)
    TIM10_Exceed_Times                       0x20021324   Data           4  pbft_main.o(.data)
    Need_Choice_Flag                         0x20021328   Data           1  pbft_main.o(.data)
    Need_Commit_Flag                         0x20021329   Data           1  pbft_main.o(.data)
    Need_Proposal_Flag                       0x2002132a   Data           1  pbft_main.o(.data)
    start_flag                               0x2002132b   Data           1  pbft_main.o(.data)
    PBFT_status                              0x2002132c   Data           1  pbft_main.o(.data)
    my_choice                                0x2002132d   Data           1  pbft_main.o(.data)
    my_commit                                0x2002132e   Data           1  pbft_main.o(.data)
    TIM2_Exceed_Times                        0x20021330   Data           4  pbft_main.o(.data)
    TIM5_Exceed_Times                        0x20021334   Data           4  pbft_main.o(.data)
    decided                                  0x20021338   Data           1  pbft_main.o(.data)
    Need_to_Wait                             0x20021339   Data           1  pbft_main.o(.data)
    Total_time                               0x2002133c   Data           4  pbft_main.o(.data)
    Packet_Internal_delay                    0x20021340   Data           2  pbft_main.o(.data)
    private_key                              0x20021348   Data         544  main.o(.bss)
    public_key                               0x20021568   Data        1088  main.o(.bss)
    USART_RX_BUF                             0x200219a8   Data         200  usart.o(.bss)
    UART1_Handler                            0x20021a70   Data         136  usart.o(.bss)
    RNG_Handler                              0x20021af8   Data          16  rng.o(.bss)
    timx_handler                             0x20021b08   Data          76  btim.o(.bss)
    tim5_handler                             0x20021b54   Data          76  btim.o(.bss)
    tim2_handler                             0x20021ba0   Data          76  btim.o(.bss)
    tim9_handler                             0x20021bec   Data          76  btim.o(.bss)
    tim10_handler                            0x20021c38   Data          76  btim.o(.bss)
    uart3RxBuffer                            0x20021c84   Data        1024  usart3.o(.bss)
    uart3TxBuffer                            0x20022084   Data        1024  usart3.o(.bss)
    uart3_handler                            0x20022484   Data         136  usart3.o(.bss)
    xQueueRegistry                           0x2002250c   Data          64  queue.o(.bss)
    date                                     0x2002e080   Data          30  mw1268_app.o(.bss)
    Tran_Data                                0x2002e09e   Data         800  mw1268_app.o(.bss)
    Choice                                   0x2002e3c0   Data          17  pbft_main.o(.bss)
    Commit                                   0x2002e3d1   Data          17  pbft_main.o(.bss)
    Send_Data_buff                           0x2002e3e2   Data         800  pbft_main.o(.bss)
    Global_Rece_Proposal                     0x2002e702   Data         150  pbft_main.o(.bss)
    Global_Command_buff                      0x2002e798   Data        4000  pbft_main.o(.bss)
    Global_Proposal_hash                     0x2002f738   Data         200  pbft_main.o(.bss)
    Global_IDS                               0x2002f800   Data         100  pbft_main.o(.bss)
    Global_Sig                               0x2002f864   Data        4800  pbft_main.o(.bss)
    Global_Rece_Sig                          0x20030b24   Data         100  pbft_main.o(.bss)
    Global_Choice                            0x20030b88   Data          17  pbft_main.o(.bss)
    Global_Commit                            0x20030b99   Data          17  pbft_main.o(.bss)
    Global_ACK_Proposal                      0x20030baa   Data          17  pbft_main.o(.bss)
    Global_ACK_Choice                        0x20030bbb   Data          17  pbft_main.o(.bss)
    Global_ACK_Commit                        0x20030bcc   Data          17  pbft_main.o(.bss)
    Global_ACK_TO_Send                       0x20030bdd   Data        3000  pbft_main.o(.bss)
    Rece_Global_Proposal_1                   0x20031795   Data          30  pbft_main.o(.bss)
    Proposal_2                               0x200317b3   Data          40  pbft_main.o(.bss)
    Proposal_2_hash                          0x200317db   Data          40  pbft_main.o(.bss)
    Proposal_Queue                           0x20031803   Data          10  pbft_main.o(.bss)
    Rece_Proposal                            0x2003180d   Data          30  pbft_main.o(.bss)
    Command_buff                             0x2003182b   Data         800  pbft_main.o(.bss)
    Proposal_hash                            0x20031b4b   Data          40  pbft_main.o(.bss)
    curves                                   0x20031b74   Data          20  pbft_main.o(.bss)
    __initial_sp                             0x20032b88   Data           0  startup_stm32f767xx.o(STACK)



==============================================================================

Memory Map of the image

  Image Entry point : 0x080001f9

  Load Region LR_IROM1 (Base: 0x08000000, Size: 0x0000fb08, Max: 0x00200000, ABSOLUTE, COMPRESSED[0x0000f324])

    Execution Region ER_IROM1 (Base: 0x08000000, Size: 0x0000e7c0, Max: 0x00200000, ABSOLUTE)

    Base Addr    Size         Type   Attr      Idx    E Section Name        Object

    0x08000000   0x000001f8   Data   RO          589    RESET               startup_stm32f767xx.o
    0x080001f8   0x00000000   Code   RO         6289  * .ARM.Collect$$$$00000000  mc_w.l(entry.o)
    0x080001f8   0x00000004   Code   RO         6575    .ARM.Collect$$$$00000001  mc_w.l(entry2.o)
    0x080001fc   0x00000004   Code   RO         6578    .ARM.Collect$$$$00000004  mc_w.l(entry5.o)
    0x08000200   0x00000000   Code   RO         6580    .ARM.Collect$$$$00000008  mc_w.l(entry7b.o)
    0x08000200   0x00000000   Code   RO         6582    .ARM.Collect$$$$0000000A  mc_w.l(entry8b.o)
    0x08000200   0x00000008   Code   RO         6583    .ARM.Collect$$$$0000000B  mc_w.l(entry9a.o)
    0x08000208   0x00000000   Code   RO         6585    .ARM.Collect$$$$0000000D  mc_w.l(entry10a.o)
    0x08000208   0x00000000   Code   RO         6587    .ARM.Collect$$$$0000000F  mc_w.l(entry11a.o)
    0x08000208   0x00000004   Code   RO         6576    .ARM.Collect$$$$00002712  mc_w.l(entry2.o)
    0x0800020c   0x000000ba   Code   RO         5180    .emb_text           port.o
    0x080002c6   0x00000002   PAD
    0x080002c8   0x00000024   Code   RO          590    .text               startup_stm32f767xx.o
    0x080002ec   0x00000062   Code   RO         6300    .text               mc_w.l(uldiv.o)
    0x0800034e   0x00000024   Code   RO         6302    .text               mc_w.l(memcpya.o)
    0x08000372   0x00000024   Code   RO         6304    .text               mc_w.l(memseta.o)
    0x08000396   0x00000024   Code   RO         6306    .text               mc_w.l(strstr.o)
    0x080003ba   0x0000000e   Code   RO         6308    .text               mc_w.l(strlen.o)
    0x080003c8   0x0000002c   Code   RO         6600    .text               mc_w.l(uidiv.o)
    0x080003f4   0x0000001e   Code   RO         6602    .text               mc_w.l(llshl.o)
    0x08000412   0x00000020   Code   RO         6604    .text               mc_w.l(llushr.o)
    0x08000432   0x00000000   Code   RO         6606    .text               mc_w.l(iusefp.o)
    0x08000432   0x0000014e   Code   RO         6607    .text               mf_w.l(dadd.o)
    0x08000580   0x000000e4   Code   RO         6609    .text               mf_w.l(dmul.o)
    0x08000664   0x000000de   Code   RO         6611    .text               mf_w.l(ddiv.o)
    0x08000742   0x00000030   Code   RO         6613    .text               mf_w.l(dfixul.o)
    0x08000772   0x00000002   PAD
    0x08000774   0x00000030   Code   RO         6615    .text               mf_w.l(cdrcmple.o)
    0x080007a4   0x00000024   Code   RO         6617    .text               mc_w.l(init.o)
    0x080007c8   0x00000024   Code   RO         6620    .text               mc_w.l(llsshr.o)
    0x080007ec   0x000000ba   Code   RO         6623    .text               mf_w.l(depilogue.o)
    0x080008a6   0x0000005e   Code   RO         6633    .text               mc_w.l(__dclz77c.o)
    0x08000904   0x00000010   Code   RO         5476    i.AfterRound        pbft_main.o
    0x08000914   0x00000048   Code   RO         5330    i.Aux_Int           mw1268_app.o
    0x0800095c   0x00000060   Code   RO         5477    i.BeforeRound       pbft_main.o
    0x080009bc   0x00000004   Code   RO          325    i.BusFault_Handler  stm32f7xx_it.o
    0x080009c0   0x00000078   Code   RO            4    i.CPU_CACHE_Enable  main.o
    0x08000a38   0x0000002c   Code   RO            5    i.CSMACA_PBFT       main.o
    0x08000a64   0x00000014   Code   RO         5478    i.Change_channel    pbft_main.o
    0x08000a78   0x00000002   Code   RO          326    i.DebugMon_Handler  stm32f7xx_it.o
    0x08000a7a   0x00000002   PAD
    0x08000a7c   0x00000c6c   Code   RO         5331    i.EXTI15_10_IRQHandler  mw1268_app.o
    0x080016e8   0x00000010   Code   RO          437    i.GPIO_Pin_Set      sys.o
    0x080016f8   0x00000038   Code   RO         5480    i.Global_ACK_phase  pbft_main.o
    0x08001730   0x000001e8   Code   RO         5481    i.Global_Go_ACK     pbft_main.o
    0x08001918   0x000000c0   Code   RO         5482    i.Global_NACK_COMMIT  pbft_main.o
    0x080019d8   0x000000c0   Code   RO         5483    i.Global_NACK_PREPARE  pbft_main.o
    0x08001a98   0x0000007c   Code   RO         5484    i.Global_NACK_PREPREPARE  pbft_main.o
    0x08001b14   0x00000134   Code   RO         5485    i.Global_NACK_phase  pbft_main.o
    0x08001c48   0x000000d4   Code   RO         5486    i.Global_New_Proposal  pbft_main.o
    0x08001d1c   0x000000b4   Code   RO         5487    i.Global_Propose    pbft_main.o
    0x08001dd0   0x000000e8   Code   RO         5488    i.Global_Send_ACK   pbft_main.o
    0x08001eb8   0x0000009c   Code   RO         5489    i.Global_Send_COMMIT  pbft_main.o
    0x08001f54   0x0000009c   Code   RO         5490    i.Global_Send_PREPARE  pbft_main.o
    0x08001ff0   0x000000ac   Code   RO         5491    i.Global_Send_Ready  pbft_main.o
    0x0800209c   0x000000ac   Code   RO         5492    i.Global_Start      pbft_main.o
    0x08002148   0x0000004c   Code   RO         5493    i.Global_TIMER      pbft_main.o
    0x08002194   0x000000ac   Code   RO         2068    i.HAL_DMA_Abort     stm32f7xx_hal_dma.o
    0x08002240   0x00000028   Code   RO         2069    i.HAL_DMA_Abort_IT  stm32f7xx_hal_dma.o
    0x08002268   0x0000020c   Code   RO          950    i.HAL_GPIO_Init     stm32f7xx_hal_gpio.o
    0x08002474   0x00000010   Code   RO          952    i.HAL_GPIO_ReadPin  stm32f7xx_hal_gpio.o
    0x08002484   0x0000000c   Code   RO          954    i.HAL_GPIO_WritePin  stm32f7xx_hal_gpio.o
    0x08002490   0x0000000c   Code   RO          614    i.HAL_GetTick       stm32f7xx_hal.o
    0x0800249c   0x00000018   Code   RO          620    i.HAL_IncTick       stm32f7xx_hal.o
    0x080024b4   0x00000030   Code   RO          621    i.HAL_Init          stm32f7xx_hal.o
    0x080024e4   0x0000004c   Code   RO          622    i.HAL_InitTick      stm32f7xx_hal.o
    0x08002530   0x0000005c   Code   RO          807    i.HAL_MPU_ConfigRegion  stm32f7xx_hal_cortex.o
    0x0800258c   0x0000002c   Code   RO          808    i.HAL_MPU_Disable   stm32f7xx_hal_cortex.o
    0x080025b8   0x00000040   Code   RO          809    i.HAL_MPU_Enable    stm32f7xx_hal_cortex.o
    0x080025f8   0x00000002   Code   RO          624    i.HAL_MspInit       stm32f7xx_hal.o
    0x080025fa   0x00000002   PAD
    0x080025fc   0x0000001c   Code   RO          811    i.HAL_NVIC_DisableIRQ  stm32f7xx_hal_cortex.o
    0x08002618   0x0000001a   Code   RO          812    i.HAL_NVIC_EnableIRQ  stm32f7xx_hal_cortex.o
    0x08002632   0x0000007c   Code   RO          818    i.HAL_NVIC_SetPriority  stm32f7xx_hal_cortex.o
    0x080026ae   0x00000002   PAD
    0x080026b0   0x00000028   Code   RO          819    i.HAL_NVIC_SetPriorityGrouping  stm32f7xx_hal_cortex.o
    0x080026d8   0x00000090   Code   RO         1143    i.HAL_PWREx_EnableOverDrive  stm32f7xx_hal_pwr_ex.o
    0x08002768   0x00000194   Code   RO         1230    i.HAL_RCC_ClockConfig  stm32f7xx_hal_rcc.o
    0x080028fc   0x0000000c   Code   RO         1235    i.HAL_RCC_GetHCLKFreq  stm32f7xx_hal_rcc.o
    0x08002908   0x00000020   Code   RO         1237    i.HAL_RCC_GetPCLK1Freq  stm32f7xx_hal_rcc.o
    0x08002928   0x00000020   Code   RO         1238    i.HAL_RCC_GetPCLK2Freq  stm32f7xx_hal_rcc.o
    0x08002948   0x000000b0   Code   RO         1239    i.HAL_RCC_GetSysClockFreq  stm32f7xx_hal_rcc.o
    0x080029f8   0x00000514   Code   RO         1242    i.HAL_RCC_OscConfig  stm32f7xx_hal_rcc.o
    0x08002f0c   0x00000086   Code   RO         3776    i.HAL_RNG_GenerateRandomNumber  stm32f7xx_hal_rng.o
    0x08002f92   0x00000018   Code   RO         3779    i.HAL_RNG_GetRandomNumber  stm32f7xx_hal_rng.o
    0x08002faa   0x00000034   Code   RO         3783    i.HAL_RNG_Init      stm32f7xx_hal_rng.o
    0x08002fde   0x00000002   PAD
    0x08002fe0   0x00000024   Code   RO         3906    i.HAL_RNG_MspInit   rng.o
    0x08003004   0x00000028   Code   RO          821    i.HAL_SYSTICK_CLKSourceConfig  stm32f7xx_hal_cortex.o
    0x0800302c   0x00000034   Code   RO          823    i.HAL_SYSTICK_Config  stm32f7xx_hal_cortex.o
    0x08003060   0x00000002   Code   RO         2975    i.HAL_TIMEx_Break2Callback  stm32f7xx_hal_tim_ex.o
    0x08003062   0x00000002   Code   RO         2976    i.HAL_TIMEx_BreakCallback  stm32f7xx_hal_tim_ex.o
    0x08003064   0x00000002   Code   RO         2977    i.HAL_TIMEx_CommutCallback  stm32f7xx_hal_tim_ex.o
    0x08003066   0x0000006e   Code   RO         2250    i.HAL_TIM_Base_Init  stm32f7xx_hal_tim.o
    0x080030d4   0x0000013c   Code   RO         3951    i.HAL_TIM_Base_MspInit  btim.o
    0x08003210   0x000000b4   Code   RO         2255    i.HAL_TIM_Base_Start_IT  stm32f7xx_hal_tim.o
    0x080032c4   0x00000002   Code   RO         2284    i.HAL_TIM_IC_CaptureCallback  stm32f7xx_hal_tim.o
    0x080032c6   0x000001b8   Code   RO         2298    i.HAL_TIM_IRQHandler  stm32f7xx_hal_tim.o
    0x0800347e   0x00000002   Code   RO         2301    i.HAL_TIM_OC_DelayElapsedCallback  stm32f7xx_hal_tim.o
    0x08003480   0x00000002   Code   RO         2328    i.HAL_TIM_PWM_PulseFinishedCallback  stm32f7xx_hal_tim.o
    0x08003482   0x00000002   PAD
    0x08003484   0x0000017c   Code   RO         3952    i.HAL_TIM_PeriodElapsedCallback  btim.o
    0x08003600   0x00000002   Code   RO         2341    i.HAL_TIM_TriggerCallback  stm32f7xx_hal_tim.o
    0x08003602   0x00000002   Code   RO         1400    i.HAL_UARTEx_RxEventCallback  stm32f7xx_hal_uart.o
    0x08003604   0x00000002   Code   RO         1401    i.HAL_UARTEx_WakeupCallback  stm32f7xx_hal_uart.o
    0x08003606   0x00000002   Code   RO         1417    i.HAL_UART_ErrorCallback  stm32f7xx_hal_uart.o
    0x08003608   0x0000000e   Code   RO         1419    i.HAL_UART_GetState  stm32f7xx_hal_uart.o
    0x08003616   0x00000002   PAD
    0x08003618   0x00000350   Code   RO         1420    i.HAL_UART_IRQHandler  stm32f7xx_hal_uart.o
    0x08003968   0x00000074   Code   RO         1421    i.HAL_UART_Init     stm32f7xx_hal_uart.o
    0x080039dc   0x00000002   Code   RO          286    i.HAL_UART_MspInit  stm32f7xx_hal_msp.o
    0x080039de   0x00000050   Code   RO         1426    i.HAL_UART_Receive_IT  stm32f7xx_hal_uart.o
    0x08003a2e   0x00000002   PAD
    0x08003a30   0x00000088   Code   RO          531    i.HAL_UART_RxCpltCallback  usart.o
    0x08003ab8   0x000000b2   Code   RO         1430    i.HAL_UART_Transmit  stm32f7xx_hal_uart.o
    0x08003b6a   0x00000002   Code   RO         1433    i.HAL_UART_TxCpltCallback  stm32f7xx_hal_uart.o
    0x08003b6c   0x00000004   Code   RO          327    i.HardFault_Handler  stm32f7xx_it.o
    0x08003b70   0x00000058   Code   RO         3876    i.LED_Init          led.o
    0x08003bc8   0x00000284   Code   RO         5332    i.LoRa_Init         mw1268_app.o
    0x08003e4c   0x00000028   Code   RO         5334    i.LoRa_SendData     mw1268_app.o
    0x08003e74   0x0000021c   Code   RO         5335    i.LoRa_Set          mw1268_app.o
    0x08004090   0x0000004e   Code   RO            6    i.MPU_Config        main.o
    0x080040de   0x00000004   Code   RO          328    i.MemManage_Handler  stm32f7xx_it.o
    0x080040e2   0x00000002   PAD
    0x080040e4   0x000000c4   Code   RO         5494    i.NACK_COMMIT       pbft_main.o
    0x080041a8   0x000000c4   Code   RO         5495    i.NACK_PREPARE      pbft_main.o
    0x0800426c   0x0000007c   Code   RO         5496    i.NACK_PREPREPARE   pbft_main.o
    0x080042e8   0x0000010c   Code   RO         5497    i.NACK_phase        pbft_main.o
    0x080043f4   0x00000002   Code   RO          329    i.NMI_Handler       stm32f7xx_it.o
    0x080043f6   0x00000002   PAD
    0x080043f8   0x00000010   Code   RO          825    i.NVIC_GetPriorityGrouping  stm32f7xx_hal_cortex.o
    0x08004408   0x00000028   Code   RO          826    i.NVIC_SetPriority  stm32f7xx_hal_cortex.o
    0x08004430   0x000000b8   Code   RO         5498    i.New_Proposal      pbft_main.o
    0x080044e8   0x0000010c   Code   RO         5500    i.Propose           pbft_main.o
    0x080045f4   0x00000010   Code   RO         3907    i.RNG_Get_RandomNum  rng.o
    0x08004604   0x00000020   Code   RO         3908    i.RNG_Get_RandomRange  rng.o
    0x08004624   0x00000048   Code   RO         3909    i.RNG_Init          rng.o
    0x0800466c   0x0000009c   Code   RO            7    i.SCB_EnableDCache  main.o
    0x08004708   0x0000009c   Code   RO         5501    i.Send_COMMIT       pbft_main.o
    0x080047a4   0x0000009c   Code   RO         5502    i.Send_PREPARE      pbft_main.o
    0x08004840   0x00000064   Code   RO         5503    i.Send_REPLAY       pbft_main.o
    0x080048a4   0x0000017c   Code   RO         5504    i.Send_Sig          pbft_main.o
    0x08004a20   0x0000001a   Code   RO            8    i.Sixteen2Ten       main.o
    0x08004a3a   0x00000002   PAD
    0x08004a3c   0x00000024   Code   RO         5505    i.Sleep_Random      pbft_main.o
    0x08004a60   0x00000014   Code   RO         5507    i.Start_main        pbft_main.o
    0x08004a74   0x00000014   Code   RO          382    i.SysTick_Handler   delay.o
    0x08004a88   0x00000070   Code   RO            9    i.SystemClock_Config  main.o
    0x08004af8   0x00000014   Code   RO         5440    i.SystemInit        system_stm32f7xx.o
    0x08004b0c   0x00000010   Code   RO         3953    i.TIM1_BRK_TIM9_IRQHandler  btim.o
    0x08004b1c   0x00000010   Code   RO         3954    i.TIM1_UP_TIM10_IRQHandler  btim.o
    0x08004b2c   0x00000010   Code   RO         3955    i.TIM2_IRQHandler   btim.o
    0x08004b3c   0x00000010   Code   RO         3957    i.TIM5_IRQHandler   btim.o
    0x08004b4c   0x00000010   Code   RO         3958    i.TIM7_IRQHandler   btim.o
    0x08004b5c   0x000000d8   Code   RO         2343    i.TIM_Base_SetConfig  stm32f7xx_hal_tim.o
    0x08004c34   0x000000f8   Code   RO         1435    i.UART_AdvFeatureConfig  stm32f7xx_hal_uart.o
    0x08004d2c   0x00000076   Code   RO         1436    i.UART_CheckIdleState  stm32f7xx_hal_uart.o
    0x08004da2   0x00000018   Code   RO         1437    i.UART_DMAAbortOnError  stm32f7xx_hal_uart.o
    0x08004dba   0x00000066   Code   RO         1447    i.UART_EndRxTransfer  stm32f7xx_hal_uart.o
    0x08004e20   0x0000002e   Code   RO         1448    i.UART_EndTransmit_IT  stm32f7xx_hal_uart.o
    0x08004e4e   0x000000d4   Code   RO         1450    i.UART_RxISR_16BIT  stm32f7xx_hal_uart.o
    0x08004f22   0x000000d0   Code   RO         1451    i.UART_RxISR_8BIT   stm32f7xx_hal_uart.o
    0x08004ff2   0x00000002   PAD
    0x08004ff4   0x0000033c   Code   RO         1452    i.UART_SetConfig    stm32f7xx_hal_uart.o
    0x08005330   0x000000f4   Code   RO         1454    i.UART_Start_Receive_IT  stm32f7xx_hal_uart.o
    0x08005424   0x000000fc   Code   RO         1457    i.UART_WaitOnFlagUntilTimeout  stm32f7xx_hal_uart.o
    0x08005520   0x00000050   Code   RO          532    i.USART1_IRQHandler  usart.o
    0x08005570   0x0000007c   Code   RO         4152    i.USART3_IRQHandler  usart3.o
    0x080055ec   0x00000004   Code   RO          330    i.UsageFault_Handler  stm32f7xx_it.o
    0x080055f0   0x00000088   Code   RO         5337    i.User_GpioInit     mw1268_app.o
    0x08005678   0x00000060   Code   RO         5791    i._Z12regularize_kPKjPjS1_PK12uECC_Curve_t  uecc.o
    0x080056d8   0x00000040   Code   RO         5792    i._Z12uECC_vli_addPjPKjS1_a  uecc.o
    0x08005718   0x00000042   Code   RO         5793    i._Z12uECC_vli_cmpPKjS0_a  uecc.o
    0x0800575a   0x0000001a   Code   RO         5794    i._Z12uECC_vli_setPjPKja  uecc.o
    0x08005774   0x00000042   Code   RO         5795    i._Z12uECC_vli_subPjPKjS1_a  uecc.o
    0x080057b6   0x000001ae   Code   RO         5796    i._Z13EccPoint_multPjPKjS1_S1_sPK12uECC_Curve_t  uecc.o
    0x08005964   0x00000142   Code   RO         5797    i._Z13uECC_vli_mmodPjS_PKja  uecc.o
    0x08005aa6   0x000000ae   Code   RO         5798    i._Z13uECC_vli_multPjPKjS1_a  uecc.o
    0x08005b54   0x00000020   Code   RO         5799    i._Z13vli_numDigitsPKja  uecc.o
    0x08005b74   0x00000016   Code   RO         5800    i._Z14uECC_vli_clearPja  uecc.o
    0x08005b8a   0x0000002c   Code   RO         5801    i._Z14uECC_vli_equalPKjS0_a  uecc.o
    0x08005bb6   0x00000002   PAD
    0x08005bb8   0x00000058   Code   RO         5802    i._Z14x_side_defaultPjPKjPK12uECC_Curve_t  uecc.o
    0x08005c10   0x00000024   Code   RO         5803    i._Z15uECC_vli_isZeroPKja  uecc.o
    0x08005c34   0x00000040   Code   RO         5804    i._Z15uECC_vli_modAddPjPKjS1_S1_a  uecc.o
    0x08005c74   0x00000132   Code   RO         5805    i._Z15uECC_vli_modInvPjPKjS1_a  uecc.o
    0x08005da6   0x00000034   Code   RO         5806    i._Z15uECC_vli_modSubPjPKjS1_S1_a  uecc.o
    0x08005dda   0x00000002   PAD
    0x08005ddc   0x00000080   Code   RO         5807    i._Z16mod_sqrt_defaultPjPK12uECC_Curve_t  uecc.o
    0x08005e5c   0x0000018c   Code   RO         5808    i._Z16uECC_sign_with_kPKhS0_jPjPhPK12uECC_Curve_t  uecc.o
    0x08005fe8   0x00000030   Code   RO         5810    i._Z16uECC_vli_modMultPjPKjS1_S1_a  uecc.o
    0x08006018   0x00000036   Code   RO         5811    i._Z16uECC_vli_numBitsPKja  uecc.o
    0x0800604e   0x00000022   Code   RO         5812    i._Z16uECC_vli_rshift1Pja  uecc.o
    0x08006070   0x00000016   Code   RO         5813    i._Z16uECC_vli_testBitPKjs  uecc.o
    0x08006086   0x00000032   Code   RO         5814    i._Z16x_side_secp256k1PjPKjPK12uECC_Curve_t  uecc.o
    0x080060b8   0x00000040   Code   RO         5815    i._Z17vli_modInv_updatePjPKja  uecc.o
    0x080060f8   0x00000098   Code   RO         5816    i._Z18mod_sqrt_secp224r1PjPK12uECC_Curve_t  uecc.o
    0x08006190   0x00000074   Code   RO         5817    i._Z19XYcZ_initial_doublePjS_S_S_PKjPK12uECC_Curve_t  uecc.o
    0x08006204   0x0000003a   Code   RO         5818    i._Z19uECC_vli_cmp_unsafePKjS0_a  uecc.o
    0x0800623e   0x0000004e   Code   RO         5819    i._Z20omega_mult_secp160r1PjPKj  uecc.o
    0x0800628c   0x00000044   Code   RO         5820    i._Z20omega_mult_secp256k1PjPKj  uecc.o
    0x080062d0   0x000000c4   Code   RO         5821    i._Z21mod_sqrt_secp224r1_rmPjS_S_PKjS1_S1_S1_S1_  uecc.o
    0x08006394   0x000000b4   Code   RO         5822    i._Z21mod_sqrt_secp224r1_rpPjS_S_PKjS1_  uecc.o
    0x08006448   0x00000088   Code   RO         5823    i._Z21mod_sqrt_secp224r1_rsPjS_S_PKjS1_S1_  uecc.o
    0x080064d0   0x00000028   Code   RO         5824    i._Z21uECC_vli_modMult_fastPjPKjS1_PK12uECC_Curve_t  uecc.o
    0x080064f8   0x00000058   Code   RO         5825    i._Z22mod_sqrt_secp224r1_rssPjS_S_PKjS1_S1_s  uecc.o
    0x08006550   0x0000004a   Code   RO         5826    i._Z22uECC_vli_bytesToNativePjPKhi  uecc.o
    0x0800659a   0x00000024   Code   RO         5827    i._Z22uECC_vli_nativeToBytesPhiPKj  uecc.o
    0x080065be   0x00000154   Code   RO         5828    i._Z23double_jacobian_defaultPjS_S_PK12uECC_Curve_t  uecc.o
    0x08006712   0x00000016   Code   RO         5829    i._Z23uECC_vli_modSquare_fastPjPKjPK12uECC_Curve_t  uecc.o
    0x08006728   0x00000084   Code   RO         5830    i._Z23vli_mmod_fast_secp160r1PjS_  uecc.o
    0x080067ac   0x0000009c   Code   RO         5831    i._Z23vli_mmod_fast_secp192r1PjS_  uecc.o
    0x08006848   0x000000e8   Code   RO         5832    i._Z23vli_mmod_fast_secp224r1PjS_  uecc.o
    0x08006930   0x00000084   Code   RO         5833    i._Z23vli_mmod_fast_secp256k1PjS_  uecc.o
    0x080069b4   0x000001c8   Code   RO         5834    i._Z23vli_mmod_fast_secp256r1PjS_  uecc.o
    0x08006b7c   0x00000078   Code   RO         5835    i._Z24uECC_generate_random_intPjPKja  uecc.o
    0x08006bf4   0x00000100   Code   RO         5836    i._Z25double_jacobian_secp256k1PjS_S_PK12uECC_Curve_t  uecc.o
    0x08006cf4   0x0000000e   Code   RO         5838    i._Z4smaxss         uecc.o
    0x08006d02   0x0000004e   Code   RO         5839    i._Z6muladdjjPjS_S_  uecc.o
    0x08006d50   0x0000003e   Code   RO         5840    i._Z7apply_zPjS_PKjPK12uECC_Curve_t  uecc.o
    0x08006d8e   0x000000ca   Code   RO         5841    i._Z8XYcZ_addPjS_S_S_PK12uECC_Curve_t  uecc.o
    0x08006e58   0x000000a8   Code   RO         5842    i._Z8bits2intPjPKhjPK12uECC_Curve_t  uecc.o
    0x08006f00   0x00000118   Code   RO         5845    i._Z9XYcZ_addCPjS_S_S_PK12uECC_Curve_t  uecc.o
    0x08007018   0x00000020   Code   RO         6547    i.__0printf         mc_w.l(printfa.o)
    0x08007038   0x00000028   Code   RO         6549    i.__0sprintf        mc_w.l(printfa.o)
    0x08007060   0x00000024   Code   RO         6553    i.__0vsprintf       mc_w.l(printfa.o)
    0x08007084   0x0000000e   Code   RO         6627    i.__scatterload_copy  mc_w.l(handlers.o)
    0x08007092   0x00000002   Code   RO         6628    i.__scatterload_null  mc_w.l(handlers.o)
    0x08007094   0x0000000e   Code   RO         6629    i.__scatterload_zeroinit  mc_w.l(handlers.o)
    0x080070a2   0x00000002   PAD
    0x080070a4   0x00000184   Code   RO         6554    i._fp_digits        mc_w.l(printfa.o)
    0x08007228   0x000006dc   Code   RO         6555    i._printf_core      mc_w.l(printfa.o)
    0x08007904   0x00000024   Code   RO         6556    i._printf_post_padding  mc_w.l(printfa.o)
    0x08007928   0x0000002e   Code   RO         6557    i._printf_pre_padding  mc_w.l(printfa.o)
    0x08007956   0x0000000a   Code   RO         6559    i._sputc            mc_w.l(printfa.o)
    0x08007960   0x00000034   Code   RO         3965    i.btim_tim2_enable  btim.o
    0x08007994   0x0000002c   Code   RO         3966    i.btim_tim2_int_init  btim.o
    0x080079c0   0x0000002c   Code   RO         3970    i.btim_tim5_int_init  btim.o
    0x080079ec   0x0000002c   Code   RO         3974    i.btim_tim9_int_init  btim.o
    0x08007a18   0x0000000c   Code   RO         3976    i.btim_timx_counterset  btim.o
    0x08007a24   0x00000034   Code   RO         3977    i.btim_timx_enable  btim.o
    0x08007a58   0x0000002c   Code   RO         3978    i.btim_timx_int_init  btim.o
    0x08007a84   0x00000044   Code   RO          383    i.delay_init        delay.o
    0x08007ac8   0x00000040   Code   RO          384    i.delay_ms          delay.o
    0x08007b08   0x00000048   Code   RO          385    i.delay_us          delay.o
    0x08007b50   0x0000001c   Code   RO          534    i.fputc             usart.o
    0x08007b6c   0x000001a0   Code   RO         5508    i.init              pbft_main.o
    0x08007d0c   0x000000e4   Code   RO           10    i.init_public_key   main.o
    0x08007df0   0x00000034   Code   RO         5409    i.lora_check_cmd    mw1268_uart.o
    0x08007e24   0x00000080   Code   RO         5410    i.lora_send_cmd     mw1268_uart.o
    0x08007ea4   0x0000004c   Code   RO           11    i.main              main.o
    0x08007ef0   0x00000044   Code   RO           12    i.my_RNG            main.o
    0x08007f34   0x00000550   Code   RO         5509    i.pbft              pbft_main.o
    0x08008484   0x00000098   Code   RO         4662    i.prvAddCurrentTaskToDelayedList  tasks.o
    0x0800851c   0x000000b8   Code   RO         4663    i.prvAddNewTaskToReadyList  tasks.o
    0x080085d4   0x00000064   Code   RO         5038    i.prvCheckForValidListAndQueue  timers.o
    0x08008638   0x00000064   Code   RO         4664    i.prvCheckTasksWaitingTermination  tasks.o
    0x0800869c   0x0000002a   Code   RO         4414    i.prvCopyDataFromQueue  queue.o
    0x080086c6   0x0000007c   Code   RO         4415    i.prvCopyDataToQueue  queue.o
    0x08008742   0x00000012   Code   RO         4665    i.prvDeleteTCB      tasks.o
    0x08008754   0x00000028   Code   RO         5039    i.prvGetNextExpireTime  timers.o
    0x0800877c   0x0000007c   Code   RO         5269    i.prvHeapInit       heap_4.o
    0x080087f8   0x00000028   Code   RO         4666    i.prvIdleTask       tasks.o
    0x08008820   0x0000002e   Code   RO         4417    i.prvInitialiseNewQueue  queue.o
    0x0800884e   0x00000002   PAD
    0x08008850   0x000000d0   Code   RO         4667    i.prvInitialiseNewTask  tasks.o
    0x08008920   0x00000068   Code   RO         4668    i.prvInitialiseTaskLists  tasks.o
    0x08008988   0x00000068   Code   RO         5270    i.prvInsertBlockIntoFreeList  heap_4.o
    0x080089f0   0x00000058   Code   RO         5041    i.prvInsertTimerInActiveList  timers.o
    0x08008a48   0x0000001a   Code   RO         4418    i.prvIsQueueEmpty   queue.o
    0x08008a62   0x0000001e   Code   RO         4419    i.prvIsQueueFull    queue.o
    0x08008a80   0x000000a0   Code   RO         4420    i.prvNotifyQueueSetContainer  queue.o
    0x08008b20   0x00000080   Code   RO         5042    i.prvProcessExpiredTimer  timers.o
    0x08008ba0   0x0000012c   Code   RO         5043    i.prvProcessReceivedCommands  timers.o
    0x08008ccc   0x00000074   Code   RO         5044    i.prvProcessTimerOrBlockTask  timers.o
    0x08008d40   0x00000034   Code   RO         4670    i.prvResetNextTaskUnblockTime  tasks.o
    0x08008d74   0x0000002c   Code   RO         5045    i.prvSampleTimeNow  timers.o
    0x08008da0   0x000000bc   Code   RO         5046    i.prvSwitchTimerLists  timers.o
    0x08008e5c   0x0000007c   Code   RO         5181    i.prvTaskExitError  port.o
    0x08008ed8   0x0000001a   Code   RO         5047    i.prvTimerTask      timers.o
    0x08008ef2   0x00000092   Code   RO         4421    i.prvUnlockQueue    queue.o
    0x08008f84   0x00000154   Code   RO         5271    i.pvPortMalloc      heap_4.o
    0x080090d8   0x00000020   Code   RO         4674    i.pvTaskIncrementMutexHeldCount  tasks.o
    0x080090f8   0x0000002c   Code   RO         5182    i.pxPortInitialiseStack  port.o
    0x08009124   0x00000032   Code   RO         5715    i.sha2              sha2.o
    0x08009156   0x00000002   PAD
    0x08009158   0x00000134   Code   RO         5717    i.sha2_finish       sha2.o
    0x0800928c   0x0000345c   Code   RO         5722    i.sha2_process      sha2.o
    0x0800c6e8   0x00000090   Code   RO         5723    i.sha2_starts       sha2.o
    0x0800c778   0x00000080   Code   RO         5724    i.sha2_update       sha2.o
    0x0800c7f8   0x00000084   Code   RO         5510    i.sign_data         pbft_main.o
    0x0800c87c   0x00000044   Code   RO           17    i.start_task        main.o
    0x0800c8c0   0x00000002   Code   RO         5511    i.test_finish       pbft_main.o
    0x0800c8c2   0x00000002   PAD
    0x0800c8c4   0x00000008   Code   RO         5854    i.uECC_secp192r1    uecc.o
    0x0800c8cc   0x0000000c   Code   RO         5858    i.uECC_set_rng      uecc.o
    0x0800c8d8   0x0000005a   Code   RO         5860    i.uECC_sign         uecc.o
    0x0800c932   0x000002d0   Code   RO         5863    i.uECC_verify       uecc.o
    0x0800cc02   0x00000002   PAD
    0x0800cc04   0x000000c0   Code   RO         4153    i.usart3_bpsset     usart3.o
    0x0800ccc4   0x00000078   Code   RO         4154    i.usart3_gpioinit   usart3.o
    0x0800cd3c   0x00000068   Code   RO         4155    i.usart3_init       usart3.o
    0x0800cda4   0x00000044   Code   RO         4156    i.usart3_rx         usart3.o
    0x0800cde8   0x0000003c   Code   RO         4157    i.usart3_sendData   usart3.o
    0x0800ce24   0x00000028   Code   RO         4365    i.uxListRemove      list.o
    0x0800ce4c   0x0000001a   Code   RO         4366    i.vListInitialise   list.o
    0x0800ce66   0x00000006   Code   RO         4367    i.vListInitialiseItem  list.o
    0x0800ce6c   0x00000034   Code   RO         4368    i.vListInsert       list.o
    0x0800cea0   0x00000018   Code   RO         4369    i.vListInsertEnd    list.o
    0x0800ceb8   0x00000090   Code   RO         5184    i.vPortEnterCritical  port.o
    0x0800cf48   0x00000074   Code   RO         5185    i.vPortExitCritical  port.o
    0x0800cfbc   0x000000b8   Code   RO         5272    i.vPortFree         heap_4.o
    0x0800d074   0x00000020   Code   RO         5186    i.vPortSetupTimerInterrupt  port.o
    0x0800d094   0x000000a4   Code   RO         5187    i.vPortValidateInterruptPriority  port.o
    0x0800d138   0x0000002c   Code   RO         4427    i.vQueueAddToRegistry  queue.o
    0x0800d164   0x0000004a   Code   RO         4431    i.vQueueWaitForMessageRestricted  queue.o
    0x0800d1ae   0x00000002   PAD
    0x0800d1b0   0x00000074   Code   RO         4682    i.vTaskDelay        tasks.o
    0x0800d224   0x0000010c   Code   RO         4684    i.vTaskDelete       tasks.o
    0x0800d330   0x0000000c   Code   RO         4688    i.vTaskMissedYield  tasks.o
    0x0800d33c   0x00000054   Code   RO         4690    i.vTaskPlaceOnEventList  tasks.o
    0x0800d390   0x0000005c   Code   RO         4691    i.vTaskPlaceOnEventListRestricted  tasks.o
    0x0800d3ec   0x000000b0   Code   RO         4693    i.vTaskPriorityInherit  tasks.o
    0x0800d49c   0x0000004c   Code   RO         4697    i.vTaskSetTimeOutState  tasks.o
    0x0800d4e8   0x000000b0   Code   RO         4698    i.vTaskStartScheduler  tasks.o
    0x0800d598   0x00000010   Code   RO         4700    i.vTaskSuspendAll   tasks.o
    0x0800d5a8   0x000000a8   Code   RO         4701    i.vTaskSwitchContext  tasks.o
    0x0800d650   0x00000118   Code   RO         5188    i.xPortStartScheduler  port.o
    0x0800d768   0x00000038   Code   RO         5189    i.xPortSysTickHandler  port.o
    0x0800d7a0   0x00000074   Code   RO         4436    i.xQueueGenericCreate  queue.o
    0x0800d814   0x000001c8   Code   RO         4437    i.xQueueGenericReceive  queue.o
    0x0800d9dc   0x000000b0   Code   RO         4438    i.xQueueGenericReset  queue.o
    0x0800da8c   0x000001c4   Code   RO         4439    i.xQueueGenericSend  queue.o
    0x0800dc50   0x00000114   Code   RO         4440    i.xQueueGenericSendFromISR  queue.o
    0x0800dd64   0x000000a0   Code   RO         4702    i.xTaskCheckForTimeOut  tasks.o
    0x0800de04   0x00000060   Code   RO         4703    i.xTaskCreate       tasks.o
    0x0800de64   0x00000020   Code   RO         4707    i.xTaskGetSchedulerState  tasks.o
    0x0800de84   0x0000000c   Code   RO         4708    i.xTaskGetTickCount  tasks.o
    0x0800de90   0x00000160   Code   RO         4710    i.xTaskIncrementTick  tasks.o
    0x0800dff0   0x000000d8   Code   RO         4713    i.xTaskPriorityDisinherit  tasks.o
    0x0800e0c8   0x000000b4   Code   RO         4714    i.xTaskRemoveFromEventList  tasks.o
    0x0800e17c   0x00000120   Code   RO         4716    i.xTaskResumeAll    tasks.o
    0x0800e29c   0x00000074   Code   RO         5051    i.xTimerCreateTimerTask  timers.o
    0x0800e310   0x000000a4   Code   RO         5052    i.xTimerGenericCommand  timers.o
    0x0800e3b4   0x00000018   Data   RO         5441    .constdata          system_stm32f7xx.o
    0x0800e3cc   0x00000040   Data   RO         5725    .constdata          sha2.o
    0x0800e40c   0x00000394   Data   RO         5939    .constdata          uecc.o
    0x0800e7a0   0x00000020   Data   RO         6625    Region$$Table       anon$$obj.o


    Execution Region RW_IRAM1 (Base: 0x20020000, Size: 0x00012b88, Max: 0x00060000, ABSOLUTE, COMPRESSED[0x00000b64])

    Base Addr    Size         Type   Attr      Idx    E Section Name        Object

    0x20020000   0x00001208   Data   RW           20    .data               main.o
    0x20021208   0x00000006   Data   RW          387    .data               delay.o
    0x2002120e   0x00000002   PAD
    0x20021210   0x00000007   Data   RW          537    .data               usart.o
    0x20021217   0x00000001   PAD
    0x20021218   0x00000009   Data   RW          628    .data               stm32f7xx_hal.o
    0x20021221   0x00000003   Data   RW         3877    .data               led.o
    0x20021224   0x00000014   Data   RW         3980    .data               btim.o
    0x20021238   0x00000008   Data   RW         4159    .data               usart3.o
    0x20021240   0x0000003c   Data   RW         4719    .data               tasks.o
    0x2002127c   0x00000014   Data   RW         5060    .data               timers.o
    0x20021290   0x0000000c   Data   RW         5190    .data               port.o
    0x2002129c   0x00000018   Data   RW         5277    .data               heap_4.o
    0x200212b4   0x00000016   Data   RW         5339    .data               mw1268_app.o
    0x200212ca   0x00000002   PAD
    0x200212cc   0x00000004   Data   RW         5442    .data               system_stm32f7xx.o
    0x200212d0   0x00000072   Data   RW         5513    .data               pbft_main.o
    0x20021342   0x00000002   PAD
    0x20021344   0x00000004   Data   RW         5940    .data               uecc.o
    0x20021348   0x00000660   Zero   RW           19    .bss                main.o
    0x200219a8   0x00000150   Zero   RW          536    .bss                usart.o
    0x20021af8   0x00000010   Zero   RW         3910    .bss                rng.o
    0x20021b08   0x0000017c   Zero   RW         3979    .bss                btim.o
    0x20021c84   0x00000888   Zero   RW         4158    .bss                usart3.o
    0x2002250c   0x00000040   Zero   RW         4451    .bss                queue.o
    0x2002254c   0x000002e4   Zero   RW         4718    .bss                tasks.o
    0x20022830   0x00000028   Zero   RW         5059    .bss                timers.o
    0x20022858   0x0000b800   Zero   RW         5276    .bss                heap_4.o
    0x2002e058   0x00000366   Zero   RW         5338    .bss                mw1268_app.o
    0x2002e3be   0x00000002   PAD
    0x2002e3c0   0x000037c8   Zero   RW         5512    .bss                pbft_main.o
    0x20031b88   0x00001000   Zero   RW          587    STACK               startup_stm32f767xx.o


==============================================================================

Image component sizes


      Code (inc. data)   RO Data    RW Data    ZI Data      Debug   Object Name

      1068        164          0         20        380      10110   btim.o
       224         18          0          6          0       2469   delay.o
         0          0          0          0          0      11736   event_groups.o
       752        176          0         24      47104       3903   heap_4.o
        88          8          0          3          0       1121   led.o
       148          0          0          0          0       3150   list.o
       976         88          0       4616       1632     935694   main.o
      4612        726          0         22        870      11689   mw1268_app.o
       180         26          0          0          0       1765   mw1268_uart.o
      6842        932          0        114      14280      31578   pbft_main.o
      1146        410          0         12          0      10693   port.o
      2168        238          0          0         64      15661   queue.o
       156         22          0          0         16       2789   rng.o
     14034        328         64          0          0       6285   sha2.o
        36          8        504          0       4096        820   startup_stm32f767xx.o
       162         30          0          9          0       9015   stm32f7xx_hal.o
       566         44          0          0          0      39169   stm32f7xx_hal_cortex.o
       212          0          0          0          0       1963   stm32f7xx_hal_dma.o
       552         52          0          0          0       2803   stm32f7xx_hal_gpio.o
         2          0          0          0          0        735   stm32f7xx_hal_msp.o
       144          8          0          0          0       1264   stm32f7xx_hal_pwr_ex.o
      1956         74          0          0          0       5576   stm32f7xx_hal_rcc.o
       210          0          0          0          0       2640   stm32f7xx_hal_rng.o
       954         80          0          0          0       5951   stm32f7xx_hal_tim.o
         6          0          0          0          0       2180   stm32f7xx_hal_tim_ex.o
      3526         86          0          0          0      16573   stm32f7xx_hal_uart.o
        20          0          0          0          0       2653   stm32f7xx_it.o
        16          0          0          0          0        835   sys.o
        20          6         24          4          0       1355   system_stm32f7xx.o
      3410        878          0         60        740      29223   tasks.o
      1310        312          0         20         40       8707   timers.o
      7386         76        916          4          0      51922   uecc.o
       244         36          0          7        336       3654   usart.o
       668         74          0          8       2184       5070   usart3.o

    ----------------------------------------------------------------------
     53832       4900       1540       4936      71744    1240751   Object Totals
         0          0         32          0          0          0   (incl. Generated)
        38          0          0          7          2          0   (incl. Padding)

    ----------------------------------------------------------------------

      Code (inc. data)   RO Data    RW Data    ZI Data      Debug   Library Member Name

        94          0          0          0          0          0   __dclz77c.o
         0          0          0          0          0          0   entry.o
         0          0          0          0          0          0   entry10a.o
         0          0          0          0          0          0   entry11a.o
         8          4          0          0          0          0   entry2.o
         4          0          0          0          0          0   entry5.o
         0          0          0          0          0          0   entry7b.o
         0          0          0          0          0          0   entry8b.o
         8          4          0          0          0          0   entry9a.o
        30          0          0          0          0          0   handlers.o
        36          8          0          0          0         68   init.o
         0          0          0          0          0          0   iusefp.o
        30          0          0          0          0         68   llshl.o
        36          0          0          0          0         68   llsshr.o
        32          0          0          0          0         68   llushr.o
        36          0          0          0          0         68   memcpya.o
        36          0          0          0          0        108   memseta.o
      2344        102          0          0          0        684   printfa.o
        14          0          0          0          0         68   strlen.o
        36          0          0          0          0         80   strstr.o
        44          0          0          0          0         80   uidiv.o
        98          0          0          0          0         92   uldiv.o
        48          0          0          0          0         68   cdrcmple.o
       334          0          0          0          0        148   dadd.o
       222          0          0          0          0        100   ddiv.o
       186          0          0          0          0        176   depilogue.o
        48          0          0          0          0         68   dfixul.o
       228          0          0          0          0         96   dmul.o

    ----------------------------------------------------------------------
      3956        118          0          0          0       2108   Library Totals
         4          0          0          0          0          0   (incl. Padding)

    ----------------------------------------------------------------------

      Code (inc. data)   RO Data    RW Data    ZI Data      Debug   Library Name

      2886        118          0          0          0       1452   mc_w.l
      1066          0          0          0          0        656   mf_w.l

    ----------------------------------------------------------------------
      3956        118          0          0          0       2108   Library Totals

    ----------------------------------------------------------------------

==============================================================================


      Code (inc. data)   RO Data    RW Data    ZI Data      Debug   

     57788       5018       1540       4936      71744    1214351   Grand Totals
     57788       5018       1540       2916      71744    1214351   ELF Image Totals (compressed)
     57788       5018       1540       2916          0          0   ROM Totals

==============================================================================

    Total RO  Size (Code + RO Data)                59328 (  57.94kB)
    Total RW  Size (RW Data + ZI Data)             76680 (  74.88kB)
    Total ROM Size (Code + RO Data + RW Data)      62244 (  60.79kB)

==============================================================================

