<html>
<body>
<pre>
<h1>礦ision Build Log</h1>
<h2>Tool Versions:</h2>
IDE-Version: μVision V5.21.1.0
Copyright (C) 2016 ARM Ltd and ARM Germany GmbH. All rights reserved.
License Information: Liu Shuo, SDU, LIC=JL263-AYELA-UGV7Q-NKX7S-NN00S-8ZAYN
 
Tool Versions:
Toolchain:       MDK-ARM Plus  Version: 5.21a
Toolchain Path:  E:\keil\ARM\ARMCC\Bin
C Compiler:      Armcc.exe V5.06 update 3 (build 300)
Assembler:       Armasm.exe V5.06 update 3 (build 300)
Linker/Locator:  ArmLink.exe V5.06 update 3 (build 300)
Library Manager: ArmAr.exe V5.06 update 3 (build 300)
Hex Converter:   FromElf.exe V5.06 update 3 (build 300)
CPU DLL:         SARMCM3.DLL V5.21a
Dialog DLL:      DCM.DLL V1.13.8.0
Target DLL:      STLink\ST-LINKIII-KEIL_SWO.dll V2.0.18.0
Dialog DLL:      TCM.DLL V1.14.14.0
 
<h2>Project:</h2>
G:\桌面\FreeRTOS-TDMA-PBFT-ACK\USER\FreeRTOS-TDMA-PBFT.uvprojx
Project File Date:  08/01/2023

<h2>Output:</h2>
*** Using Compiler 'V5.06 update 3 (build 300)', folder: 'E:\keil\ARM\ARMCC\Bin'
Build target 'Target 1'
compiling pbft_main.c...
..\APPLICATION\pbft.h(82): warning:  #1295-D: Deprecated declaration pbft - give arg types
  void pbft();
..\APPLICATION\pbft.h(84): warning:  #1-D: last line of file ends without a newline
  #endif
..\APPLICATION\pbft_main.c(90): warning:  #1295-D: Deprecated declaration Propose - give arg types
  void Propose();
..\APPLICATION\pbft_main.c(91): warning:  #1295-D: Deprecated declaration Send_ACK - give arg types
  void Send_ACK();
..\APPLICATION\pbft_main.c(92): warning:  #1295-D: Deprecated declaration ACK_phase - give arg types
  void ACK_phase();
..\APPLICATION\pbft_main.c(95): warning:  #223-D: function "LoRa_Init" declared implicitly
  	while(LoRa_Init())//??始化LORA模??
..\APPLICATION\pbft_main.c(106): warning:  #223-D: function "LoRa_Set" declared implicitly
  	LoRa_Set();
..\APPLICATION\pbft_main.c(149): warning:  #223-D: function "RNG_Get_RandomRange" declared implicitly
  	if(RNG_Get_RandomRange(2,101) <= DONE_THRES){
..\APPLICATION\pbft_main.c(150): warning:  #223-D: function "usart3_rx" declared implicitly
  		usart3_rx(0);
..\APPLICATION\pbft_main.c(152): warning:  #223-D: function "usart3_rx" declared implicitly
  		usart3_rx(1);
..\APPLICATION\pbft_main.c(158): warning:  #223-D: function "btim_tim2_enable" declared implicitly
  	btim_tim2_enable(ENABLE);
..\APPLICATION\pbft_main.c(170): warning:  #223-D: function "GPIO_Pin_Set" declared implicitly
  	
ED0(1);LED1(1);LED2(1); 
..\APPLICATION\pbft_main.c(172): warning:  #223-D: function "init_public_key" declared implicitly
  	init_public_key(); 
..\APPLICATION\pbft_main.c(163): warning:  #177-D: variable "before_delay" was declared but never referenced
  	u16 before_delay = (id)*slot; 
..\APPLICATION\pbft_main.c(164): warning:  #177-D: variable "after_delay" was declared but never referenced
  	u16 after_delay = (N-id)*slot;
..\APPLICATION\pbft_main.c(180): warning:  #177-D: variable "hash" was declared but never referenced
  	uint8_t hash[32] = {0};
..\APPLICATION\pbft_main.c(181): warning:  #177-D: variable "sig" was declared but never referenced
      uint8_t sig[64] = {0};
..\APPLICATION\pbft_main.c(370): warning:  #223-D: function "LoRa_SendData" declared implicitly
  					LoRa_SendData(Send_Data_buff);// id 0 "Hello LoRa"
..\APPLICATION\pbft_main.c(392): warning:  #223-D: function "RNG_Get_RandomNum" declared implicitly
  		seed = RNG_Get_RandomNum();
..\APPLICATION\pbft_main.c(466): warning:  #223-D: function "LoRa_SendData" declared implicitly
  		LoRa_SendData(Send_Data_buff);// id 0 "Hello LoRa"
..\APPLICATION\pbft_main.c(498): warning:  #223-D: function "LoRa_SendData" declared implicitly
  	LoRa_SendData(Send_Data_buff);// id 0 "Hello LoRa"1
..\APPLICATION\pbft_main.c(525): warning:  #223-D: function "LoRa_SendData" declared implicitly
  	LoRa_SendData(Send_Data_buff);// id 0 "Hello LoRa"1
..\APPLICATION\pbft_main.c(559): warning:  #223-D: function "LoRa_SendData" declared implicitly
  	LoRa_SendData(Send_Data_buff);// id 0 "Hello LoRa"
..\APPLICATION\pbft_main.c(565): warning:  #223-D: function "LoRa_Set" declared implicitly
  	LoRa_Set();
..\APPLICATION\pbft_main.c(571): warning:  #223-D: function "LoRa_SendData" declared implicitly
  	LoRa_SendData(Send_Data_buff);
..\APPLICATION\pbft_main.c: 25 warnings, 0 errors
linking...
Program Size: Code=51316 RO-data=1540 RW-data=4024 ZI-data=83000  
"..\OBJ\FreeRTOS-TDMA-PBFT.axf" - 0 Error(s), 25 Warning(s).

<h2>Collection of Component include folders:</h2>
  G:\桌面\FreeRTOS-TDMA-PBFT-ACK\USER\RTE
  E:\keil\ARM\PACK\Keil\STM32F7xx_DFP\2.7.0\Drivers\CMSIS\Device\ST\STM32F7xx\Include

<h2>Collection of Component Files used:</h2>
Build Time Elapsed:  00:00:11
</pre>
</body>
</html>
