<html>
<body>
<pre>
<h1>礦ision Build Log</h1>
<h2>Tool Versions:</h2>
IDE-Version: μVision V5.21.1.0
Copyright (C) 2016 ARM Ltd and ARM Germany GmbH. All rights reserved.
License Information: Liu Shuo, SDU, LIC=JL263-AYELA-UGV7Q-NKX7S-NN00S-8ZAYN
 
Tool Versions:
Toolchain:       MDK-ARM Plus  Version: 5.21a
Toolchain Path:  E:\keil\ARM\ARMCC\Bin
C Compiler:      Armcc.exe V5.06 update 3 (build 300)
Assembler:       Armasm.exe V5.06 update 3 (build 300)
Linker/Locator:  ArmLink.exe V5.06 update 3 (build 300)
Library Manager: ArmAr.exe V5.06 update 3 (build 300)
Hex Converter:   FromElf.exe V5.06 update 3 (build 300)
CPU DLL:         SARMCM3.DLL V5.21a
Dialog DLL:      DCM.DLL V1.13.8.0
Target DLL:      STLink\ST-LINKIII-KEIL_SWO.dll V2.0.18.0
Dialog DLL:      TCM.DLL V1.14.14.0
 
<h2>Project:</h2>
G:\桌面\Multi-FreeRTOS-TDMA-HotStuff-NACK\USER\Multi-FreeRTOS-TDMA-HotStuff-NACK.uvprojx
Project File Date:  09/29/2023

<h2>Output:</h2>
*** Using Compiler 'V5.06 update 3 (build 300)', folder: 'E:\keil\ARM\ARMCC\Bin'
Build target 'Target 1'
compiling hotstuff_main.c...
..\APPLICATION\hotstuff.h(270): warning:  #1295-D: Deprecated declaration hotstuff - give arg types
  void hotstuff();
..\APPLICATION\hotstuff.h(272): warning:  #1-D: last line of file ends without a newline
  #endif
..\APPLICATION\hotstuff_main.c(119): warning:  #1295-D: Deprecated declaration Send_Sig - give arg types
  void Send_Sig();
..\APPLICATION\hotstuff_main.c(122): warning:  #1295-D: Deprecated declaration Global_Send_Ready - give arg types
  void Global_Send_Ready();
..\APPLICATION\hotstuff_main.c(123): warning:  #1295-D: Deprecated declaration Global_Start - give arg types
  void Global_Start();
..\APPLICATION\hotstuff_main.c(124): warning:  #1295-D: Deprecated declaration Global_ACK_phase - give arg types
  void Global_ACK_phase();
..\APPLICATION\hotstuff_main.c(125): warning:  #1295-D: Deprecated declaration Global_Go_ACK - give arg types
  void Global_Go_ACK();
..\APPLICATION\hotstuff_main.c(126): warning:  #1295-D: Deprecated declaration Global_Start_TIMER - give arg types
  void Global_Start_TIMER();
..\APPLICATION\hotstuff_main.c(127): warning:  #1295-D: Deprecated declaration Global_TIMER - give arg types
  void Global_TIMER();
..\APPLICATION\hotstuff_main.c(128): warning:  #1295-D: Deprecated declaration Global_New_Proposal - give arg types
  void Global_New_Proposal();
..\APPLICATION\hotstuff_main.c(129): warning:  #1295-D: Deprecated declaration Global_Propose - give arg types
  void Global_Propose();
..\APPLICATION\hotstuff_main.c(130): warning:  #1295-D: Deprecated declaration Global_NACK_phase - give arg types
  void Global_NACK_phase();
..\APPLICATION\hotstuff_main.c(247): warning:  #1295-D: Deprecated declaration Propose - give arg types
  void Propose();
..\APPLICATION\hotstuff_main.c(248): warning:  #1295-D: Deprecated declaration Go_ACK - give arg types
  void Go_ACK();
..\APPLICATION\hotstuff_main.c(249): warning:  #1295-D: Deprecated declaration Start_TIMER - give arg types
  void Start_TIMER();
..\APPLICATION\hotstuff_main.c(250): warning:  #1295-D: Deprecated declaration Sleep_Random - give arg types
  void Sleep_Random();
..\APPLICATION\hotstuff_main.c(251): warning:  #1295-D: Deprecated declaration NACK_phase - give arg types
  void NACK_phase();
..\APPLICATION\hotstuff_main.c(258): warning:  #223-D: function "LoRa_Init" declared implicitly
  	while(LoRa_Init())//??始化LORA模??
..\APPLICATION\hotstuff_main.c(269): warning:  #223-D: function "LoRa_Set" declared implicitly
  	LoRa_Set();
..\APPLICATION\hotstuff_main.c(383): warning:  #223-D: function "RNG_Get_RandomRange" declared implicitly
  	if(RNG_Get_RandomRange(2,101) <= DONE_THRES){
..\APPLICATION\hotstuff_main.c(384): warning:  #223-D: function "usart3_rx" declared implicitly
  		usart3_rx(0);
..\APPLICATION\hotstuff_main.c(386): warning:  #223-D: function "usart3_rx" declared implicitly
  		usart3_rx(1);
..\APPLICATION\hotstuff_main.c(397): warning:  #223-D: function "LoRa_Set" declared implicitly
  	LoRa_Set();
..\APPLICATION\hotstuff_main.c(400): warning:  #223-D: function "btim_tim2_enable" declared implicitly
  	btim_tim2_enable(ENABLE);
..\APPLICATION\hotstuff_main.c(414): warning:  #223-D: function "GPIO_Pin_Set" declared implicitly
  	
ED0(1);LED1(1);LED2(1);
..\APPLICATION\hotstuff_main.c(416): warning:  #223-D: function "init_public_key" declared implicitly
  	init_public_key();
..\APPLICATION\hotstuff_main.c(661): warning:  #177-D: variable "tmp_ACK" was declared but never referenced
  		u8 tmp_ACK=0;
..\APPLICATION\hotstuff_main.c(577): warning:  #550-D: variable "decide_flag" was set but never used
  	u8 decide_flag = 1;
..\APPLICATION\hotstuff_main.c(892): warning:  #223-D: function "LoRa_SendData" declared implicitly
  					LoRa_SendData(Send_Data_buff);// id 0 "Hello LoRa"
..\APPLICATION\hotstuff_main.c(914): warning:  #223-D: function "RNG_Get_RandomNum" declared implicitly
  		seed = RNG_Get_RandomNum();
..\APPLICATION\hotstuff_main.c(993): warning:  #223-D: function "LoRa_SendData" declared implicitly
  		LoRa_SendData(Send_Data_buff);// id 0 "Hello LoRa"
..\APPLICATION\hotstuff_main.c(1002): warning:  #223-D: function "LoRa_Set" declared implicitly
  	LoRa_Set();
..\APPLICATION\hotstuff_main.c(1008): warning:  #223-D: function "LoRa_SendData" declared implicitly
  	LoRa_SendData(Send_Data_buff);
..\APPLICATION\hotstuff_main.c(1014): warning:  #223-D: function "RNG_Get_RandomRange" declared implicitly
  	u32 random = RNG_Get_RandomRange(1,N);
..\APPLICATION\hotstuff_main.c(1182): warning:  #223-D: function "LoRa_SendData" declared implicitly
  		LoRa_SendData(Send_Data_buff);// id 0 "Hello LoRa"1
..\APPLICATION\hotstuff_main.c(1205): warning:  #223-D: function "LoRa_SendData" declared implicitly
  		LoRa_SendData(Send_Data_buff);// id 0 "Hello LoRa"1
..\APPLICATION\hotstuff_main.c(1275): warning:  #223-D: function "LoRa_SendData" declared implicitly
  	LoRa_SendData(Send_Data_buff);// id 0 "Hello LoRa"1
..\APPLICATION\hotstuff_main.c(1313): warning:  #223-D: function "LoRa_SendData" declared implicitly
  		LoRa_SendData(Send_Data_buff);// id 0 "Hello LoRa"1
..\APPLICATION\hotstuff_main.c(1342): warning:  #223-D: function "LoRa_SendData" declared implicitly
  	LoRa_SendData(Send_Data_buff);
..\APPLICATION\hotstuff_main.c(1371): warning:  #223-D: function "LoRa_SendData" declared implicitly
  	LoRa_SendData(Send_Data_buff);
..\APPLICATION\hotstuff_main.c(1401): warning:  #223-D: function "LoRa_SendData" declared implicitly
  	LoRa_SendData(Send_Data_buff);// id 0 "Hello LoRa"1	
..\APPLICATION\hotstuff_main.c(1428): warning:  #223-D: function "LoRa_SendData" declared implicitly
  	LoRa_SendData(Send_Data_buff);// id 0 "Hello LoRa"1	
..\APPLICATION\hotstuff_main.c(1466): warning:  #223-D: function "LoRa_SendData" declared implicitly
  		LoRa_SendData(Send_Data_buff);// id 0 "Hello LoRa"1
..\APPLICATION\hotstuff_main.c(1511): warning:  #223-D: function "LoRa_SendData" declared implicitly
  		LoRa_SendData(Send_Data_buff);// id 0 "Hello LoRa"1
..\APPLICATION\hotstuff_main.c(1534): warning:  #223-D: function "LoRa_SendData" declared implicitly
  		LoRa_SendData(Send_Data_buff);// id 0 "Hello LoRa"1
..\APPLICATION\hotstuff_main.c(1609): warning:  #223-D: function "RNG_Get_RandomNum" declared implicitly
  		seed = RNG_Get_RandomNum();
..\APPLICATION\hotstuff_main.c(1607): warning:  #177-D: variable "seed_u8" was declared but never referenced
  	u8 seed_u8[4];
..\APPLICATION\hotstuff_main.c(1662): warning:  #223-D: function "LoRa_SendData" declared implicitly
  	LoRa_SendData(Send_Data_buff);// id 0 "Hello LoRa"1
..\APPLICATION\hotstuff_main.c(1688): warning:  #223-D: function "LoRa_SendData" declared implicitly
  	LoRa_SendData(Send_Data_buff);// id 0 "Hello LoRa"1
..\APPLICATION\hotstuff_main.c(1726): warning:  #223-D: function "LoRa_SendData" declared implicitly
  		LoRa_SendData(Send_Data_buff);// id 0 "Hello LoRa"1
..\APPLICATION\hotstuff_main.c(1758): warning:  #223-D: function "LoRa_SendData" declared implicitly
  	LoRa_SendData(Send_Data_buff);
..\APPLICATION\hotstuff_main.c(1787): warning:  #223-D: function "LoRa_SendData" declared implicitly
  	LoRa_SendData(Send_Data_buff);
..\APPLICATION\hotstuff_main.c: 52 warnings, 0 errors
linking...
Program Size: Code=67592 RO-data=1540 RW-data=4984 ZI-data=85248  
".\Objects\Multi-FreeRTOS-TDMA-HotStuff-NACK.axf" - 0 Error(s), 52 Warning(s).

<h2>Collection of Component include folders:</h2>
  G:\桌面\Multi-FreeRTOS-TDMA-HotStuff-NACK\USER\RTE
  E:\keil\ARM\PACK\Keil\STM32F7xx_DFP\2.7.0\Drivers\CMSIS\Device\ST\STM32F7xx\Include

<h2>Collection of Component Files used:</h2>
Build Time Elapsed:  00:00:11
</pre>
</body>
</html>
