<html>
<body>
<pre>
<h1>礦ision Build Log</h1>
<h2>Tool Versions:</h2>
IDE-Version: μVision V5.21.1.0
Copyright (C) 2016 ARM Ltd and ARM Germany GmbH. All rights reserved.
License Information: Liu Shuo, SDU, LIC=JL263-AYELA-UGV7Q-NKX7S-NN00S-8ZAYN
 
Tool Versions:
Toolchain:       MDK-ARM Plus  Version: 5.21a
Toolchain Path:  E:\keil\ARM\ARMCC\Bin
C Compiler:      Armcc.exe V5.06 update 3 (build 300)
Assembler:       Armasm.exe V5.06 update 3 (build 300)
Linker/Locator:  ArmLink.exe V5.06 update 3 (build 300)
Library Manager: ArmAr.exe V5.06 update 3 (build 300)
Hex Converter:   FromElf.exe V5.06 update 3 (build 300)
CPU DLL:         SARMCM3.DLL V5.21a
Dialog DLL:      DCM.DLL V1.13.8.0
Target DLL:      STLink\ST-LINKIII-KEIL_SWO.dll V2.0.18.0
Dialog DLL:      TCM.DLL V1.14.14.0
 
<h2>Project:</h2>
G:\桌面\Multi-FreeRTOS-NCU-Tendermint2\USER\Multi-FreeRTOS-NCU-Tendermint2.uvprojx
Project File Date:  09/30/2023

<h2>Output:</h2>
*** Using Compiler 'V5.06 update 3 (build 300)', folder: 'E:\keil\ARM\ARMCC\Bin'
Build target 'Target 1'
compiling tendermint2.c...
..\APPLICATION\tendermint2.h(199): warning:  #1295-D: Deprecated declaration tendermint2 - give arg types
  void tendermint2();
..\APPLICATION\tendermint2.c(101): warning:  #1295-D: Deprecated declaration Send_Sig - give arg types
  void Send_Sig();
..\APPLICATION\tendermint2.c(104): warning:  #1295-D: Deprecated declaration Global_Send_Ready - give arg types
  void Global_Send_Ready();
..\APPLICATION\tendermint2.c(105): warning:  #1295-D: Deprecated declaration Global_Start - give arg types
  void Global_Start();
..\APPLICATION\tendermint2.c(106): warning:  #1295-D: Deprecated declaration Global_ACK_phase - give arg types
  void Global_ACK_phase();
..\APPLICATION\tendermint2.c(107): warning:  #1295-D: Deprecated declaration Global_Go_ACK - give arg types
  void Global_Go_ACK();
..\APPLICATION\tendermint2.c(108): warning:  #1295-D: Deprecated declaration Global_TIMER - give arg types
  void Global_TIMER();
..\APPLICATION\tendermint2.c(109): warning:  #1295-D: Deprecated declaration Global_New_Proposal - give arg types
  void Global_New_Proposal();
..\APPLICATION\tendermint2.c(110): warning:  #1295-D: Deprecated declaration Global_Propose - give arg types
  void Global_Propose();
..\APPLICATION\tendermint2.c(112): warning:  #1295-D: Deprecated declaration Global_Send_VIEW_CHANGE - give arg types
  void Global_Send_VIEW_CHANGE();
..\APPLICATION\tendermint2.c(114): warning:  #1295-D: Deprecated declaration Global_Catching_PREPREPARE - give arg types
  void Global_Catching_PREPREPARE();
..\APPLICATION\tendermint2.c(115): warning:  #1295-D: Deprecated declaration Global_Catching_PREPARE - give arg types
  void Global_Catching_PREPARE();
..\APPLICATION\tendermint2.c(116): warning:  #1295-D: Deprecated declaration Global_Catching_COMMIT - give arg types
  void Global_Catching_COMMIT();
..\APPLICATION\tendermint2.c(194): warning:  #1295-D: Deprecated declaration Go_ACK - give arg types
  void Go_ACK();
..\APPLICATION\tendermint2.c(195): warning:  #1295-D: Deprecated declaration Start_TIMER - give arg types
  void Start_TIMER();
..\APPLICATION\tendermint2.c(200): warning:  #1295-D: Deprecated declaration Send_VIEW_CHANGE - give arg types
  void Send_VIEW_CHANGE();
..\APPLICATION\tendermint2.c(202): warning:  #1295-D: Deprecated declaration Sleep_Random - give arg types
  void Sleep_Random();
..\APPLICATION\tendermint2.c(203): warning:  #1295-D: Deprecated declaration ACK_phase - give arg types
  void ACK_phase();
..\APPLICATION\tendermint2.c(204): warning:  #1295-D: Deprecated declaration Catching_PREPREPARE - give arg types
  void Catching_PREPREPARE();
..\APPLICATION\tendermint2.c(205): warning:  #1295-D: Deprecated declaration Catching_PREPARE - give arg types
  void Catching_PREPARE();
..\APPLICATION\tendermint2.c(206): warning:  #1295-D: Deprecated declaration Catching_COMMIT - give arg types
  void Catching_COMMIT();
..\APPLICATION\tendermint2.c(211): warning:  #1295-D: Deprecated declaration test_finish - give arg types
  void test_finish();
..\APPLICATION\tendermint2.c(215): warning:  #223-D: function "LoRa_Init" declared implicitly
  	while(LoRa_Init())//??始化LORA模??
..\APPLICATION\tendermint2.c(225): warning:  #223-D: function "LoRa_Set" declared implicitly
  	LoRa_Set();
..\APPLICATION\tendermint2.c(327): warning:  #223-D: function "RNG_Get_RandomRange" declared implicitly
  	if(RNG_Get_RandomRange(2,101) <= DONE_THRES){
..\APPLICATION\tendermint2.c(328): warning:  #223-D: function "usart3_rx" declared implicitly
  		usart3_rx(0);
..\APPLICATION\tendermint2.c(330): warning:  #223-D: function "usart3_rx" declared implicitly
  		usart3_rx(1);
..\APPLICATION\tendermint2.c(342): warning:  #223-D: function "LoRa_Set" declared implicitly
  	LoRa_Set();
..\APPLICATION\tendermint2.c(346): warning:  #223-D: function "btim_tim2_enable" declared implicitly
  	btim_tim2_enable(ENABLE);
..\APPLICATION\tendermint2.c(360): warning:  #223-D: function "GPIO_Pin_Set" declared implicitly
  	
ED0(1);LED1(1);LED2(1);
..\APPLICATION\tendermint2.c(362): warning:  #223-D: function "init_public_key" declared implicitly
  	init_public_key(); 
..\APPLICATION\tendermint2.c(632): warning:  #177-D: variable "tmp_ACK" was declared but never referenced
  		u8 tmp_ACK=0;
..\APPLICATION\tendermint2.c(487): warning:  #550-D: variable "my_flag" was set but never used
  	u8 my_flag=0;
..\APPLICATION\tendermint2.c(506): warning:  #550-D: variable "my_decide" was set but never used
  	u8 my_decide = 1;
..\APPLICATION\tendermint2.c(885): warning:  #223-D: function "RNG_Get_RandomRange" declared implicitly
  	u32 random = RNG_Get_RandomRange(1,N);
..\APPLICATION\tendermint2.c(900): warning:  #223-D: function "LoRa_SendData" declared implicitly
  					LoRa_SendData(Send_Data_buff);// id 0 "Hello LoRa"
..\APPLICATION\tendermint2.c(921): warning:  #223-D: function "RNG_Get_RandomNum" declared implicitly
  		seed = RNG_Get_RandomNum();
..\APPLICATION\tendermint2.c(1000): warning:  #223-D: function "LoRa_SendData" declared implicitly
  		LoRa_SendData(Send_Data_buff);// id 0 "Hello LoRa"
..\APPLICATION\tendermint2.c(1031): warning:  #223-D: function "LoRa_SendData" declared implicitly
  	LoRa_SendData(Send_Data_buff);// id 0 "Hello LoRa"1
..\APPLICATION\tendermint2.c(1058): warning:  #223-D: function "LoRa_SendData" declared implicitly
  	LoRa_SendData(Send_Data_buff);// id 0 "Hello LoRa"1
..\APPLICATION\tendermint2.c(1095): warning:  #223-D: function "LoRa_SendData" declared implicitly
  		LoRa_SendData(Send_Data_buff);// id 0 "Hello LoRa"1
..\APPLICATION\tendermint2.c(1123): warning:  #223-D: function "LoRa_SendData" declared implicitly
  	LoRa_SendData(Send_Data_buff);// id 0 "Hello LoRa"1
..\APPLICATION\tendermint2.c(1150): warning:  #223-D: function "LoRa_SendData" declared implicitly
  	LoRa_SendData(Send_Data_buff);// id 0 "Hello LoRa"1
..\APPLICATION\tendermint2.c(1171): warning:  #223-D: function "LoRa_Set" declared implicitly
  	LoRa_Set();
..\APPLICATION\tendermint2.c(1177): warning:  #223-D: function "LoRa_SendData" declared implicitly
  	LoRa_SendData(Send_Data_buff);
..\APPLICATION\tendermint2.c(1206): warning:  #223-D: function "LoRa_SendData" declared implicitly
  	LoRa_SendData(Send_Data_buff);
..\APPLICATION\tendermint2.c(1232): warning:  #223-D: function "LoRa_SendData" declared implicitly
  	LoRa_SendData(Send_Data_buff);
..\APPLICATION\tendermint2.c(1258): warning:  #223-D: function "LoRa_SendData" declared implicitly
  	LoRa_SendData(Send_Data_buff);
..\APPLICATION\tendermint2.c(1286): warning:  #223-D: function "LoRa_SendData" declared implicitly
  	LoRa_SendData(Send_Data_buff);
..\APPLICATION\tendermint2.c(1312): warning:  #223-D: function "LoRa_SendData" declared implicitly
  	LoRa_SendData(Send_Data_buff);
..\APPLICATION\tendermint2.c(1342): warning:  #223-D: function "LoRa_SendData" declared implicitly
  	LoRa_SendData(Send_Data_buff);// id 0 "Hello LoRa"1	
..\APPLICATION\tendermint2.c(1369): warning:  #223-D: function "LoRa_SendData" declared implicitly
  	LoRa_SendData(Send_Data_buff);// id 0 "Hello LoRa"1	
..\APPLICATION\tendermint2.c(1407): warning:  #223-D: function "LoRa_SendData" declared implicitly
  		LoRa_SendData(Send_Data_buff);// id 0 "Hello LoRa"1
..\APPLICATION\tendermint2.c(1452): warning:  #223-D: function "LoRa_SendData" declared implicitly
  		LoRa_SendData(Send_Data_buff);// id 0 "Hello LoRa"1
..\APPLICATION\tendermint2.c(1475): warning:  #223-D: function "LoRa_SendData" declared implicitly
  		LoRa_SendData(Send_Data_buff);// id 0 "Hello LoRa"1
..\APPLICATION\tendermint2.c(1507): warning:  #223-D: function "RNG_Get_RandomNum" declared implicitly
  		seed = RNG_Get_RandomNum();
..\APPLICATION\tendermint2.c(1505): warning:  #177-D: variable "seed_u8" was declared but never referenced
  	u8 seed_u8[4];
..\APPLICATION\tendermint2.c(1560): warning:  #223-D: function "LoRa_SendData" declared implicitly
  	LoRa_SendData(Send_Data_buff);// id 0 "Hello LoRa"1
..\APPLICATION\tendermint2.c(1588): warning:  #223-D: function "LoRa_SendData" declared implicitly
  	LoRa_SendData(Send_Data_buff);// id 0 "Hello LoRa"1
..\APPLICATION\tendermint2.c(1616): warning:  #223-D: function "LoRa_SendData" declared implicitly
  	LoRa_SendData(Send_Data_buff);// id 0 "Hello LoRa"1
..\APPLICATION\tendermint2.c(1643): warning:  #223-D: function "LoRa_SendData" declared implicitly
  	LoRa_SendData(Send_Data_buff);// id 0 "Hello LoRa"1
..\APPLICATION\tendermint2.c(1682): warning:  #223-D: function "LoRa_SendData" declared implicitly
  		LoRa_SendData(Send_Data_buff);// id 0 "Hello LoRa"1
..\APPLICATION\tendermint2.c(1710): warning:  #223-D: function "LoRa_SendData" declared implicitly
  	LoRa_SendData(Send_Data_buff);
..\APPLICATION\tendermint2.c(1736): warning:  #223-D: function "LoRa_SendData" declared implicitly
  	LoRa_SendData(Send_Data_buff);
..\APPLICATION\tendermint2.c(1762): warning:  #223-D: function "LoRa_SendData" declared implicitly
  	LoRa_SendData(Send_Data_buff);
..\APPLICATION\tendermint2.c(1790): warning:  #223-D: function "LoRa_SendData" declared implicitly
  	LoRa_SendData(Send_Data_buff);
..\APPLICATION\tendermint2.c(1815): warning:  #223-D: function "LoRa_SendData" declared implicitly
  	LoRa_SendData(Send_Data_buff);
..\APPLICATION\tendermint2.c: 67 warnings, 0 errors
linking...
Program Size: Code=62448 RO-data=1540 RW-data=4972 ZI-data=74724  
".\Objects\Multi-FreeRTOS-NCU-Tendermint2.axf" - 0 Error(s), 67 Warning(s).

<h2>Collection of Component include folders:</h2>
  G:\桌面\Multi-FreeRTOS-NCU-Tendermint2\USER\RTE
  E:\keil\ARM\PACK\Keil\STM32F7xx_DFP\2.7.0\Drivers\CMSIS\Device\ST\STM32F7xx\Include

<h2>Collection of Component Files used:</h2>
Build Time Elapsed:  00:00:10
</pre>
</body>
</html>
