<html>
<body>
<pre>
<h1>礦ision Build Log</h1>
<h2>Tool Versions:</h2>
IDE-Version: μVision V5.21.1.0
Copyright (C) 2016 ARM Ltd and ARM Germany GmbH. All rights reserved.
License Information: Liu Shuo, SDU, LIC=JL263-AYELA-UGV7Q-NKX7S-NN00S-8ZAYN
 
Tool Versions:
Toolchain:       MDK-ARM Plus  Version: 5.21a
Toolchain Path:  E:\keil\ARM\ARMCC\Bin
C Compiler:      Armcc.exe V5.06 update 3 (build 300)
Assembler:       Armasm.exe V5.06 update 3 (build 300)
Linker/Locator:  ArmLink.exe V5.06 update 3 (build 300)
Library Manager: ArmAr.exe V5.06 update 3 (build 300)
Hex Converter:   FromElf.exe V5.06 update 3 (build 300)
CPU DLL:         SARMCM3.DLL V5.21a
Dialog DLL:      DCM.DLL V1.13.8.0
Target DLL:      STLink\ST-LINKIII-KEIL_SWO.dll V2.0.18.0
Dialog DLL:      TCM.DLL V1.14.14.0
 
<h2>Project:</h2>
G:\桌面\Multi-FreeRTOS-CSMA-Tendermint2-NACK\USER\Multi-FreeRTOS-CSMA-Tendemrint2-NACK.uvprojx
Project File Date:  09/30/2023

<h2>Output:</h2>
*** Using Compiler 'V5.06 update 3 (build 300)', folder: 'E:\keil\ARM\ARMCC\Bin'
Build target 'Target 1'
compiling tendermint2.c...
..\APPLICATION\tendermint2.h(191): warning:  #1295-D: Deprecated declaration tendermint2 - give arg types
  void tendermint2();
..\APPLICATION\tendermint2.h(193): warning:  #1-D: last line of file ends without a newline
  #endif
..\APPLICATION\tendermint2.c(107): warning:  #1295-D: Deprecated declaration Send_Sig - give arg types
  void Send_Sig();
..\APPLICATION\tendermint2.c(110): warning:  #1295-D: Deprecated declaration Global_Send_Ready - give arg types
  void Global_Send_Ready();
..\APPLICATION\tendermint2.c(111): warning:  #1295-D: Deprecated declaration Global_Start - give arg types
  void Global_Start();
..\APPLICATION\tendermint2.c(112): warning:  #1295-D: Deprecated declaration Global_ACK_phase - give arg types
  void Global_ACK_phase();
..\APPLICATION\tendermint2.c(113): warning:  #1295-D: Deprecated declaration Global_Go_ACK - give arg types
  void Global_Go_ACK();
..\APPLICATION\tendermint2.c(114): warning:  #1295-D: Deprecated declaration Global_TIMER - give arg types
  void Global_TIMER();
..\APPLICATION\tendermint2.c(115): warning:  #1295-D: Deprecated declaration Global_New_Proposal - give arg types
  void Global_New_Proposal();
..\APPLICATION\tendermint2.c(116): warning:  #1295-D: Deprecated declaration Global_Propose - give arg types
  void Global_Propose();
..\APPLICATION\tendermint2.c(118): warning:  #1295-D: Deprecated declaration Global_Send_VIEW_CHANGE - give arg types
  void Global_Send_VIEW_CHANGE();
..\APPLICATION\tendermint2.c(119): warning:  #1295-D: Deprecated declaration Global_NACK_phase - give arg types
  void Global_NACK_phase();
..\APPLICATION\tendermint2.c(120): warning:  #1295-D: Deprecated declaration Global_NACK_PREPREPARE - give arg types
  void Global_NACK_PREPREPARE();
..\APPLICATION\tendermint2.c(121): warning:  #1295-D: Deprecated declaration Global_NACK_PREPARE - give arg types
  void Global_NACK_PREPARE();
..\APPLICATION\tendermint2.c(122): warning:  #1295-D: Deprecated declaration Global_NACK_COMMIT - give arg types
  void Global_NACK_COMMIT();
..\APPLICATION\tendermint2.c(183): warning:  #1295-D: Deprecated declaration NACK_phase - give arg types
  void NACK_phase();
..\APPLICATION\tendermint2.c(189): warning:  #1295-D: Deprecated declaration Send_VIEW_CHANGE - give arg types
  void Send_VIEW_CHANGE();
..\APPLICATION\tendermint2.c(191): warning:  #1295-D: Deprecated declaration Sleep_Random - give arg types
  void Sleep_Random();
..\APPLICATION\tendermint2.c(193): warning:  #1295-D: Deprecated declaration NACK_PREPREPARE - give arg types
  void NACK_PREPREPARE();
..\APPLICATION\tendermint2.c(194): warning:  #1295-D: Deprecated declaration NACK_PREPARE - give arg types
  void NACK_PREPARE();
..\APPLICATION\tendermint2.c(195): warning:  #1295-D: Deprecated declaration NACK_COMMIT - give arg types
  void NACK_COMMIT();
..\APPLICATION\tendermint2.c(200): warning:  #223-D: function "LoRa_Init" declared implicitly
  	while(LoRa_Init())//??始化LORA模??
..\APPLICATION\tendermint2.c(210): warning:  #223-D: function "LoRa_Set" declared implicitly
  	LoRa_Set();
..\APPLICATION\tendermint2.c(291): warning:  #223-D: function "RNG_Get_RandomRange" declared implicitly
  	if(RNG_Get_RandomRange(2,101) <= DONE_THRES){
..\APPLICATION\tendermint2.c(292): warning:  #223-D: function "usart3_rx" declared implicitly
  		usart3_rx(0);
..\APPLICATION\tendermint2.c(294): warning:  #223-D: function "usart3_rx" declared implicitly
  		usart3_rx(1);
..\APPLICATION\tendermint2.c(307): warning:  #223-D: function "LoRa_Set" declared implicitly
  	LoRa_Set();
..\APPLICATION\tendermint2.c(310): warning:  #223-D: function "btim_tim2_enable" declared implicitly
  	btim_tim2_enable(ENABLE);
..\APPLICATION\tendermint2.c(325): warning:  #223-D: function "GPIO_Pin_Set" declared implicitly
  	
ED0(1);LED1(1);LED2(1); 
..\APPLICATION\tendermint2.c(327): warning:  #223-D: function "init_public_key" declared implicitly
  	init_public_key();
..\APPLICATION\tendermint2.c(496): warning:  #177-D: variable "tmp_ACK" was declared but never referenced
  		u8 tmp_ACK=0;
..\APPLICATION\tendermint2.c(630): warning:  #223-D: function "RNG_Get_RandomRange" declared implicitly
  	u32 random = RNG_Get_RandomRange(1,N);
..\APPLICATION\tendermint2.c(734): warning:  #223-D: function "LoRa_SendData" declared implicitly
  					LoRa_SendData(Send_Data_buff);// id 0 "Hello LoRa"
..\APPLICATION\tendermint2.c(755): warning:  #223-D: function "RNG_Get_RandomNum" declared implicitly
  		seed = RNG_Get_RandomNum();
..\APPLICATION\tendermint2.c(834): warning:  #223-D: function "LoRa_SendData" declared implicitly
  		LoRa_SendData(Send_Data_buff);// id 0 "Hello LoRa"
..\APPLICATION\tendermint2.c(865): warning:  #223-D: function "LoRa_SendData" declared implicitly
  	LoRa_SendData(Send_Data_buff);// id 0 "Hello LoRa"1
..\APPLICATION\tendermint2.c(892): warning:  #223-D: function "LoRa_SendData" declared implicitly
  	LoRa_SendData(Send_Data_buff);// id 0 "Hello LoRa"1
..\APPLICATION\tendermint2.c(929): warning:  #223-D: function "LoRa_SendData" declared implicitly
  		LoRa_SendData(Send_Data_buff);// id 0 "Hello LoRa"1
..\APPLICATION\tendermint2.c(958): warning:  #223-D: function "LoRa_SendData" declared implicitly
  	LoRa_SendData(Send_Data_buff);// id 0 "Hello LoRa"1
..\APPLICATION\tendermint2.c(983): warning:  #223-D: function "LoRa_Set" declared implicitly
  	LoRa_Set();
..\APPLICATION\tendermint2.c(989): warning:  #223-D: function "LoRa_SendData" declared implicitly
  	LoRa_SendData(Send_Data_buff);
..\APPLICATION\tendermint2.c(1017): warning:  #223-D: function "LoRa_SendData" declared implicitly
  	LoRa_SendData(Send_Data_buff);
..\APPLICATION\tendermint2.c(1043): warning:  #223-D: function "LoRa_SendData" declared implicitly
  	LoRa_SendData(Send_Data_buff);
..\APPLICATION\tendermint2.c(1069): warning:  #223-D: function "LoRa_SendData" declared implicitly
  	LoRa_SendData(Send_Data_buff);
..\APPLICATION\tendermint2.c(1097): warning:  #223-D: function "LoRa_SendData" declared implicitly
  	LoRa_SendData(Send_Data_buff);
..\APPLICATION\tendermint2.c(1123): warning:  #223-D: function "LoRa_SendData" declared implicitly
  	LoRa_SendData(Send_Data_buff);
..\APPLICATION\tendermint2.c(1152): warning:  #223-D: function "LoRa_SendData" declared implicitly
  	LoRa_SendData(Send_Data_buff);// id 0 "Hello LoRa"1	
..\APPLICATION\tendermint2.c(1179): warning:  #223-D: function "LoRa_SendData" declared implicitly
  	LoRa_SendData(Send_Data_buff);// id 0 "Hello LoRa"1	
..\APPLICATION\tendermint2.c(1217): warning:  #223-D: function "LoRa_SendData" declared implicitly
  		LoRa_SendData(Send_Data_buff);// id 0 "Hello LoRa"1
..\APPLICATION\tendermint2.c(1262): warning:  #223-D: function "LoRa_SendData" declared implicitly
  		LoRa_SendData(Send_Data_buff);// id 0 "Hello LoRa"1
..\APPLICATION\tendermint2.c(1285): warning:  #223-D: function "LoRa_SendData" declared implicitly
  		LoRa_SendData(Send_Data_buff);// id 0 "Hello LoRa"1
..\APPLICATION\tendermint2.c(1317): warning:  #223-D: function "RNG_Get_RandomNum" declared implicitly
  		seed = RNG_Get_RandomNum();
..\APPLICATION\tendermint2.c(1315): warning:  #177-D: variable "seed_u8" was declared but never referenced
  	u8 seed_u8[4];
..\APPLICATION\tendermint2.c(1370): warning:  #223-D: function "LoRa_SendData" declared implicitly
  	LoRa_SendData(Send_Data_buff);// id 0 "Hello LoRa"1
..\APPLICATION\tendermint2.c(1398): warning:  #223-D: function "LoRa_SendData" declared implicitly
  	LoRa_SendData(Send_Data_buff);// id 0 "Hello LoRa"1
..\APPLICATION\tendermint2.c(1426): warning:  #223-D: function "LoRa_SendData" declared implicitly
  	LoRa_SendData(Send_Data_buff);// id 0 "Hello LoRa"1
..\APPLICATION\tendermint2.c(1453): warning:  #223-D: function "LoRa_SendData" declared implicitly
  	LoRa_SendData(Send_Data_buff);// id 0 "Hello LoRa"1
..\APPLICATION\tendermint2.c(1492): warning:  #223-D: function "LoRa_SendData" declared implicitly
  		LoRa_SendData(Send_Data_buff);// id 0 "Hello LoRa"1
..\APPLICATION\tendermint2.c(1520): warning:  #223-D: function "LoRa_SendData" declared implicitly
  	LoRa_SendData(Send_Data_buff);
..\APPLICATION\tendermint2.c(1546): warning:  #223-D: function "LoRa_SendData" declared implicitly
  	LoRa_SendData(Send_Data_buff);
..\APPLICATION\tendermint2.c(1572): warning:  #223-D: function "LoRa_SendData" declared implicitly
  	LoRa_SendData(Send_Data_buff);
..\APPLICATION\tendermint2.c(1600): warning:  #223-D: function "LoRa_SendData" declared implicitly
  	LoRa_SendData(Send_Data_buff);
..\APPLICATION\tendermint2.c(1625): warning:  #223-D: function "LoRa_SendData" declared implicitly
  	LoRa_SendData(Send_Data_buff);
..\APPLICATION\tendermint2.c: 63 warnings, 0 errors
linking...
Program Size: Code=61016 RO-data=1540 RW-data=4956 ZI-data=78756  
".\Objects\Multi-FreeRTOS-CSMA-Tendemrint2-NACK.axf" - 0 Error(s), 63 Warning(s).

<h2>Collection of Component include folders:</h2>
  G:\桌面\Multi-FreeRTOS-CSMA-Tendermint2-NACK\USER\RTE
  E:\keil\ARM\PACK\Keil\STM32F7xx_DFP\2.7.0\Drivers\CMSIS\Device\ST\STM32F7xx\Include

<h2>Collection of Component Files used:</h2>
Build Time Elapsed:  00:00:09
</pre>
</body>
</html>
