<html>
<body>
<pre>
<h1>礦ision Build Log</h1>
<h2>Tool Versions:</h2>
IDE-Version: μVision V5.21.1.0
Copyright (C) 2016 ARM Ltd and ARM Germany GmbH. All rights reserved.
License Information: Liu Shuo, SDU, LIC=JL263-AYELA-UGV7Q-NKX7S-NN00S-8ZAYN
 
Tool Versions:
Toolchain:       MDK-ARM Plus  Version: 5.21a
Toolchain Path:  E:\keil\ARM\ARMCC\Bin
C Compiler:      Armcc.exe V5.06 update 3 (build 300)
Assembler:       Armasm.exe V5.06 update 3 (build 300)
Linker/Locator:  ArmLink.exe V5.06 update 3 (build 300)
Library Manager: ArmAr.exe V5.06 update 3 (build 300)
Hex Converter:   FromElf.exe V5.06 update 3 (build 300)
CPU DLL:         SARMCM3.DLL V5.21a
Dialog DLL:      DCM.DLL V1.13.8.0
Target DLL:      STLink\ST-LINKIII-KEIL_SWO.dll V2.0.18.0
Dialog DLL:      TCM.DLL V1.14.14.0
 
<h2>Project:</h2>
G:\桌面\Multi-FreeRTOS-TDMA-PBFT-NACK\USER\Multi-FreeRTOS-TDMA-PBFT-NACK.uvprojx
Project File Date:  09/28/2023

<h2>Output:</h2>
*** Using Compiler 'V5.06 update 3 (build 300)', folder: 'E:\keil\ARM\ARMCC\Bin'
Build target 'Target 1'
compiling pbft_main.c...
..\APPLICATION\pbft.h(147): warning:  #1295-D: Deprecated declaration pbft - give arg types
  void pbft();
..\APPLICATION\pbft.h(152): warning:  #1-D: last line of file ends without a newline
  #endif
..\APPLICATION\pbft_main.c(82): warning:  #1295-D: Deprecated declaration Send_Sig - give arg types
  void Send_Sig();
..\APPLICATION\pbft_main.c(85): warning:  #1295-D: Deprecated declaration Global_Send_Ready - give arg types
  void Global_Send_Ready();
..\APPLICATION\pbft_main.c(86): warning:  #1295-D: Deprecated declaration Global_Start - give arg types
  void Global_Start();
..\APPLICATION\pbft_main.c(87): warning:  #1295-D: Deprecated declaration Global_ACK_phase - give arg types
  void Global_ACK_phase();
..\APPLICATION\pbft_main.c(88): warning:  #1295-D: Deprecated declaration Global_Go_ACK - give arg types
  void Global_Go_ACK();
..\APPLICATION\pbft_main.c(89): warning:  #1295-D: Deprecated declaration Global_TIMER - give arg types
  void Global_TIMER();
..\APPLICATION\pbft_main.c(90): warning:  #1295-D: Deprecated declaration Global_New_Proposal - give arg types
  void Global_New_Proposal();
..\APPLICATION\pbft_main.c(91): warning:  #1295-D: Deprecated declaration Global_Propose - give arg types
  void Global_Propose();
..\APPLICATION\pbft_main.c(92): warning:  #1295-D: Deprecated declaration Global_Send_ACK - give arg types
  void Global_Send_ACK();
..\APPLICATION\pbft_main.c(101): warning:  #223-D: function "LoRa_Set" declared implicitly
  	LoRa_Set();
..\APPLICATION\pbft_main.c(103): warning:  #1295-D: Deprecated declaration Global_NACK_phase - give arg types
  void Global_NACK_phase();
..\APPLICATION\pbft_main.c(104): warning:  #1295-D: Deprecated declaration Global_NACK_PREPARE - give arg types
  void Global_NACK_PREPARE();
..\APPLICATION\pbft_main.c(105): warning:  #1295-D: Deprecated declaration Global_NACK_COMMIT - give arg types
  void Global_NACK_COMMIT();
..\APPLICATION\pbft_main.c(106): warning:  #1295-D: Deprecated declaration Global_NACK_PREPREPARE - give arg types
  void Global_NACK_PREPREPARE();
..\APPLICATION\pbft_main.c(154): warning:  #1295-D: Deprecated declaration Start_TIMER - give arg types
  void Start_TIMER();
..\APPLICATION\pbft_main.c(159): warning:  #1295-D: Deprecated declaration NACK_PREPARE - give arg types
  void NACK_PREPARE();
..\APPLICATION\pbft_main.c(160): warning:  #1295-D: Deprecated declaration NACK_COMMIT - give arg types
  void NACK_COMMIT();
..\APPLICATION\pbft_main.c(161): warning:  #1295-D: Deprecated declaration NACK_PREPREPARE - give arg types
  void NACK_PREPREPARE();
..\APPLICATION\pbft_main.c(162): warning:  #1295-D: Deprecated declaration PREPREPARE_TIMER - give arg types
  void PREPREPARE_TIMER();
..\APPLICATION\pbft_main.c(163): warning:  #1295-D: Deprecated declaration NACK_phase - give arg types
  void NACK_phase();
..\APPLICATION\pbft_main.c(164): warning:  #1295-D: Deprecated declaration test_finish - give arg types
  void test_finish();
..\APPLICATION\pbft_main.c(167): warning:  #223-D: function "RNG_Get_RandomRange" declared implicitly
  	u32 random = RNG_Get_RandomRange(1,N);
..\APPLICATION\pbft_main.c(173): warning:  #223-D: function "LoRa_Init" declared implicitly
  	while(LoRa_Init())//??始化LORA模??
..\APPLICATION\pbft_main.c(183): warning:  #223-D: function "LoRa_Set" declared implicitly
  	LoRa_Set();
..\APPLICATION\pbft_main.c(258): warning:  #223-D: function "RNG_Get_RandomRange" declared implicitly
  	if(RNG_Get_RandomRange(2,101) <= DONE_THRES){
..\APPLICATION\pbft_main.c(259): warning:  #223-D: function "usart3_rx" declared implicitly
  		usart3_rx(0);
..\APPLICATION\pbft_main.c(261): warning:  #223-D: function "usart3_rx" declared implicitly
  		usart3_rx(1);
..\APPLICATION\pbft_main.c(267): warning:  #223-D: function "btim_tim2_enable" declared implicitly
  	btim_tim2_enable(ENABLE);
..\APPLICATION\pbft_main.c(284): warning:  #223-D: function "init_public_key" declared implicitly
  	init_public_key();
..\APPLICATION\pbft_main.c(285): warning:  #223-D: function "GPIO_Pin_Set" declared implicitly
  	
ED0(1);LED1(1);LED2(1); 
..\APPLICATION\pbft_main.c(434): warning:  #177-D: variable "tmp_ACK" was declared but never referenced
  		u8 tmp_ACK=0;
..\APPLICATION\pbft_main.c(528): warning:  #111-D: statement is unreachable
  	if(Total_time == 0)
..\APPLICATION\pbft_main.c(556): warning:  #223-D: function "LoRa_SendData" declared implicitly
  					LoRa_SendData(Send_Data_buff);// id 0 "Hello LoRa"
..\APPLICATION\pbft_main.c(577): warning:  #223-D: function "RNG_Get_RandomNum" declared implicitly
  		seed = RNG_Get_RandomNum();
..\APPLICATION\pbft_main.c(656): warning:  #223-D: function "LoRa_SendData" declared implicitly
  		LoRa_SendData(Send_Data_buff);// id 0 "Hello LoRa"
..\APPLICATION\pbft_main.c(687): warning:  #223-D: function "LoRa_SendData" declared implicitly
  	LoRa_SendData(Send_Data_buff);// id 0 "Hello LoRa"1
..\APPLICATION\pbft_main.c(714): warning:  #223-D: function "LoRa_SendData" declared implicitly
  	LoRa_SendData(Send_Data_buff);// id 0 "Hello LoRa"1
..\APPLICATION\pbft_main.c(743): warning:  #223-D: function "LoRa_Set" declared implicitly
  	LoRa_Set();
..\APPLICATION\pbft_main.c(749): warning:  #223-D: function "LoRa_SendData" declared implicitly
  	LoRa_SendData(Send_Data_buff);
..\APPLICATION\pbft_main.c(779): warning:  #223-D: function "LoRa_SendData" declared implicitly
  	LoRa_SendData(Send_Data_buff);
..\APPLICATION\pbft_main.c(805): warning:  #223-D: function "LoRa_SendData" declared implicitly
  	LoRa_SendData(Send_Data_buff);
..\APPLICATION\pbft_main.c(830): warning:  #223-D: function "LoRa_SendData" declared implicitly
  	LoRa_SendData(Send_Data_buff);
..\APPLICATION\pbft_main.c(924): warning:  #223-D: function "LoRa_SendData" declared implicitly
  	LoRa_SendData(Send_Data_buff);// id 0 "Hello LoRa"1	
..\APPLICATION\pbft_main.c(951): warning:  #223-D: function "LoRa_SendData" declared implicitly
  	LoRa_SendData(Send_Data_buff);// id 0 "Hello LoRa"1	
..\APPLICATION\pbft_main.c(989): warning:  #223-D: function "LoRa_SendData" declared implicitly
  		LoRa_SendData(Send_Data_buff);// id 0 "Hello LoRa"1
..\APPLICATION\pbft_main.c(1036): warning:  #223-D: function "LoRa_SendData" declared implicitly
  	LoRa_SendData(Send_Data_buff);// id 0 "Hello LoRa"
..\APPLICATION\pbft_main.c(1069): warning:  #223-D: function "LoRa_SendData" declared implicitly
  		LoRa_SendData(Send_Data_buff);// id 0 "Hello LoRa"1
..\APPLICATION\pbft_main.c(1092): warning:  #223-D: function "LoRa_SendData" declared implicitly
  		LoRa_SendData(Send_Data_buff);// id 0 "Hello LoRa"1
..\APPLICATION\pbft_main.c(1123): warning:  #223-D: function "RNG_Get_RandomNum" declared implicitly
  		seed = RNG_Get_RandomNum();
..\APPLICATION\pbft_main.c(1121): warning:  #177-D: variable "seed_u8" was declared but never referenced
  	u8 seed_u8[4];
..\APPLICATION\pbft_main.c(1176): warning:  #223-D: function "LoRa_SendData" declared implicitly
  	LoRa_SendData(Send_Data_buff);// id 0 "Hello LoRa"1
..\APPLICATION\pbft_main.c(1204): warning:  #223-D: function "LoRa_SendData" declared implicitly
  	LoRa_SendData(Send_Data_buff);// id 0 "Hello LoRa"1
..\APPLICATION\pbft_main.c(1232): warning:  #223-D: function "LoRa_SendData" declared implicitly
  	LoRa_SendData(Send_Data_buff);// id 0 "Hello LoRa"1
..\APPLICATION\pbft_main.c(1321): warning:  #223-D: function "LoRa_SendData" declared implicitly
  	LoRa_SendData(Send_Data_buff);
..\APPLICATION\pbft_main.c(1347): warning:  #223-D: function "LoRa_SendData" declared implicitly
  	LoRa_SendData(Send_Data_buff);
..\APPLICATION\pbft_main.c(1372): warning:  #223-D: function "LoRa_SendData" declared implicitly
  	LoRa_SendData(Send_Data_buff);
..\APPLICATION\pbft_main.c: 58 warnings, 0 errors
linking...
Program Size: Code=57788 RO-data=1540 RW-data=4936 ZI-data=71744  
".\Objects\Multi-FreeRTOS-TDMA-PBFT-NACK.axf" - 0 Error(s), 58 Warning(s).

<h2>Collection of Component include folders:</h2>
  G:\桌面\Multi-FreeRTOS-TDMA-PBFT-NACK\USER\RTE
  E:\keil\ARM\PACK\Keil\STM32F7xx_DFP\2.7.0\Drivers\CMSIS\Device\ST\STM32F7xx\Include

<h2>Collection of Component Files used:</h2>
Build Time Elapsed:  00:00:11
</pre>
</body>
</html>
