<html>
<body>
<pre>
<h1>礦ision Build Log</h1>
<h2>Tool Versions:</h2>
IDE-Version: μVision V5.21.1.0
Copyright (C) 2016 ARM Ltd and ARM Germany GmbH. All rights reserved.
License Information: Liu Shuo, SDU, LIC=JL263-AYELA-UGV7Q-NKX7S-NN00S-8ZAYN
 
Tool Versions:
Toolchain:       MDK-ARM Plus  Version: 5.21a
Toolchain Path:  E:\keil\ARM\ARMCC\Bin
C Compiler:      Armcc.exe V5.06 update 3 (build 300)
Assembler:       Armasm.exe V5.06 update 3 (build 300)
Linker/Locator:  ArmLink.exe V5.06 update 3 (build 300)
Library Manager: ArmAr.exe V5.06 update 3 (build 300)
Hex Converter:   FromElf.exe V5.06 update 3 (build 300)
CPU DLL:         SARMCM3.DLL V5.21a
Dialog DLL:      DCM.DLL V1.13.8.0
Target DLL:      STLink\ST-LINKIII-KEIL_SWO.dll V2.0.18.0
Dialog DLL:      TCM.DLL V1.14.14.0
 
<h2>Project:</h2>
G:\桌面\FreeRTOS-TDMA-HotStuff-ACK\USER\FreeRTOS-TDMA-HotStuff-ACK.uvprojx
Project File Date:  08/25/2023

<h2>Output:</h2>
*** Using Compiler 'V5.06 update 3 (build 300)', folder: 'E:\keil\ARM\ARMCC\Bin'
Build target 'Target 1'
compiling hotstuff_main.c...
..\APPLICATION\hotstuff.h(137): warning:  #1295-D: Deprecated declaration hotstuff - give arg types
  void hotstuff();
..\APPLICATION\hotstuff_main.c(125): warning:  #1295-D: Deprecated declaration Propose - give arg types
  void Propose();
..\APPLICATION\hotstuff_main.c(126): warning:  #1295-D: Deprecated declaration Go_ACK - give arg types
  void Go_ACK();
..\APPLICATION\hotstuff_main.c(127): warning:  #1295-D: Deprecated declaration Start_TIMER - give arg types
  void Start_TIMER();
..\APPLICATION\hotstuff_main.c(128): warning:  #1295-D: Deprecated declaration Sleep_Random - give arg types
  void Sleep_Random();
..\APPLICATION\hotstuff_main.c(129): warning:  #1295-D: Deprecated declaration ACK_phase - give arg types
  void ACK_phase();
..\APPLICATION\hotstuff_main.c(134): warning:  #223-D: function "LoRa_Init" declared implicitly
  	while(LoRa_Init())//??始化LORA模??
..\APPLICATION\hotstuff_main.c(145): warning:  #223-D: function "LoRa_Set" declared implicitly
  	LoRa_Set();
..\APPLICATION\hotstuff_main.c(206): warning:  #223-D: function "RNG_Get_RandomRange" declared implicitly
  	if(RNG_Get_RandomRange(2,101) <= DONE_THRES){
..\APPLICATION\hotstuff_main.c(207): warning:  #223-D: function "usart3_rx" declared implicitly
  		usart3_rx(0);
..\APPLICATION\hotstuff_main.c(209): warning:  #223-D: function "usart3_rx" declared implicitly
  		usart3_rx(1);
..\APPLICATION\hotstuff_main.c(215): warning:  #223-D: function "btim_tim2_enable" declared implicitly
  	btim_tim2_enable(ENABLE);
..\APPLICATION\hotstuff_main.c(226): warning:  #223-D: function "GPIO_Pin_Set" declared implicitly
  	
ED0(1);LED1(1);LED2(1);
..\APPLICATION\hotstuff_main.c(228): warning:  #223-D: function "init_public_key" declared implicitly
  	init_public_key();
..\APPLICATION\hotstuff_main.c(218): warning:  #177-D: variable "before_delay" was declared but never referenced
  	u16 before_delay = (id)*slot; 
..\APPLICATION\hotstuff_main.c(219): warning:  #177-D: variable "after_delay" was declared but never referenced
  	u16 after_delay = (N-id)*slot;
..\APPLICATION\hotstuff_main.c(240): warning:  #550-D: variable "Retrans_num" was set but never used
  	u8 Retrans_num;
..\APPLICATION\hotstuff_main.c(542): warning:  #223-D: function "LoRa_SendData" declared implicitly
  					LoRa_SendData(Send_Data_buff);// id 0 "Hello LoRa"
..\APPLICATION\hotstuff_main.c(564): warning:  #223-D: function "RNG_Get_RandomNum" declared implicitly
  		seed = RNG_Get_RandomNum();
..\APPLICATION\hotstuff_main.c(638): warning:  #223-D: function "LoRa_SendData" declared implicitly
  		LoRa_SendData(Send_Data_buff);// id 0 "Hello LoRa"
..\APPLICATION\hotstuff_main.c(647): warning:  #223-D: function "LoRa_Set" declared implicitly
  	LoRa_Set();
..\APPLICATION\hotstuff_main.c(653): warning:  #223-D: function "LoRa_SendData" declared implicitly
  	LoRa_SendData(Send_Data_buff);
..\APPLICATION\hotstuff_main.c(659): warning:  #223-D: function "RNG_Get_RandomRange" declared implicitly
  	u32 random = RNG_Get_RandomRange(1,N);
..\APPLICATION\hotstuff_main.c(701): warning:  #223-D: function "LoRa_SendData" declared implicitly
  		LoRa_SendData(Send_Data_buff);// id 0 "Hello LoRa"1
..\APPLICATION\hotstuff_main.c(724): warning:  #223-D: function "LoRa_SendData" declared implicitly
  		LoRa_SendData(Send_Data_buff);// id 0 "Hello LoRa"1
..\APPLICATION\hotstuff_main.c(794): warning:  #223-D: function "LoRa_SendData" declared implicitly
  	LoRa_SendData(Send_Data_buff);// id 0 "Hello LoRa"1
..\APPLICATION\hotstuff_main.c(832): warning:  #223-D: function "LoRa_SendData" declared implicitly
  		LoRa_SendData(Send_Data_buff);// id 0 "Hello LoRa"1
..\APPLICATION\hotstuff_main.c: 27 warnings, 0 errors
linking...
Program Size: Code=55120 RO-data=1540 RW-data=4048 ZI-data=67312  
".\Objects\FreeRTOS-TDMA-HotStuff-ACK.axf" - 0 Error(s), 27 Warning(s).

<h2>Collection of Component include folders:</h2>
  G:\桌面\FreeRTOS-TDMA-HotStuff-ACK\USER\RTE
  E:\keil\ARM\PACK\Keil\STM32F7xx_DFP\2.7.0\Drivers\CMSIS\Device\ST\STM32F7xx\Include

<h2>Collection of Component Files used:</h2>
Build Time Elapsed:  00:00:11
</pre>
</body>
</html>
