<html>
<body>
<pre>
<h1>礦ision Build Log</h1>
<h2>Tool Versions:</h2>
IDE-Version: μVision V5.21.1.0
Copyright (C) 2016 ARM Ltd and ARM Germany GmbH. All rights reserved.
License Information: Liu Shuo, SDU, LIC=JL263-AYELA-UGV7Q-NKX7S-NN00S-8ZAYN
 
Tool Versions:
Toolchain:       MDK-ARM Plus  Version: 5.21a
Toolchain Path:  E:\keil\ARM\ARMCC\Bin
C Compiler:      Armcc.exe V5.06 update 3 (build 300)
Assembler:       Armasm.exe V5.06 update 3 (build 300)
Linker/Locator:  ArmLink.exe V5.06 update 3 (build 300)
Library Manager: ArmAr.exe V5.06 update 3 (build 300)
Hex Converter:   FromElf.exe V5.06 update 3 (build 300)
CPU DLL:         SARMCM3.DLL V5.21a
Dialog DLL:      DCM.DLL V1.13.8.0
Target DLL:      STLink\ST-LINKIII-KEIL_SWO.dll V2.0.18.0
Dialog DLL:      TCM.DLL V1.14.14.0
 
<h2>Project:</h2>
G:\桌面\FreeRTOS-NCU-Tendermint\USER\FreeRTOS-NCU-Tendermint.uvprojx
Project File Date:  08/16/2023

<h2>Output:</h2>
*** Using Compiler 'V5.06 update 3 (build 300)', folder: 'E:\keil\ARM\ARMCC\Bin'
Build target 'Target 1'
compiling tendermint.c...
..\APPLICATION\tendermint.h(156): warning:  #1295-D: Deprecated declaration tendermint - give arg types
  void tendermint();
..\APPLICATION\tendermint.h(158): warning:  #1-D: last line of file ends without a newline
  #endif
..\APPLICATION\tendermint.c(149): warning:  #1295-D: Deprecated declaration Propose - give arg types
  void Propose();
..\APPLICATION\tendermint.c(150): warning:  #1295-D: Deprecated declaration Go_ACK - give arg types
  void Go_ACK();
..\APPLICATION\tendermint.c(151): warning:  #1295-D: Deprecated declaration Start_TIMER - give arg types
  void Start_TIMER();
..\APPLICATION\tendermint.c(152): warning:  #1295-D: Deprecated declaration Sleep_Random - give arg types
  void Sleep_Random();
..\APPLICATION\tendermint.c(153): warning:  #1295-D: Deprecated declaration ACK_phase - give arg types
  void ACK_phase();
..\APPLICATION\tendermint.c(160): warning:  #223-D: function "LoRa_Init" declared implicitly
  	while(LoRa_Init())//??始化LORA模??
..\APPLICATION\tendermint.c(171): warning:  #223-D: function "LoRa_Set" declared implicitly
  	LoRa_Set();
..\APPLICATION\tendermint.c(230): warning:  #223-D: function "RNG_Get_RandomRange" declared implicitly
  	if(RNG_Get_RandomRange(2,101) <= DONE_THRES){
..\APPLICATION\tendermint.c(231): warning:  #223-D: function "usart3_rx" declared implicitly
  		usart3_rx(0);
..\APPLICATION\tendermint.c(233): warning:  #223-D: function "usart3_rx" declared implicitly
  		usart3_rx(1);
..\APPLICATION\tendermint.c(239): warning:  #223-D: function "btim_tim2_enable" declared implicitly
  	btim_tim2_enable(ENABLE);
..\APPLICATION\tendermint.c(249): warning:  #223-D: function "GPIO_Pin_Set" declared implicitly
  	
ED0(1);LED1(1);LED2(1);
..\APPLICATION\tendermint.c(251): warning:  #223-D: function "init_public_key" declared implicitly
  	init_public_key();
..\APPLICATION\tendermint.c(242): warning:  #177-D: variable "before_delay" was declared but never referenced
  	u16 before_delay = (id)*slot; 
..\APPLICATION\tendermint.c(243): warning:  #177-D: variable "after_delay" was declared but never referenced
  	u16 after_delay = (N-id)*slot;
..\APPLICATION\tendermint.c(511): warning:  #177-D: variable "decide_flag" was declared but never referenced
  	u8 decide_flag = 1;
..\APPLICATION\tendermint.c(796): warning:  #223-D: function "LoRa_SendData" declared implicitly
  					LoRa_SendData(Send_Data_buff);// id 0 "Hello LoRa"
..\APPLICATION\tendermint.c(818): warning:  #223-D: function "RNG_Get_RandomNum" declared implicitly
  		seed = RNG_Get_RandomNum();
..\APPLICATION\tendermint.c(892): warning:  #223-D: function "LoRa_SendData" declared implicitly
  		LoRa_SendData(Send_Data_buff);// id 0 "Hello LoRa"
..\APPLICATION\tendermint.c(901): warning:  #223-D: function "LoRa_Set" declared implicitly
  	LoRa_Set();
..\APPLICATION\tendermint.c(907): warning:  #223-D: function "LoRa_SendData" declared implicitly
  	LoRa_SendData(Send_Data_buff);
..\APPLICATION\tendermint.c(913): warning:  #223-D: function "RNG_Get_RandomRange" declared implicitly
  	u32 random = RNG_Get_RandomRange(1,N);
..\APPLICATION\tendermint.c(955): warning:  #223-D: function "LoRa_SendData" declared implicitly
  		LoRa_SendData(Send_Data_buff);// id 0 "Hello LoRa"1
..\APPLICATION\tendermint.c(978): warning:  #223-D: function "LoRa_SendData" declared implicitly
  		LoRa_SendData(Send_Data_buff);// id 0 "Hello LoRa"1
..\APPLICATION\tendermint.c(1020): warning:  #223-D: function "LoRa_SendData" declared implicitly
  	LoRa_SendData(Send_Data_buff);// id 0 "Hello LoRa"1
..\APPLICATION\tendermint.c(1066): warning:  #223-D: function "LoRa_SendData" declared implicitly
  		LoRa_SendData(Send_Data_buff);// id 0 "Hello LoRa"1
..\APPLICATION\tendermint.c(1094): warning:  #223-D: function "LoRa_SendData" declared implicitly
  	LoRa_SendData(Send_Data_buff);
..\APPLICATION\tendermint.c(1123): warning:  #223-D: function "LoRa_SendData" declared implicitly
  	LoRa_SendData(Send_Data_buff);
..\APPLICATION\tendermint.c: 30 warnings, 0 errors
linking...
Program Size: Code=54852 RO-data=1540 RW-data=4056 ZI-data=65992  
".\Objects\FreeRTOS-NCU-Tendermint.axf" - 0 Error(s), 30 Warning(s).

<h2>Collection of Component include folders:</h2>
  G:\桌面\FreeRTOS-NCU-Tendermint\USER\RTE
  E:\keil\ARM\PACK\Keil\STM32F7xx_DFP\2.7.0\Drivers\CMSIS\Device\ST\STM32F7xx\Include

<h2>Collection of Component Files used:</h2>
Build Time Elapsed:  00:00:10
</pre>
</body>
</html>
